10-06 14:43:42.846  1018  1683 E LynxServoController: 	at com.qualcomm.hardware.lynx.LynxController.close(LynxController.java:178)
10-06 14:43:42.846  1018  1683 E LynxServoController: 	at com.qualcomm.ftccommon.FtcEventLoopHandler.closeServoControllers(FtcEventLoopHandler.java:463)
10-06 14:43:42.846  1018  1683 E LynxServoController: 	at com.qualcomm.ftccommon.FtcEventLoopHandler.closeHardwareMap(FtcEventLoopHandler.java:155)
10-06 14:43:42.847  1018  1683 E LynxServoController: 	at com.qualcomm.ftccommon.FtcEventLoopHandler.close(FtcEventLoopHandler.java:140)
10-06 14:43:42.847  1018  1683 E LynxServoController: 	at com.qualcomm.ftccommon.FtcEventLoop.teardown(FtcEventLoop.java:266)
10-06 14:43:42.847  1018  1683 E LynxServoController: 	at com.qualcomm.robotcore.eventloop.EventLoopManager$EventLoopRunnable$1.run(EventLoopManager.java:334)
10-06 14:43:42.847  1018  1683 E LynxServoController: 	at com.qualcomm.robotcore.util.ThreadPool.logThreadLifeCycle(ThreadPool.java:737)
10-06 14:43:42.848  1018  1683 E LynxServoController: 	at com.qualcomm.robotcore.eventloop.EventLoopManager$EventLoopRunnable.run(EventLoopManager.java:244)
10-06 14:43:42.848  1018  1683 E LynxServoController: 	at com.qualcomm.robotcore.eventloop.EventLoopManager$1.run(EventLoopManager.java:569)
10-06 14:43:42.848  1018  1683 E LynxServoController: 	at java.util.concurrent.ThreadPoolExecutor.runWorker(ThreadPoolExecutor.java:1133)
10-06 14:43:42.848  1018  1683 E LynxServoController: 	at java.util.concurrent.ThreadPoolExecutor$Worker.run(ThreadPoolExecutor.java:607)
10-06 14:43:42.848  1018  1683 E LynxServoController: 	at com.qualcomm.robotcore.util.ThreadPool$ThreadFactoryImpl$1.run(ThreadPool.java:793)
10-06 14:43:42.849  1018  1683 E LynxServoController: 	at java.lang.Thread.run(Thread.java:761)
10-06 14:43:42.849  1018  1683 E LynxServoController: unexpected exception thrown during lynx communication
10-06 14:43:42.849  1018  1683 E LynxServoController: java.lang.InterruptedException
10-06 14:43:42.850  1018  1683 E LynxServoController: 	at java.util.concurrent.locks.AbstractQueuedSynchronizer.acquireInterruptibly(AbstractQueuedSynchronizer.java:1218)
10-06 14:43:42.850  1018  1683 E LynxServoController: 	at java.util.concurrent.locks.ReentrantLock.lockInterruptibly(ReentrantLock.java:312)
10-06 14:43:42.851  1018  1683 E LynxServoController: 	at com.qualcomm.hardware.lynx.MessageKeyedLock.acquire(MessageKeyedLock.java:168)
10-06 14:43:42.851  1018  1683 E LynxServoController: 	at com.qualcomm.hardware.lynx.LynxUsbDeviceImpl.acquireNetworkTransmissionLock(LynxUsbDeviceImpl.java:809)
10-06 14:43:42.851  1018  1683 E LynxServoController: 	at com.qualcomm.hardware.lynx.LynxUsbDeviceDelegate.acquireNetworkTransmissionLock(LynxUsbDeviceDelegate.java:192)
10-06 14:43:42.851  1018  1683 E LynxServoController: 	at com.qualcomm.hardware.lynx.LynxModule.acquireNetworkTransmissionLock(LynxModule.java:1740)
10-06 14:43:42.851  1018  1683 E LynxServoController: 	at com.qualcomm.hardware.lynx.commands.LynxMessage.acquireNetworkLock(LynxMessage.java:130)
10-06 14:43:42.852  1018  1683 E LynxServoController: 	at com.qualcomm.hardware.lynx.commands.LynxRespondable.send(LynxRespondable.java:233)
10-06 14:43:42.852  1018  1683 E LynxServoController: 	at com.qualcomm.hardware.lynx.LynxServoController.internalSetPwmEnable(LynxServoController.java:218)
10-06 14:43:42.852  1018  1683 E LynxServoController: 	at com.qualcomm.hardware.lynx.LynxServoController.pwmDisable(LynxServoController.java:156)
10-06 14:43:42.853  1018  1683 E LynxServoController: 	at com.qualcomm.hardware.lynx.LynxServoController.floatHardware(LynxServoController.java:118)
10-06 14:43:42.853  1018  1683 E LynxServoController: 	at com.qualcomm.hardware.lynx.LynxController.close(LynxController.java:178)
10-06 14:43:42.853  1018  1683 E LynxServoController: 	at com.qualcomm.ftccommon.FtcEventLoopHandler.closeServoControllers(FtcEventLoopHandler.java:463)
10-06 14:43:42.854  1018  1683 E LynxServoController: 	at com.qualcomm.ftccommon.FtcEventLoopHandler.closeHardwareMap(FtcEventLoopHandler.java:155)
10-06 14:43:42.854  1018  1683 E LynxServoController: 	at com.qualcomm.ftccommon.FtcEventLoopHandler.close(FtcEventLoopHandler.java:140)
10-06 14:43:42.854  1018  1683 E LynxServoController: 	at com.qualcomm.ftccommon.FtcEventLoop.teardown(FtcEventLoop.java:266)
10-06 14:43:42.854  1018  1683 E LynxServoController: 	at com.qualcomm.robotcore.eventloop.EventLoopManager$EventLoopRunnable$1.run(EventLoopManager.java:334)
10-06 14:43:42.854  1018  1683 E LynxServoController: 	at com.qualcomm.robotcore.util.ThreadPool.logThreadLifeCycle(ThreadPool.java:737)
10-06 14:43:42.855  1018  1683 E LynxServoController: 	at com.qualcomm.robotcore.eventloop.EventLoopManager$EventLoopRunnable.run(EventLoopManager.java:244)
10-06 14:43:42.855  1018  1683 E LynxServoController: 	at com.qualcomm.robotcore.eventloop.EventLoopManager$1.run(EventLoopManager.java:569)
10-06 14:43:42.855  1018  1683 E LynxServoController: 	at java.util.concurrent.ThreadPoolExecutor.runWorker(ThreadPoolExecutor.java:1133)
10-06 14:43:42.855  1018  1683 E LynxServoController: 	at java.util.concurrent.ThreadPoolExecutor$Worker.run(ThreadPoolExecutor.java:607)
10-06 14:43:42.855  1018  1683 E LynxServoController: 	at com.qualcomm.robotcore.util.ThreadPool$ThreadFactoryImpl$1.run(ThreadPool.java:793)
10-06 14:43:42.855  1018  1683 E LynxServoController: 	at java.lang.Thread.run(Thread.java:761)
10-06 14:43:42.856  1018  1683 E LynxServoController: unexpected exception thrown during lynx communication
10-06 14:43:42.856  1018  1683 E LynxServoController: java.lang.InterruptedException
10-06 14:43:42.857  1018  1683 E LynxServoController: 	at java.util.concurrent.locks.AbstractQueuedSynchronizer.acquireInterruptibly(AbstractQueuedSynchronizer.java:1218)
10-06 14:43:42.857  1018  1683 E LynxServoController: 	at java.util.concurrent.locks.ReentrantLock.lockInterruptibly(ReentrantLock.java:312)
10-06 14:43:42.858  1018  1683 E LynxServoController: 	at com.qualcomm.hardware.lynx.MessageKeyedLock.acquire(MessageKeyedLock.java:168)
10-06 14:43:42.858  1018  1683 E LynxServoController: 	at com.qualcomm.hardware.lynx.LynxUsbDeviceImpl.acquireNetworkTransmissionLock(LynxUsbDeviceImpl.java:809)
10-06 14:43:42.858  1018  1683 E LynxServoController: 	at com.qualcomm.hardware.lynx.LynxUsbDeviceDelegate.acquireNetworkTransmissionLock(LynxUsbDeviceDelegate.java:192)
10-06 14:43:42.858  1018  1683 E LynxServoController: 	at com.qualcomm.hardware.lynx.LynxModule.acquireNetworkTransmissionLock(LynxModule.java:1740)
10-06 14:43:42.858  1018  1683 E LynxServoController: 	at com.qualcomm.hardware.lynx.commands.LynxMessage.acquireNetworkLock(LynxMessage.java:130)
10-06 14:43:42.859  1018  1683 E LynxServoController: 	at com.qualcomm.hardware.lynx.commands.LynxRespondable.send(LynxRespondable.java:233)
10-06 14:43:42.859  1018  1683 E LynxServoController: 	at com.qualcomm.hardware.lynx.LynxServoController.internalSetPwmEnable(LynxServoController.java:218)
10-06 14:43:42.859  1018  1683 E LynxServoController: 	at com.qualcomm.hardware.lynx.LynxServoController.pwmDisable(LynxServoController.java:156)
10-06 14:43:42.860  1018  1683 E LynxServoController: 	at com.qualcomm.hardware.lynx.LynxServoController.floatHardware(LynxServoController.java:118)
10-06 14:43:42.860  1018  1683 E LynxServoController: 	at com.qualcomm.hardware.lynx.LynxController.close(LynxController.java:178)
10-06 14:43:42.860  1018  1683 E LynxServoController: 	at com.qualcomm.ftccommon.FtcEventLoopHandler.closeServoControllers(FtcEventLoopHandler.java:463)
10-06 14:43:42.860  1018  1683 E LynxServoController: 	at com.qualcomm.ftccommon.FtcEventLoopHandler.closeHardwareMap(FtcEventLoopHandler.java:155)
10-06 14:43:42.861  1018  1683 E LynxServoController: 	at com.qualcomm.ftccommon.FtcEventLoopHandler.close(FtcEventLoopHandler.java:140)
10-06 14:43:42.861  1018  1683 E LynxServoController: 	at com.qualcomm.ftccommon.FtcEventLoop.teardown(FtcEventLoop.java:266)
10-06 14:43:42.861  1018  1683 E LynxServoController: 	at com.qualcomm.robotcore.eventloop.EventLoopManager$EventLoopRunnable$1.run(EventLoopManager.java:334)
10-06 14:43:42.861  1018  1683 E LynxServoController: 	at com.qualcomm.robotcore.util.ThreadPool.logThreadLifeCycle(ThreadPool.java:737)
10-06 14:43:42.861  1018  1683 E LynxServoController: 	at com.qualcomm.robotcore.eventloop.EventLoopManager$EventLoopRunnable.run(EventLoopManager.java:244)
10-06 14:43:42.862  1018  1683 E LynxServoController: 	at com.qualcomm.robotcore.eventloop.EventLoopManager$1.run(EventLoopManager.java:569)
10-06 14:43:42.862  1018  1683 E LynxServoController: 	at java.util.concurrent.ThreadPoolExecutor.runWorker(ThreadPoolExecutor.java:1133)
10-06 14:43:42.862  1018  1683 E LynxServoController: 	at java.util.concurrent.ThreadPoolExecutor$Worker.run(ThreadPoolExecutor.java:607)
10-06 14:43:42.862  1018  1683 E LynxServoController: 	at com.qualcomm.robotcore.util.ThreadPool$ThreadFactoryImpl$1.run(ThreadPool.java:793)
10-06 14:43:42.862  1018  1683 E LynxServoController: 	at java.lang.Thread.run(Thread.java:761)
10-06 14:43:42.863  1018  1683 E LynxServoController: unexpected exception thrown during lynx communication
10-06 14:43:42.863  1018  1683 E LynxServoController: java.lang.InterruptedException
10-06 14:43:42.864  1018  1683 E LynxServoController: 	at java.util.concurrent.locks.AbstractQueuedSynchronizer.acquireInterruptibly(AbstractQueuedSynchronizer.java:1218)
10-06 14:43:42.864  1018  1683 E LynxServoController: 	at java.util.concurrent.locks.ReentrantLock.lockInterruptibly(ReentrantLock.java:312)
10-06 14:43:42.865  1018  1683 E LynxServoController: 	at com.qualcomm.hardware.lynx.MessageKeyedLock.acquire(MessageKeyedLock.java:168)
10-06 14:43:42.865  1018  1683 E LynxServoController: 	at com.qualcomm.hardware.lynx.LynxUsbDeviceImpl.acquireNetworkTransmissionLock(LynxUsbDeviceImpl.java:809)
10-06 14:43:42.865  1018  1683 E LynxServoController: 	at com.qualcomm.hardware.lynx.LynxUsbDeviceDelegate.acquireNetworkTransmissionLock(LynxUsbDeviceDelegate.java:192)
10-06 14:43:42.866  1018  1683 E LynxServoController: 	at com.qualcomm.hardware.lynx.LynxModule.acquireNetworkTransmissionLock(LynxModule.java:1740)
10-06 14:43:42.866  1018  1683 E LynxServoController: 	at com.qualcomm.hardware.lynx.commands.LynxMessage.acquireNetworkLock(LynxMessage.java:130)
10-06 14:43:42.866  1018  1683 E LynxServoController: 	at com.qualcomm.hardware.lynx.commands.LynxRespondable.send(LynxRespondable.java:233)
10-06 14:43:42.867  1018  1683 E LynxServoController: 	at com.qualcomm.hardware.lynx.LynxServoController.internalSetPwmEnable(LynxServoController.java:218)
10-06 14:43:42.867  1018  1683 E LynxServoController: 	at com.qualcomm.hardware.lynx.LynxServoController.pwmDisable(LynxServoController.java:156)
10-06 14:43:42.867  1018  1683 E LynxServoController: 	at com.qualcomm.hardware.lynx.LynxServoController.floatHardware(LynxServoController.java:118)
10-06 14:43:42.867  1018  1683 E LynxServoController: 	at com.qualcomm.hardware.lynx.LynxController.close(LynxController.java:178)
10-06 14:43:42.867  1018  1683 E LynxServoController: 	at com.qualcomm.ftccommon.FtcEventLoopHandler.closeServoControllers(FtcEventLoopHandler.java:463)
10-06 14:43:42.867  1018  1683 E LynxServoController: 	at com.qualcomm.ftccommon.FtcEventLoopHandler.closeHardwareMap(FtcEventLoopHandler.java:155)
10-06 14:43:42.868  1018  1683 E LynxServoController: 	at com.qualcomm.ftccommon.FtcEventLoopHandler.close(FtcEventLoopHandler.java:140)
10-06 14:43:42.868  1018  1683 E LynxServoController: 	at com.qualcomm.ftccommon.FtcEventLoop.teardown(FtcEventLoop.java:266)
10-06 14:43:42.868  1018  1683 E LynxServoController: 	at com.qualcomm.robotcore.eventloop.EventLoopManager$EventLoopRunnable$1.run(EventLoopManager.java:334)
10-06 14:43:42.868  1018  1683 E LynxServoController: 	at com.qualcomm.robotcore.util.ThreadPool.logThreadLifeCycle(ThreadPool.java:737)
10-06 14:43:42.868  1018  1683 E LynxServoController: 	at com.qualcomm.robotcore.eventloop.EventLoopManager$EventLoopRunnable.run(EventLoopManager.java:244)
10-06 14:43:42.869  1018  1683 E LynxServoController: 	at com.qualcomm.robotcore.eventloop.EventLoopManager$1.run(EventLoopManager.java:569)
10-06 14:43:42.869  1018  1683 E LynxServoController: 	at java.util.concurrent.ThreadPoolExecutor.runWorker(ThreadPoolExecutor.java:1133)
10-06 14:43:42.869  1018  1683 E LynxServoController: 	at java.util.concurrent.ThreadPoolExecutor$Worker.run(ThreadPoolExecutor.java:607)
10-06 14:43:42.869  1018  1683 E LynxServoController: 	at com.qualcomm.robotcore.util.ThreadPool$ThreadFactoryImpl$1.run(ThreadPool.java:793)
10-06 14:43:42.870  1018  1683 E LynxServoController: 	at java.lang.Thread.run(Thread.java:761)
10-06 14:43:42.870  1018  1683 E LynxServoController: unexpected exception thrown during lynx communication
10-06 14:43:42.870  1018  1683 E LynxServoController: java.lang.InterruptedException
10-06 14:43:42.871  1018  1683 E LynxServoController: 	at java.util.concurrent.locks.AbstractQueuedSynchronizer.acquireInterruptibly(AbstractQueuedSynchronizer.java:1218)
10-06 14:43:42.871  1018  1683 E LynxServoController: 	at java.util.concurrent.locks.ReentrantLock.lockInterruptibly(ReentrantLock.java:312)
10-06 14:43:42.871  1018  1683 E LynxServoController: 	at com.qualcomm.hardware.lynx.MessageKeyedLock.acquire(MessageKeyedLock.java:168)
10-06 14:43:42.872  1018  1683 E LynxServoController: 	at com.qualcomm.hardware.lynx.LynxUsbDeviceImpl.acquireNetworkTransmissionLock(LynxUsbDeviceImpl.java:809)
10-06 14:43:42.872  1018  1683 E LynxServoController: 	at com.qualcomm.hardware.lynx.LynxUsbDeviceDelegate.acquireNetworkTransmissionLock(LynxUsbDeviceDelegate.java:192)
10-06 14:43:42.872  1018  1683 E LynxServoController: 	at com.qualcomm.hardware.lynx.LynxModule.acquireNetworkTransmissionLock(LynxModule.java:1740)
10-06 14:43:42.872  1018  1683 E LynxServoController: 	at com.qualcomm.hardware.lynx.commands.LynxMessage.acquireNetworkLock(LynxMessage.java:130)
10-06 14:43:42.873  1018  1683 E LynxServoController: 	at com.qualcomm.hardware.lynx.commands.LynxRespondable.send(LynxRespondable.java:233)
10-06 14:43:42.873  1018  1683 E LynxServoController: 	at com.qualcomm.hardware.lynx.LynxServoController.internalSetPwmEnable(LynxServoController.java:218)
10-06 14:43:42.873  1018  1683 E LynxServoController: 	at com.qualcomm.hardware.lynx.LynxServoController.pwmDisable(LynxServoController.java:156)
10-06 14:43:42.874  1018  1683 E LynxServoController: 	at com.qualcomm.hardware.lynx.LynxServoController.floatHardware(LynxServoController.java:118)
10-06 14:43:42.874  1018  1683 E LynxServoController: 	at com.qualcomm.hardware.lynx.LynxController.close(LynxController.java:178)
10-06 14:43:42.874  1018  1683 E LynxServoController: 	at com.qualcomm.ftccommon.FtcEventLoopHandler.closeServoControllers(FtcEventLoopHandler.java:463)
10-06 14:43:42.874  1018  1683 E LynxServoController: 	at com.qualcomm.ftccommon.FtcEventLoopHandler.closeHardwareMap(FtcEventLoopHandler.java:155)
10-06 14:43:42.875  1018  1683 E LynxServoController: 	at com.qualcomm.ftccommon.FtcEventLoopHandler.close(FtcEventLoopHandler.java:140)
10-06 14:43:42.875  1018  1683 E LynxServoController: 	at com.qualcomm.ftccommon.FtcEventLoop.teardown(FtcEventLoop.java:266)
10-06 14:43:42.876  1018  1683 E LynxServoController: 	at com.qualcomm.robotcore.eventloop.EventLoopManager$EventLoopRunnable$1.run(EventLoopManager.java:334)
10-06 14:43:42.876  1018  1683 E LynxServoController: 	at com.qualcomm.robotcore.util.ThreadPool.logThreadLifeCycle(ThreadPool.java:737)
10-06 14:43:42.876  1018  1683 E LynxServoController: 	at com.qualcomm.robotcore.eventloop.EventLoopManager$EventLoopRunnable.run(EventLoopManager.java:244)
10-06 14:43:42.877  1018  1683 E LynxServoController: 	at com.qualcomm.robotcore.eventloop.EventLoopManager$1.run(EventLoopManager.java:569)
10-06 14:43:42.877  1018  1683 E LynxServoController: 	at java.util.concurrent.ThreadPoolExecutor.runWorker(ThreadPoolExecutor.java:1133)
10-06 14:43:42.877  1018  1683 E LynxServoController: 	at java.util.concurrent.ThreadPoolExecutor$Worker.run(ThreadPoolExecutor.java:607)
10-06 14:43:42.877  1018  1683 E LynxServoController: 	at com.qualcomm.robotcore.util.ThreadPool$ThreadFactoryImpl$1.run(ThreadPool.java:793)
10-06 14:43:42.877  1018  1683 E LynxServoController: 	at java.lang.Thread.run(Thread.java:761)
10-06 14:43:42.878  1018  1683 E LynxServoController: unexpected exception thrown during lynx communication
10-06 14:43:42.878  1018  1683 E LynxServoController: java.lang.InterruptedException
10-06 14:43:42.878  1018  1683 E LynxServoController: 	at java.util.concurrent.locks.AbstractQueuedSynchronizer.acquireInterruptibly(AbstractQueuedSynchronizer.java:1218)
10-06 14:43:42.879  1018  1683 E LynxServoController: 	at java.util.concurrent.locks.ReentrantLock.lockInterruptibly(ReentrantLock.java:312)
10-06 14:43:42.879  1018  1683 E LynxServoController: 	at com.qualcomm.hardware.lynx.MessageKeyedLock.acquire(MessageKeyedLock.java:168)
10-06 14:43:42.879  1018  1683 E LynxServoController: 	at com.qualcomm.hardware.lynx.LynxUsbDeviceImpl.acquireNetworkTransmissionLock(LynxUsbDeviceImpl.java:809)
10-06 14:43:42.880  1018  1683 E LynxServoController: 	at com.qualcomm.hardware.lynx.LynxUsbDeviceDelegate.acquireNetworkTransmissionLock(LynxUsbDeviceDelegate.java:192)
10-06 14:43:42.880  1018  1683 E LynxServoController: 	at com.qualcomm.hardware.lynx.LynxModule.acquireNetworkTransmissionLock(LynxModule.java:1740)
10-06 14:43:42.880  1018  1683 E LynxServoController: 	at com.qualcomm.hardware.lynx.commands.LynxMessage.acquireNetworkLock(LynxMessage.java:130)
10-06 14:43:42.881  1018  1683 E LynxServoController: 	at com.qualcomm.hardware.lynx.commands.LynxRespondable.send(LynxRespondable.java:233)
10-06 14:43:42.881  1018  1683 E LynxServoController: 	at com.qualcomm.hardware.lynx.LynxServoController.internalSetPwmEnable(LynxServoController.java:218)
10-06 14:43:42.881  1018  1683 E LynxServoController: 	at com.qualcomm.hardware.lynx.LynxServoController.pwmDisable(LynxServoController.java:156)
10-06 14:43:42.881  1018  1683 E LynxServoController: 	at com.qualcomm.hardware.lynx.LynxServoController.floatHardware(LynxServoController.java:118)
10-06 14:43:42.881  1018  1683 E LynxServoController: 	at com.qualcomm.hardware.lynx.LynxController.close(LynxController.java:178)
10-06 14:43:42.882  1018  1683 E LynxServoController: 	at com.qualcomm.ftccommon.FtcEventLoopHandler.closeServoControllers(FtcEventLoopHandler.java:463)
10-06 14:43:42.882  1018  1683 E LynxServoController: 	at com.qualcomm.ftccommon.FtcEventLoopHandler.closeHardwareMap(FtcEventLoopHandler.java:155)
10-06 14:43:42.882  1018  1683 E LynxServoController: 	at com.qualcomm.ftccommon.FtcEventLoopHandler.close(FtcEventLoopHandler.java:140)
10-06 14:43:42.882  1018  1683 E LynxServoController: 	at com.qualcomm.ftccommon.FtcEventLoop.teardown(FtcEventLoop.java:266)
10-06 14:43:42.883  1018  1683 E LynxServoController: 	at com.qualcomm.robotcore.eventloop.EventLoopManager$EventLoopRunnable$1.run(EventLoopManager.java:334)
10-06 14:43:42.883  1018  1683 E LynxServoController: 	at com.qualcomm.robotcore.util.ThreadPool.logThreadLifeCycle(ThreadPool.java:737)
10-06 14:43:42.883  1018  1683 E LynxServoController: 	at com.qualcomm.robotcore.eventloop.EventLoopManager$EventLoopRunnable.run(EventLoopManager.java:244)
10-06 14:43:42.884  1018  1683 E LynxServoController: 	at com.qualcomm.robotcore.eventloop.EventLoopManager$1.run(EventLoopManager.java:569)
10-06 14:43:42.884  1018  1683 E LynxServoController: 	at java.util.concurrent.ThreadPoolExecutor.runWorker(ThreadPoolExecutor.java:1133)
10-06 14:43:42.884  1018  1683 E LynxServoController: 	at java.util.concurrent.ThreadPoolExecutor$Worker.run(ThreadPoolExecutor.java:607)
10-06 14:43:42.884  1018  1683 E LynxServoController: 	at com.qualcomm.robotcore.util.ThreadPool$ThreadFactoryImpl$1.run(ThreadPool.java:793)
10-06 14:43:42.884  1018  1683 E LynxServoController: 	at java.lang.Thread.run(Thread.java:761)
10-06 14:43:42.885  1018  1683 V LynxUsb : 0x0e8fbd81 on 0x09498e49: releasing delegate to [(embedded)]
10-06 14:43:42.885  1018  1683 E LynxUsb : unexpected exception thrown during lynx communication
10-06 14:43:42.886  1018  1683 E LynxUsb : java.lang.InterruptedException
10-06 14:43:42.887  1018  1683 E LynxUsb : 	at java.util.concurrent.locks.AbstractQueuedSynchronizer.acquireInterruptibly(AbstractQueuedSynchronizer.java:1218)
10-06 14:43:42.887  1018  1683 E LynxUsb : 	at java.util.concurrent.locks.ReentrantLock.lockInterruptibly(ReentrantLock.java:312)
10-06 14:43:42.887  1018  1683 E LynxUsb : 	at com.qualcomm.hardware.lynx.MessageKeyedLock.acquire(MessageKeyedLock.java:168)
10-06 14:43:42.887  1018  1683 E LynxUsb : 	at com.qualcomm.hardware.lynx.LynxUsbDeviceImpl.acquireNetworkTransmissionLock(LynxUsbDeviceImpl.java:809)
10-06 14:43:42.887  1018  1683 E LynxUsb : 	at com.qualcomm.hardware.lynx.LynxUsbDeviceDelegate.acquireNetworkTransmissionLock(LynxUsbDeviceDelegate.java:192)
10-06 14:43:42.888  1018  1683 E LynxUsb : 	at com.qualcomm.hardware.lynx.LynxModule.acquireNetworkTransmissionLock(LynxModule.java:1740)
10-06 14:43:42.888  1018  1683 E LynxUsb : 	at com.qualcomm.hardware.lynx.commands.LynxMessage.acquireNetworkLock(LynxMessage.java:130)
10-06 14:43:42.888  1018  1683 E LynxUsb : 	at com.qualcomm.hardware.lynx.commands.LynxRespondable.send(LynxRespondable.java:233)
10-06 14:43:42.888  1018  1683 E LynxUsb : 	at com.qualcomm.hardware.lynx.LynxModule.failSafe(LynxModule.java:1528)
10-06 14:43:42.888  1018  1683 E LynxUsb : 	at com.qualcomm.hardware.lynx.LynxUsbDeviceImpl.failSafe(LynxUsbDeviceImpl.java:430)
10-06 14:43:42.889  1018  1683 E LynxUsb : 	at com.qualcomm.hardware.lynx.LynxUsbDeviceImpl.doCloseFromArmed(LynxUsbDeviceImpl.java:400)
10-06 14:43:42.889  1018  1683 E LynxUsb : 	at org.firstinspires.ftc.robotcore.internal.hardware.usb.ArmableUsbDevice$4.run(ArmableUsbDevice.java:585)
10-06 14:43:42.889  1018  1683 E LynxUsb : 	at org.firstinspires.ftc.robotcore.internal.system.Tracer.trace(Tracer.java:161)
10-06 14:43:42.889  1018  1683 E LynxUsb : 	at org.firstinspires.ftc.robotcore.internal.hardware.usb.ArmableUsbDevice.doClose(ArmableUsbDevice.java:571)
10-06 14:43:42.890  1018  1683 E LynxUsb : 	at com.qualcomm.hardware.lynx.LynxUsbDeviceImpl.doClose(LynxUsbDeviceImpl.java:213)
10-06 14:43:42.890  1018  1683 E LynxUsb : 	at org.firstinspires.ftc.robotcore.internal.hardware.usb.ArmableUsbDevice.releaseRef(ArmableUsbDevice.java:543)
10-06 14:43:42.890  1018  1683 E LynxUsb : 	at com.qualcomm.hardware.lynx.LynxUsbDeviceDelegate.close(LynxUsbDeviceDelegate.java:89)
10-06 14:43:42.890  1018  1683 E LynxUsb : 	at com.qualcomm.ftccommon.FtcEventLoopHandler.closeAutoCloseOnTeardown(FtcEventLoopHandler.java:471)
10-06 14:43:42.891  1018  1683 E LynxUsb : 	at com.qualcomm.ftccommon.FtcEventLoopHandler.closeHardwareMap(FtcEventLoopHandler.java:159)
10-06 14:43:42.891  1018  1683 E LynxUsb : 	at com.qualcomm.ftccommon.FtcEventLoopHandler.close(FtcEventLoopHandler.java:140)
10-06 14:43:42.891  1018  1683 E LynxUsb : 	at com.qualcomm.ftccommon.FtcEventLoop.teardown(FtcEventLoop.java:266)
10-06 14:43:42.891  1018  1683 E LynxUsb : 	at com.qualcomm.robotcore.eventloop.EventLoopManager$EventLoopRunnable$1.run(EventLoopManager.java:334)
10-06 14:43:42.891  1018  1683 E LynxUsb : 	at com.qualcomm.robotcore.util.ThreadPool.logThreadLifeCycle(ThreadPool.java:737)
10-06 14:43:42.892  1018  1683 E LynxUsb : 	at com.qualcomm.robotcore.eventloop.EventLoopManager$EventLoopRunnable.run(EventLoopManager.java:244)
10-06 14:43:42.892  1018  1683 E LynxUsb : 	at com.qualcomm.robotcore.eventloop.EventLoopManager$1.run(EventLoopManager.java:569)
10-06 14:43:42.892  1018  1683 E LynxUsb : 	at java.util.concurrent.ThreadPoolExecutor.runWorker(ThreadPoolExecutor.java:1133)
10-06 14:43:42.892  1018  1683 E LynxUsb : 	at java.util.concurrent.ThreadPoolExecutor$Worker.run(ThreadPoolExecutor.java:607)
10-06 14:43:42.893  1018  1683 E LynxUsb : 	at com.qualcomm.robotcore.util.ThreadPool$ThreadFactoryImpl$1.run(ThreadPool.java:793)
10-06 14:43:42.893  1018  1683 E LynxUsb : 	at java.lang.Thread.run(Thread.java:761)
10-06 14:43:42.893  1018  1683 V LynxModule: close(#173)
10-06 14:43:42.893  1018  1683 V LynxModule: sending LynxFtdiResetControlCommand(false) wasInterrupted=true
10-06 14:43:42.895  1018  1683 V LynxUsb : disarmDevice() serial=(embedded)...
10-06 14:43:42.895  1018  1683 V LynxUsb : shutting down incoming datagrams
10-06 14:43:42.993  1018  1680 V RobotCore: thread: ...terminating 'lynx incoming datagrams'
10-06 14:43:42.997  1018  1683 V RobotUsbDeviceTTY: closing serial=(embedded) file=/dev/ttyS1
10-06 14:43:42.997  1018  1683 V SerialPortNative: [SerialPort.cpp:254] close(osfd = 113)
10-06 14:43:42.997  1018  1683 V LynxUsb : ...done disarmDevice()
10-06 14:43:42.998  1018  1683 I FtcEventLoop: ======= TEARDOWN COMPLETE =======
10-06 14:43:42.999  1018  1683 V RobotCore: thread: ...terminating 'opmode loop()'
10-06 14:43:42.999  1018  1683 V EventLoopManager: switching to idleEventLoop
10-06 14:43:42.999  1018  1147 W art     : Long monitor contention with owner opmode loop() (1683) at void com.qualcomm.robotcore.eventloop.EventLoopManager$EventLoopRunnable$1.run()(EventLoopManager.java:333) waiters=0 in org.firstinspires.ftc.robotcore.internal.network.CallbackResult com.qualcomm.robotcore.eventloop.EventLoopManager.commandEvent(com.qualcomm.robotcore.robocol.Command) for 239ms
10-06 14:43:42.999  1018  1683 I FtcEventLoopIdle: ------- idle init --------
10-06 14:43:42.999  1018  1683 V RobotCore: thread: 'opmode loop()' starting...
10-06 14:43:43.000  1018  1147 V Robocol : unable to process command CMD_RUN_OP_MODE callbacks=EventLoopManager
10-06 14:43:43.868  1018  1649 V ProgrammingModeManager: serve uri=/java/file/save
10-06 14:43:43.873  1018  1061 V OnBotJava: build request file changed: 0x00000002 /storage/emulated/0/FIRST/java/control/buildRequest.txt
10-06 14:43:43.873  1018  1687 V OnBotJava: build()...
10-06 14:43:43.874  1018  1061 V OnBotJava: build request file changed: 0x00000002 /storage/emulated/0/FIRST/java/control/buildRequest.txt
10-06 14:43:43.875  1018  1139 I ONBOTJAVA_BUILD_MONITOR: Build 1602009823866 is pending
10-06 14:43:43.886  1018  1061 I ONBOTJAVA_BUILD_MONITOR: Build 1602009823866 has successfully started
10-06 14:43:43.887  1018  1687 V OnBotJava: clean()...
10-06 14:43:43.917  1018  1687 V OnBotJava: ...clean()
10-06 14:43:43.917  1018  1687 V OnBotJava: ensureBuildDirs()...
10-06 14:43:43.929  1018  1687 V OnBotJava: ...ensureBuildDirs()
10-06 14:43:43.929  1018  1687 V OnBotJava: compileJavaFiles()...
10-06 14:43:44.820  1018  1687 V OnBotJava: ...compileJavaFiles()
10-06 14:43:44.822  1018  1687 V OnBotJava: consolidateClassFilesInJar()...
10-06 14:43:44.824  1018  1687 V OnBotJava: consolidating to /storage/emulated/0/FIRST/java/build/jars/onBotJavaJar-2020-10-06+14.43.44--966674876/OnBotJava.jar
10-06 14:43:44.901  1018  1687 V OnBotJava: ...consolidateClassFilesInJar()
10-06 14:43:44.902  1018  1687 V OnBotJava: copyInputJarFiles()...
10-06 14:43:44.906  1018  1687 V OnBotJava: ...copyInputJarFiles()
10-06 14:43:44.906  1018  1687 V OnBotJava: dexifyJarFiles()...
10-06 14:43:44.909  1018  1687 V OnBotJava: dexifying /storage/emulated/0/FIRST/java/build/jars/onBotJavaJar-2020-10-06+14.43.44--966674876/OnBotJava.jar...
10-06 14:43:44.913  1018  1687 I System.out: ignoring input files
10-06 14:43:45.111  1018  1018 E RobotCore: thread id=299 tid=1683 name="opmode loop()"
10-06 14:43:45.111  1018  1018 E RobotCore:     at java.lang.Thread.sleep(Native Method)
10-06 14:43:45.111  1018  1018 E RobotCore:     at java.lang.Thread.sleep(Thread.java:371)
10-06 14:43:45.112  1018  1018 E RobotCore:     at java.lang.Thread.sleep(Thread.java:313)
10-06 14:43:45.112  1018  1018 E RobotCore:     at com.qualcomm.robotcore.eventloop.EventLoopManager$EventLoopRunnable$1.run(EventLoopManager.java:255)
10-06 14:43:45.112  1018  1018 E RobotCore:     at com.qualcomm.robotcore.util.ThreadPool.logThreadLifeCycle(ThreadPool.java:737)
10-06 14:43:45.112  1018  1018 E RobotCore:     at com.qualcomm.robotcore.eventloop.EventLoopManager$EventLoopRunnable.run(EventLoopManager.java:244)
10-06 14:43:45.112  1018  1018 E RobotCore:     at com.qualcomm.robotcore.eventloop.EventLoopManager$1.run(EventLoopManager.java:587)
10-06 14:43:45.112  1018  1018 E RobotCore:     at java.util.concurrent.ThreadPoolExecutor.runWorker(ThreadPoolExecutor.java:1133)
10-06 14:43:45.112  1018  1018 E RobotCore:     at java.util.concurrent.ThreadPoolExecutor$Worker.run(ThreadPoolExecutor.java:607)
10-06 14:43:45.112  1018  1018 E RobotCore:     at com.qualcomm.robotcore.util.ThreadPool$ThreadFactoryImpl$1.run(ThreadPool.java:793)
10-06 14:43:45.112  1018  1018 E RobotCore:     at java.lang.Thread.run(Thread.java:761)
10-06 14:43:45.113  1018  1683 V EventLoopManager: EventLoopRunnable interrupted
10-06 14:43:45.113  1018  1683 E EventLoopManager: java.lang.InterruptedException
10-06 14:43:45.114  1018  1683 E EventLoopManager: 	at java.lang.Thread.sleep(Native Method)
10-06 14:43:45.114  1018  1683 E EventLoopManager: 	at java.lang.Thread.sleep(Thread.java:371)
10-06 14:43:45.114  1018  1683 E EventLoopManager: 	at java.lang.Thread.sleep(Thread.java:313)
10-06 14:43:45.115  1018  1683 E EventLoopManager: 	at com.qualcomm.robotcore.eventloop.EventLoopManager$EventLoopRunnable$1.run(EventLoopManager.java:255)
10-06 14:43:45.115  1018  1683 E EventLoopManager: 	at com.qualcomm.robotcore.util.ThreadPool.logThreadLifeCycle(ThreadPool.java:737)
10-06 14:43:45.115  1018  1683 E EventLoopManager: 	at com.qualcomm.robotcore.eventloop.EventLoopManager$EventLoopRunnable.run(EventLoopManager.java:244)
10-06 14:43:45.116  1018  1683 E EventLoopManager: 	at com.qualcomm.robotcore.eventloop.EventLoopManager$1.run(EventLoopManager.java:587)
10-06 14:43:45.116  1018  1683 E EventLoopManager: 	at java.util.concurrent.ThreadPoolExecutor.runWorker(ThreadPoolExecutor.java:1133)
10-06 14:43:45.116  1018  1683 E EventLoopManager: 	at java.util.concurrent.ThreadPoolExecutor$Worker.run(ThreadPoolExecutor.java:607)
10-06 14:43:45.116  1018  1683 E EventLoopManager: 	at com.qualcomm.robotcore.util.ThreadPool$ThreadFactoryImpl$1.run(ThreadPool.java:793)
10-06 14:43:45.117  1018  1683 E EventLoopManager: 	at java.lang.Thread.run(Thread.java:761)
10-06 14:43:45.117  1018  1683 V RobotCore: EventLoopManager state is STOPPED
10-06 14:43:45.117  1018  1683 V RobotCore: Robot Status: stopped
10-06 14:43:45.117  1018  1683 I FtcEventLoopIdle: ------- idle teardown ----
10-06 14:43:45.117  1018  1683 V RobotCore: thread: ...terminating 'opmode loop()'
10-06 14:43:45.118  1018  1018 V RobotCore: EventLoopManager state is STOPPED
10-06 14:43:45.124  1018  1706 V RobotCore: thread: 'RobotSetupRunnable.run()' starting...
10-06 14:43:45.125  1018  1706 V FTCService: Processing robot setup
10-06 14:43:45.125  1018  1706 V RobotCore: Robot Status: stopped, scanning for USB devices
10-06 14:43:45.155  1018  1289 V Robocol : sending CMD_NOTIFY_ROBOT_STATE(14774), attempt: 0
10-06 14:43:45.155  1018  1289 V Robocol : sending CMD_NOTIFY_ROBOT_STATE(14775), attempt: 0
10-06 14:43:45.549  1018  1687 V OnBotJava: ...dexifying /storage/emulated/0/FIRST/java/build/jars/onBotJavaJar-2020-10-06+14.43.44--966674876/OnBotJava.jar
10-06 14:43:45.552  1018  1687 V OnBotJava: ...dexifyJarFiles()
10-06 14:43:45.553  1018  1061 V RegisteredOpModes: noting that OnBotJava changed
10-06 14:43:45.554  1018  1061 V RegisteredOpModes: noting that OnBotJava changed
10-06 14:43:45.554  1018  1687 V OnBotJava: onBotJava build finished successfully
10-06 14:43:45.556  1018  1061 I ONBOTJAVA_BUILD_MONITOR: Build 1602009823866 completed with status SUCCESSFUL
10-06 14:43:45.557  1018  1061 V ONBOTJAVA_BUILD_MONITOR: Rejecting the build state transition to SUCCESSFUL, as current build state is SUCCESSFUL
10-06 14:43:45.561  1018  1687 V OnBotJava: ...build()
10-06 14:43:45.608  1018  1649 V ProgrammingModeManager: serve uri=/java/build/wait
10-06 14:43:45.615  1018  1649 V ProgrammingModeManager: serve uri=/java/build/wait
10-06 14:43:50.125  1018  1706 V FTCService: Waiting for a connection to a wifi service
10-06 14:43:50.126  1018  1706 V RobotCore: Robot Status: stopped, waiting for network to become active
10-06 14:43:50.128  1018  1706 I RobotControllerAccessPointAssistant: Wifi AP is enabled
10-06 14:43:50.128  1018  1706 V CoreRobotWebServer: Asked an already running WebServer to start
10-06 14:43:50.129  1018  1706 V RobotCore: Robot Status: stopped, starting robot
10-06 14:43:50.129  1018  1706 D FTCService: Sending user device types and preferences to driver station
10-06 14:43:50.144  1018  1706 V NetDiscover_prefremrc: sendAllPreferences()
10-06 14:43:50.144  1018  1706 V NetDiscover_prefremrc: sending RC pref name=pref_wifip2p_remote_channel_change_works value=false
10-06 14:43:50.145  1018  1706 V NetDiscover_prefremrc: sending RC pref name=pref_device_name value=ControlHub1
10-06 14:43:50.146  1018  1706 V NetDiscover_prefremrc: sending RC pref name=pref_has_speaker value=false
10-06 14:43:50.147  1018  1706 V NetDiscover_prefremrc: sending RC pref name=pref_warn_about_2_4_ghz_band value=true
10-06 14:43:50.148  1018  1706 V NetDiscover_prefremrc: sending RC pref name=pref_warn_about_outdated_firmware value=true
10-06 14:43:50.149  1018  1706 V NetDiscover_prefremrc: sending RC pref name=pref_has_independent_phone_battery value=false
10-06 14:43:50.149  1018  1706 V NetDiscover_prefremrc: sending RC pref name=pref_app_theme value=red
10-06 14:43:50.150  1018  1706 V NetDiscover_prefremrc: sending RC pref name=pref_warn_about_mismatched_app_versions value=true
10-06 14:43:50.151  1018  1706 V NetDiscover_prefremrc: sending RC pref name=pref_sound_on_off value=false
10-06 14:43:50.151  1018  1706 V Robocol : EventLoopManager.start()
10-06 14:43:50.153  1018  1706 I RobotControllerAccessPointAssistant: Wifi AP is enabled
10-06 14:43:50.153  1018  1706 V Robocol : Spoofing a Network Connection event...
10-06 14:43:50.153  1018  1706 I EventLoopManager: onNetworkConnectionEvent: CONNECTION_INFO_AVAILABLE
10-06 14:43:50.153  1018  1706 I Robocol : Received network connection event
10-06 14:43:50.154  1018  1706 I RobotControllerAccessPointAssistant: Wifi AP is enabled
10-06 14:43:50.154  1018  1706 I NetworkConnectionHandler: Handling new network connection infomation, connected: true setup needed: false
10-06 14:43:50.155  1018  1289 V Robocol : sending CMD_NOTIFY_USER_DEVICE_LIST(14831), attempt: 0
10-06 14:43:50.156  1018  1706 I RobotControllerAccessPointAssistant: Wifi AP is enabled
10-06 14:43:50.156  1018  1706 V RobotCore: EventLoopManager state is STOPPED
10-06 14:43:50.157  1018  1706 V Robocol : eventLoop=FtcEventLoop
10-06 14:43:50.157  1018  1289 V Robocol : sending CMD_ROBOT_CONTROLLER_PREFERENCE(14832), attempt: 0
10-06 14:43:50.157  1018  1706 V RobotCore: EventLoopManager state is INIT
10-06 14:43:50.158  1018  1706 V RobotCore: Robot Status: initializing, starting robot
10-06 14:43:50.158  1018  1289 V Robocol : sending CMD_ROBOT_CONTROLLER_PREFERENCE(14833), attempt: 0
10-06 14:43:50.158  1018  1706 I FtcEventLoop: ======= INIT START =======
10-06 14:43:50.158  1018  1289 V Robocol : sending CMD_ROBOT_CONTROLLER_PREFERENCE(14834), attempt: 0
10-06 14:43:50.158  1018  1706 V OpmodeRegistration: registered {DefaultOpMode} as {$Stop$Robot$}
10-06 14:43:50.159  1018  1289 V Robocol : sending CMD_ROBOT_CONTROLLER_PREFERENCE(14835), attempt: 0
10-06 14:43:50.160  1018  1289 V Robocol : sending CMD_ROBOT_CONTROLLER_PREFERENCE(14836), attempt: 0
10-06 14:43:50.161  1018  1289 V Robocol : sending CMD_ROBOT_CONTROLLER_PREFERENCE(14837), attempt: 0
10-06 14:43:50.162  1018  1289 V Robocol : sending CMD_ROBOT_CONTROLLER_PREFERENCE(14838), attempt: 0
10-06 14:43:50.163  1018  1706 V OpmodeRegistration: registered {PlayJSONTest} as {Play JSON Test}
10-06 14:43:50.163  1018  1289 V Robocol : sending CMD_ROBOT_CONTROLLER_PREFERENCE(14839), attempt: 0
10-06 14:43:50.163  1018  1706 V OpmodeRegistration: registered {TankDrive} as {Tank Drive}
10-06 14:43:50.164  1018  1706 V OpmodeRegistration: registered {RecordJSONTest} as {Record Test}
10-06 14:43:50.164  1018  1289 V Robocol : sending CMD_ROBOT_CONTROLLER_PREFERENCE(14840), attempt: 0
10-06 14:43:50.165  1018  1706 V OpmodeRegistration: registered {UltimateV1Auto} as {UltimateV1Auto}
10-06 14:43:50.178  1018  1706 V FtcEventLoop: Ensuring that the Control Hub address is set correctly
10-06 14:43:50.179  1018  1706 V RobotCore: Creating REV Robotics USB Expansion Hub Portal [(embedded)]
10-06 14:43:50.179  1018  1706 V LynxUsb : creating new [(embedded)]: 0x0dcdf390
10-06 14:43:50.182  1018  1706 V FtDeviceManager: createDeviceInfoList(): 0 USB devices
10-06 14:43:50.183  1018  1706 V SerialPortNative: [SerialPort.cpp:150] opened(/dev/ttyS1): fd=118
10-06 14:43:50.184  1018  1706 V RobotUsbDeviceTTY: opening serial=(embedded) file=/dev/ttyS1
10-06 14:43:50.184  1018  1706 V LynxUsb : armDevice() serial=(embedded)...
10-06 14:43:50.185  1018  1706 V LynxModule: resetDevice() serial=(embedded)
10-06 14:43:50.186  1018  1706 V LynxModule: resetting embedded usb device: isPresent: was=true
10-06 14:43:50.188  1018  1706 V LynxModuleResetPin: writing aspect=/sys/class/gpio/gpio87/value value=0
10-06 14:43:50.195  1018  1289 V Robocol : sending CMD_NOTIFY_ROBOT_STATE(14841), attempt: 0
10-06 14:43:50.195  1018  1289 V Robocol : sending CMD_NOTIFY_ROBOT_STATE(14842), attempt: 0
10-06 14:43:50.196  1018  1289 V Robocol : sending CMD_NOTIFY_ACTIVE_CONFIGURATION(14843), attempt: 0
10-06 14:43:50.197  1018  1289 V Robocol : sending CMD_NOTIFY_USER_DEVICE_LIST(14844), attempt: 0
10-06 14:43:50.199  1018  1289 V Robocol : sending CMD_NOTIFY_OP_MODE_LIST(14845), attempt: 0
10-06 14:43:50.264  1018  1706 V LynxModuleResetPin: writing aspect=/sys/class/gpio/gpio87/value value=1
10-06 14:43:50.542  1018  1706 V LynxUsb : ...done armDevice()
10-06 14:43:50.543  1018  1706 V LynxUsb : 0x05cf1caf on 0x0dcdf390: new delegate to [(embedded)]
10-06 14:43:50.543  1018  1711 V RobotCore: thread: 'lynx incoming datagrams' starting...
10-06 14:43:50.546  1018  1711 V LynxUsb : synchronization gained: serial=(embedded)
10-06 14:43:50.547  1018  1706 V LynxUsb : Verified that the embedded Control Hub module has the correct address
10-06 14:43:50.547  1018  1706 V LynxModule: close(#173)
10-06 14:43:50.549  1018  1706 V HardwareFactory: createHardwareMap()
10-06 14:43:50.549  1018  1706 V EmbeddedControlHubModule: clearing module
10-06 14:43:50.559  1018  1706 V ReadXMLFileHandler: embedded lynx USB device is already present
10-06 14:43:50.560  1018  1706 V RobotCore: Creating REV Robotics USB Expansion Hub Portal [(embedded)]
10-06 14:43:50.560  1018  1706 V LynxUsb : using existing [(embedded)]: 0x0dcdf390
10-06 14:43:50.561  1018  1706 V LynxUsb : 0x067ad4cb on 0x0dcdf390: new delegate to [(embedded)]
10-06 14:43:50.561  1018  1706 V RobotCore: Creating Lynx Module - mod=173 parent=true
10-06 14:43:50.563  1018  1706 V LynxUsb : addConfiguredModule() module#=173
10-06 14:43:50.563  1018  1706 V LynxModule: pingAndQueryKnownInterfaces mod=173
10-06 14:43:50.566  1018  1706 V LynxModule: mod#=173 queryInterface(DEKA)=54 commands starting at 4096
10-06 14:43:50.575  1018  1706 V LynxModule: sending LynxFtdiResetControlCommand(true) wasInterrupted=false
10-06 14:43:50.578  1018  1713 V LynxModule: received status: LynxGetModuleStatusResponse(status=0x02 alerts=0x00: Reset)
10-06 14:43:50.578  1018  1713 W HubPowerCycle: Expansion Hub 173 regained power after a complete power loss. No user Op Mode was running.
10-06 14:43:50.579  1018  1713 V LynxModule: resendCurrentPattern()
10-06 14:43:50.579  1018  1713 V LynxModule: sendLEDPatternSteps(): #steps=0
10-06 14:43:50.579  1018  1706 V LynxModule: sendLEDPatternSteps(): #steps=1
10-06 14:43:50.585  1018  1706 V LynxModule: setAsControlHubEmbeddedModule(mod=173)
10-06 14:43:50.585  1018  1706 V LynxMotor: initializeHardware() mod#=173
10-06 14:43:50.610  1018  1706 V RobotCore: DcMotorImpl(type=RevRobotics20HDHexMotor)
10-06 14:43:50.617  1018  1706 V RobotCore: DcMotorImpl(type=RevRobotics20HDHexMotor)
10-06 14:43:50.625  1018  1706 V LynxServoController: initializeHardware() mod#=173
10-06 14:43:50.640  1018  1706 V LynxVoltageSensor: initializeHardware() mod#=173
10-06 14:43:50.641  1018  1706 V LynxAnalogInputController: initializeHardware() mod#=173
10-06 14:43:50.641  1018  1706 V LynxDigitalChannelController: initializeHardware() mod#=173
10-06 14:43:50.651  1018  1706 V RobotCore: Creating user sensor REV Expansion Hub IMU - on Lynx module=173 bus=0
10-06 14:43:50.651  1018  1706 V RobotCore: Creating I2cDeviceSynch (Lynx) - mod=173 bus=0
10-06 14:43:50.651  1018  1706 I RobotCore: LynxFirmwareVersionManager: LynxI2cDeviceSynchV2
10-06 14:43:50.652  1018  1706 V LynxI2cDeviceSynch: initializeHardware() mod#=173
10-06 14:43:50.653  1018  1706 V RobotCore: Creating Webcam [B94FADE0]
10-06 14:43:50.656  1018  1706 I RobotCore: ========= Device Information ===================================================
10-06 14:43:50.656  1018  1706 I RobotCore: Type                                               Name                           Connection
10-06 14:43:50.656  1018  1706 I RobotCore: Expansion Hub DC Motor Controller                  Expansion Hub 2                USB (embedded); module 173
10-06 14:43:50.657  1018  1706 I RobotCore: Expansion Hub Servo Controller                     Expansion Hub 2                USB (embedded); module 173
10-06 14:43:50.657  1018  1706 I RobotCore: Expansion Hub Voltage Sensor                       Expansion Hub 2                USB (embedded); module 173
10-06 14:43:50.657  1018  1706 I RobotCore: Expansion Hub Analog Input Controller              Expansion Hub 2                USB (embedded); module 173
10-06 14:43:50.657  1018  1706 I RobotCore: Expansion Hub Digital Channel Controller           Expansion Hub 2                USB (embedded); module 173
10-06 14:43:50.660  1018  1706 I RobotCore: Expansion Hub (HW: 20, Maj: 1, Min: 8, Eng: 2)     Expansion Hub 2                USB (embedded); module 173
10-06 14:43:50.661  1018  1706 I RobotCore: REV Expansion Hub IMU                              imu                            USB (embedded); module 173; bus 0; addr7=0x00
10-06 14:43:50.661  1018  1706 I RobotCore: Motor                                              leftMotor                      USB (embedded); module 173; port 0
10-06 14:43:50.666  1018  1706 I RobotCore: Logitech HD Pro Webcam C310                        Webcam 1                       USB (B94FADE0)
10-06 14:43:50.666  1018  1706 I RobotCore: Motor                                              rightMotor                     USB (embedded); module 173; port 1
10-06 14:43:50.667  1018  1706 I RobotCore: REV Robotics USB Expansion Hub Portal              Control Hub Portal             USB (embedded)
10-06 14:43:50.673  1018  1706 V LynxUsb : 0x05cf1caf on 0x0dcdf390: releasing delegate to [(embedded)]
10-06 14:43:50.673  1018  1706 I FtcEventLoop: ======= INIT FINISH =======
10-06 14:43:50.673  1018  1706 V RobotCore: EventLoopManager state is RUNNING
10-06 14:43:50.674  1018  1706 V RobotCore: Robot Status: running, starting robot
10-06 14:43:50.674  1018  1706 V RobotCore: Robot Status: running
10-06 14:43:50.675  1018  1289 V Robocol : sending CMD_NOTIFY_ROBOT_STATE(14866), attempt: 0
10-06 14:43:50.677  1018  1714 V RobotCore: thread: 'opmode loop()' starting...
10-06 14:43:50.677  1018  1706 V RobotCore: thread: ...terminating 'RobotSetupRunnable.run()'
10-06 14:43:50.679  1018  1155 D SoundPlayer: playing volume=0.000000 samp=1|ms=4506
10-06 14:43:50.683  1018  1714 V OnBotJavaDeterminer: isOnBotJava: class=DefaultOpMode loader=PathClassLoader: false
10-06 14:43:50.683  1018  1714 V OnBotJavaDeterminer: isOnBotJava: class=PlayJSONTest loader=OnBotJavaClassLoader: true
10-06 14:43:50.683  1018  1714 V OpmodeRegistration: unregistered {Play JSON Test}
10-06 14:43:50.683  1018  1714 V OnBotJavaDeterminer: isOnBotJava: class=TankDrive loader=OnBotJavaClassLoader: true
10-06 14:43:50.684  1018  1714 V OpmodeRegistration: unregistered {Tank Drive}
10-06 14:43:50.684  1018  1714 V OnBotJavaDeterminer: isOnBotJava: class=RecordJSONTest loader=OnBotJavaClassLoader: true
10-06 14:43:50.684  1018  1714 V OpmodeRegistration: unregistered {Record Test}
10-06 14:43:50.684  1018  1714 V OnBotJavaDeterminer: isOnBotJava: class=UltimateV1Auto loader=OnBotJavaClassLoader: true
10-06 14:43:50.684  1018  1714 V OpmodeRegistration: unregistered {UltimateV1Auto}
10-06 14:43:50.687  1018  1714 V OnBotJava:ClassLoader: opening DexFile /storage/emulated/0/FIRST/java/build/jars/onBotJavaJar-2020-10-06+14.43.44--966674876/OnBotJava.jar
10-06 14:43:50.716  1018  1289 V Robocol : sending CMD_SHOW_TOAST(14868), attempt: 0
10-06 14:43:50.717  1018  1289 V Robocol : sending CMD_PLAY_SOUND(14869), attempt: 0
10-06 14:43:50.769  1715  1715 I dex2oat : /system/bin/dex2oat --dex-file=/storage/emulated/0/FIRST/java/build/jars/onBotJavaJar-2020-10-06+14.43.44--966674876/OnBotJava.jar --oat-fd=119 --oat-location=/data/user/0/com.qualcomm.ftcrobotcontroller/code_cache/@storage@emulated@0@FIRST@java@build@jars@onBotJavaJar-2020-10-06+14.43.44--966674876@OnBotJava.jar@classes.dex --compiler-filter=speed
10-06 14:43:50.850  1715  1715 I dex2oat : dex2oat took 82.496ms (threads: 4) arena alloc=1110KB (1137440B) java alloc=63KB (65264B) native alloc=485KB (497392B) free=2MB (2124048B)
10-06 14:43:50.855  1018  1714 I OnBotJavaHelperImpl: /storage/emulated/0/FIRST/java/build/jars/onBotJavaJar-2020-10-06+14.43.44--966674876/OnBotJava.jar: Autonomous.Location
10-06 14:43:50.855  1018  1714 I OnBotJavaHelperImpl: /storage/emulated/0/FIRST/java/build/jars/onBotJavaJar-2020-10-06+14.43.44--966674876/OnBotJava.jar: Autonomous.OpModes.PlayJSONTest
10-06 14:43:50.855  1018  1714 I OnBotJavaHelperImpl: /storage/emulated/0/FIRST/java/build/jars/onBotJavaJar-2020-10-06+14.43.44--966674876/OnBotJava.jar: Autonomous.OpModes.RecordJSONTest
10-06 14:43:50.855  1018  1714 I OnBotJavaHelperImpl: /storage/emulated/0/FIRST/java/build/jars/onBotJavaJar-2020-10-06+14.43.44--966674876/OnBotJava.jar: Autonomous.OpModes.UltimateV1Auto
10-06 14:43:50.855  1018  1714 I OnBotJavaHelperImpl: /storage/emulated/0/FIRST/java/build/jars/onBotJavaJar-2020-10-06+14.43.44--966674876/OnBotJava.jar: Autonomous.Rectangle
10-06 14:43:50.855  1018  1714 I OnBotJavaHelperImpl: /storage/emulated/0/FIRST/java/build/jars/onBotJavaJar-2020-10-06+14.43.44--966674876/OnBotJava.jar: Autonomous.Shape
10-06 14:43:50.855  1018  1714 I OnBotJavaHelperImpl: /storage/emulated/0/FIRST/java/build/jars/onBotJavaJar-2020-10-06+14.43.44--966674876/OnBotJava.jar: Autonomous.VisionHelperSkyStone$1
10-06 14:43:50.855  1018  1714 I OnBotJavaHelperImpl: /storage/emulated/0/FIRST/java/build/jars/onBotJavaJar-2020-10-06+14.43.44--966674876/OnBotJava.jar: Autonomous.VisionHelperSkyStone
10-06 14:43:50.855  1018  1714 I OnBotJavaHelperImpl: /storage/emulated/0/FIRST/java/build/jars/onBotJavaJar-2020-10-06+14.43.44--966674876/OnBotJava.jar: Autonomous.VuforiaHelper
10-06 14:43:50.856  1018  1714 I OnBotJavaHelperImpl: /storage/emulated/0/FIRST/java/build/jars/onBotJavaJar-2020-10-06+14.43.44--966674876/OnBotJava.jar: UserControlled.JoystickHandler
10-06 14:43:50.856  1018  1714 I OnBotJavaHelperImpl: /storage/emulated/0/FIRST/java/build/jars/onBotJavaJar-2020-10-06+14.43.44--966674876/OnBotJava.jar: UserControlled.TankDrive
10-06 14:43:50.858  1018  1714 V OnBotJava:ClassLoader: opening DexFile /storage/emulated/0/FIRST/java/build/jars/onBotJavaJar-2020-10-06+14.43.44--966674876/OnBotJava.jar
10-06 14:43:50.862  1018  1714 V OnBotJava:ClassLoader: From /storage/emulated/0/FIRST/java/build/jars/onBotJavaJar-2020-10-06+14.43.44--966674876/OnBotJava.jar loaded: UserControlled.JoystickHandler
10-06 14:43:50.863  1018  1714 V OnBotJava:ClassLoader: From /storage/emulated/0/FIRST/java/build/jars/onBotJavaJar-2020-10-06+14.43.44--966674876/OnBotJava.jar loaded: Autonomous.VisionHelperSkyStone
10-06 14:43:50.864  1018  1714 V OnBotJava:ClassLoader: From /storage/emulated/0/FIRST/java/build/jars/onBotJavaJar-2020-10-06+14.43.44--966674876/OnBotJava.jar loaded: Autonomous.OpModes.PlayJSONTest
10-06 14:43:50.864  1018  1714 V OnBotJava:ClassLoader: From /storage/emulated/0/FIRST/java/build/jars/onBotJavaJar-2020-10-06+14.43.44--966674876/OnBotJava.jar loaded: Autonomous.Location
10-06 14:43:50.864  1018  1714 V OnBotJava:ClassLoader: From /storage/emulated/0/FIRST/java/build/jars/onBotJavaJar-2020-10-06+14.43.44--966674876/OnBotJava.jar loaded: Autonomous.Shape
10-06 14:43:50.865  1018  1714 V OnBotJava:ClassLoader: From /storage/emulated/0/FIRST/java/build/jars/onBotJavaJar-2020-10-06+14.43.44--966674876/OnBotJava.jar loaded: Autonomous.OpModes.RecordJSONTest
10-06 14:43:50.865  1018  1714 V OnBotJava:ClassLoader: From /storage/emulated/0/FIRST/java/build/jars/onBotJavaJar-2020-10-06+14.43.44--966674876/OnBotJava.jar loaded: Autonomous.VisionHelperSkyStone$1
10-06 14:43:50.865  1018  1714 V OnBotJava:ClassLoader: From /storage/emulated/0/FIRST/java/build/jars/onBotJavaJar-2020-10-06+14.43.44--966674876/OnBotJava.jar loaded: Autonomous.VuforiaHelper
10-06 14:43:50.866  1018  1714 V OnBotJava:ClassLoader: From /storage/emulated/0/FIRST/java/build/jars/onBotJavaJar-2020-10-06+14.43.44--966674876/OnBotJava.jar loaded: Autonomous.OpModes.UltimateV1Auto
10-06 14:43:50.866  1018  1714 V OnBotJava:ClassLoader: From /storage/emulated/0/FIRST/java/build/jars/onBotJavaJar-2020-10-06+14.43.44--966674876/OnBotJava.jar loaded: UserControlled.TankDrive
