10-06 14:40:31.912  1018  1625 E LynxUsb : 	at com.qualcomm.ftccommon.FtcEventLoopHandler.close(FtcEventLoopHandler.java:140)
10-06 14:40:31.912  1018  1625 E LynxUsb : 	at com.qualcomm.ftccommon.FtcEventLoop.teardown(FtcEventLoop.java:266)
10-06 14:40:31.912  1018  1625 E LynxUsb : 	at com.qualcomm.robotcore.eventloop.EventLoopManager$EventLoopRunnable$1.run(EventLoopManager.java:334)
10-06 14:40:31.913  1018  1625 E LynxUsb : 	at com.qualcomm.robotcore.util.ThreadPool.logThreadLifeCycle(ThreadPool.java:737)
10-06 14:40:31.913  1018  1625 E LynxUsb : 	at com.qualcomm.robotcore.eventloop.EventLoopManager$EventLoopRunnable.run(EventLoopManager.java:244)
10-06 14:40:31.914  1018  1625 E LynxUsb : 	at com.qualcomm.robotcore.eventloop.EventLoopManager$1.run(EventLoopManager.java:569)
10-06 14:40:31.914  1018  1625 E LynxUsb : 	at java.util.concurrent.ThreadPoolExecutor.runWorker(ThreadPoolExecutor.java:1133)
10-06 14:40:31.914  1018  1625 E LynxUsb : 	at java.util.concurrent.ThreadPoolExecutor$Worker.run(ThreadPoolExecutor.java:607)
10-06 14:40:31.915  1018  1625 E LynxUsb : 	at com.qualcomm.robotcore.util.ThreadPool$ThreadFactoryImpl$1.run(ThreadPool.java:793)
10-06 14:40:31.915  1018  1625 E LynxUsb : 	at java.lang.Thread.run(Thread.java:761)
10-06 14:40:31.916  1018  1625 V LynxModule: close(#173)
10-06 14:40:31.916  1018  1625 V LynxModule: sending LynxFtdiResetControlCommand(false) wasInterrupted=true
10-06 14:40:31.919  1018  1625 V LynxUsb : disarmDevice() serial=(embedded)...
10-06 14:40:31.919  1018  1625 V LynxUsb : shutting down incoming datagrams
10-06 14:40:32.016  1018  1622 V RobotCore: thread: ...terminating 'lynx incoming datagrams'
10-06 14:40:32.020  1018  1625 V RobotUsbDeviceTTY: closing serial=(embedded) file=/dev/ttyS1
10-06 14:40:32.020  1018  1625 V SerialPortNative: [SerialPort.cpp:254] close(osfd = 115)
10-06 14:40:32.021  1018  1625 V LynxUsb : ...done disarmDevice()
10-06 14:40:32.022  1018  1625 I FtcEventLoop: ======= TEARDOWN COMPLETE =======
10-06 14:40:32.022  1018  1625 V RobotCore: thread: ...terminating 'opmode loop()'
10-06 14:40:32.022  1018  1625 V EventLoopManager: switching to idleEventLoop
10-06 14:40:32.024  1018  1147 V FtcEventLoopHandler: sendTelemetry() with null EventLoopManager; ignored
10-06 14:40:32.275  1018  1147 E RobotCore: timeout: abandoning waiting 250ms for response: cmd=LynxGetADCCommand mod=173 msg#=0
10-06 14:40:32.276  1018  1147 E RobotCore: Marking module #173 as unresponsive until we receive some data back
10-06 14:40:32.277  1018  1147 F Assert  : assertion failed: 0x09108274 on 0x05af2ce5: closed
10-06 14:40:32.278  1018  1147 E Assert  : java.lang.RuntimeException: assertion failed: 0x09108274 on 0x05af2ce5: closed
10-06 14:40:32.280  1018  1147 E Assert  : 	at org.firstinspires.ftc.robotcore.internal.system.Assert.assertFailed(Assert.java:140)
10-06 14:40:32.281  1018  1147 E Assert  : 	at org.firstinspires.ftc.robotcore.internal.system.Assert.assertTrue(Assert.java:94)
10-06 14:40:32.281  1018  1147 E Assert  : 	at com.qualcomm.hardware.lynx.LynxUsbDeviceDelegate.assertOpen(LynxUsbDeviceDelegate.java:102)
10-06 14:40:32.282  1018  1147 E Assert  : 	at com.qualcomm.hardware.lynx.LynxUsbDeviceDelegate.getSerialNumber(LynxUsbDeviceDelegate.java:267)
10-06 14:40:32.283  1018  1147 E Assert  : 	at com.qualcomm.hardware.lynx.LynxModule.getSerialNumber(LynxModule.java:658)
10-06 14:40:32.284  1018  1147 E Assert  : 	at com.qualcomm.hardware.lynx.LynxController$PretendLynxModule.getSerialNumber(LynxController.java:440)
10-06 14:40:32.284  1018  1147 E Assert  : 	at com.qualcomm.hardware.lynx.LynxNackException.<init>(LynxNackException.java:58)
10-06 14:40:32.285  1018  1147 E Assert  : 	at com.qualcomm.hardware.lynx.commands.LynxRespondable.responseOrThrow(LynxRespondable.java:321)
10-06 14:40:32.287  1018  1147 E Assert  : 	at com.qualcomm.hardware.lynx.commands.LynxRespondable.sendReceive(LynxRespondable.java:260)
10-06 14:40:32.287  1018  1147 E Assert  : 	at com.qualcomm.hardware.lynx.LynxVoltageSensor.getVoltage(LynxVoltageSensor.java:81)
10-06 14:40:32.288  1018  1147 E Assert  : 	at com.qualcomm.ftccommon.FtcEventLoopHandler.buildRobotBatteryMsg(FtcEventLoopHandler.java:411)
10-06 14:40:32.289  1018  1147 E Assert  : 	at com.qualcomm.ftccommon.FtcEventLoopHandler.sendBatteryInfo(FtcEventLoopHandler.java:383)
10-06 14:40:32.290  1018  1147 E Assert  : 	at com.qualcomm.ftccommon.FtcEventLoop.processCommand(FtcEventLoop.java:279)
10-06 14:40:32.291  1018  1147 E Assert  : 	at com.qualcomm.robotcore.eventloop.EventLoopManager.commandEvent(EventLoopManager.java:775)
10-06 14:40:32.292  1018  1147 E Assert  : 	at org.firstinspires.ftc.robotcore.internal.network.NetworkConnectionHandler$RecvLoopCallbackChainer.commandEvent(NetworkConnectionHandler.java:745)
10-06 14:40:32.292  1018  1147 E Assert  : 	at org.firstinspires.ftc.robotcore.internal.network.RecvLoopRunnable$CommandProcessor.run(RecvLoopRunnable.java:107)
10-06 14:40:32.293  1018  1147 E Assert  : 	at java.util.concurrent.ThreadPoolExecutor.runWorker(ThreadPoolExecutor.java:1133)
10-06 14:40:32.294  1018  1147 E Assert  : 	at java.util.concurrent.ThreadPoolExecutor$Worker.run(ThreadPoolExecutor.java:607)
10-06 14:40:32.295  1018  1147 E Assert  : 	at com.qualcomm.robotcore.util.ThreadPool$ThreadFactoryImpl$1.run(ThreadPool.java:793)
10-06 14:40:32.296  1018  1147 E Assert  : 	at java.lang.Thread.run(Thread.java:761)
10-06 14:40:32.297  1018  1147 V FtcEventLoopHandler: sendTelemetry() with null EventLoopManager; ignored
10-06 14:40:32.298  1018  1625 I FtcEventLoopIdle: ------- idle init --------
10-06 14:40:32.298  1018  1147 E Robocol : command processing took 0.538 s: command=CMD_RUN_OP_MODE
10-06 14:40:32.298  1018  1625 V RobotCore: thread: 'opmode loop()' starting...
10-06 14:40:34.118  1018  1018 E RobotCore: thread id=274 tid=1625 name="opmode loop()"
10-06 14:40:34.119  1018  1018 E RobotCore:     at java.lang.Thread.sleep(Native Method)
10-06 14:40:34.119  1018  1018 E RobotCore:     at java.lang.Thread.sleep(Thread.java:371)
10-06 14:40:34.119  1018  1018 E RobotCore:     at java.lang.Thread.sleep(Thread.java:313)
10-06 14:40:34.120  1018  1018 E RobotCore:     at com.qualcomm.robotcore.eventloop.EventLoopManager$EventLoopRunnable$1.run(EventLoopManager.java:255)
10-06 14:40:34.120  1018  1018 E RobotCore:     at com.qualcomm.robotcore.util.ThreadPool.logThreadLifeCycle(ThreadPool.java:737)
10-06 14:40:34.120  1018  1018 E RobotCore:     at com.qualcomm.robotcore.eventloop.EventLoopManager$EventLoopRunnable.run(EventLoopManager.java:244)
10-06 14:40:34.120  1018  1018 E RobotCore:     at com.qualcomm.robotcore.eventloop.EventLoopManager$1.run(EventLoopManager.java:587)
10-06 14:40:34.120  1018  1018 E RobotCore:     at java.util.concurrent.ThreadPoolExecutor.runWorker(ThreadPoolExecutor.java:1133)
10-06 14:40:34.120  1018  1018 E RobotCore:     at java.util.concurrent.ThreadPoolExecutor$Worker.run(ThreadPoolExecutor.java:607)
10-06 14:40:34.121  1018  1018 E RobotCore:     at com.qualcomm.robotcore.util.ThreadPool$ThreadFactoryImpl$1.run(ThreadPool.java:793)
10-06 14:40:34.121  1018  1018 E RobotCore:     at java.lang.Thread.run(Thread.java:761)
10-06 14:40:34.122  1018  1625 V EventLoopManager: EventLoopRunnable interrupted
10-06 14:40:34.123  1018  1625 E EventLoopManager: java.lang.InterruptedException
10-06 14:40:34.124  1018  1625 E EventLoopManager: 	at java.lang.Thread.sleep(Native Method)
10-06 14:40:34.125  1018  1625 E EventLoopManager: 	at java.lang.Thread.sleep(Thread.java:371)
10-06 14:40:34.125  1018  1625 E EventLoopManager: 	at java.lang.Thread.sleep(Thread.java:313)
10-06 14:40:34.126  1018  1625 E EventLoopManager: 	at com.qualcomm.robotcore.eventloop.EventLoopManager$EventLoopRunnable$1.run(EventLoopManager.java:255)
10-06 14:40:34.127  1018  1625 E EventLoopManager: 	at com.qualcomm.robotcore.util.ThreadPool.logThreadLifeCycle(ThreadPool.java:737)
10-06 14:40:34.128  1018  1625 E EventLoopManager: 	at com.qualcomm.robotcore.eventloop.EventLoopManager$EventLoopRunnable.run(EventLoopManager.java:244)
10-06 14:40:34.129  1018  1625 E EventLoopManager: 	at com.qualcomm.robotcore.eventloop.EventLoopManager$1.run(EventLoopManager.java:587)
10-06 14:40:34.129  1018  1625 E EventLoopManager: 	at java.util.concurrent.ThreadPoolExecutor.runWorker(ThreadPoolExecutor.java:1133)
10-06 14:40:34.130  1018  1625 E EventLoopManager: 	at java.util.concurrent.ThreadPoolExecutor$Worker.run(ThreadPoolExecutor.java:607)
10-06 14:40:34.131  1018  1625 E EventLoopManager: 	at com.qualcomm.robotcore.util.ThreadPool$ThreadFactoryImpl$1.run(ThreadPool.java:793)
10-06 14:40:34.131  1018  1625 E EventLoopManager: 	at java.lang.Thread.run(Thread.java:761)
10-06 14:40:34.131  1018  1625 V RobotCore: EventLoopManager state is STOPPED
10-06 14:40:34.132  1018  1625 V RobotCore: Robot Status: stopped
10-06 14:40:34.132  1018  1625 I FtcEventLoopIdle: ------- idle teardown ----
10-06 14:40:34.132  1018  1625 V RobotCore: thread: ...terminating 'opmode loop()'
10-06 14:40:34.133  1018  1018 V RobotCore: EventLoopManager state is STOPPED
10-06 14:40:34.145  1018  1527 V RobotCore: thread: 'RobotSetupRunnable.run()' starting...
10-06 14:40:34.145  1018  1527 V FTCService: Processing robot setup
10-06 14:40:34.146  1018  1527 V RobotCore: Robot Status: stopped, scanning for USB devices
10-06 14:40:34.155  1018  1289 V Robocol : sending CMD_NOTIFY_ROBOT_STATE(12100), attempt: 0
10-06 14:40:34.156  1018  1289 V Robocol : sending CMD_NOTIFY_ROBOT_STATE(12101), attempt: 0
10-06 14:40:34.486  1018  1471 V ProgrammingModeManager: serve uri=/java/file/tree
10-06 14:40:39.146  1018  1527 V FTCService: Waiting for a connection to a wifi service
10-06 14:40:39.147  1018  1527 V RobotCore: Robot Status: stopped, waiting for network to become active
10-06 14:40:39.150  1018  1527 I RobotControllerAccessPointAssistant: Wifi AP is enabled
10-06 14:40:39.151  1018  1527 V CoreRobotWebServer: Asked an already running WebServer to start
10-06 14:40:39.151  1018  1527 V RobotCore: Robot Status: stopped, starting robot
10-06 14:40:39.151  1018  1527 D FTCService: Sending user device types and preferences to driver station
10-06 14:40:39.170  1018  1527 V NetDiscover_prefremrc: sendAllPreferences()
10-06 14:40:39.171  1018  1527 V NetDiscover_prefremrc: sending RC pref name=pref_wifip2p_remote_channel_change_works value=false
10-06 14:40:39.172  1018  1527 V NetDiscover_prefremrc: sending RC pref name=pref_device_name value=ControlHub1
10-06 14:40:39.173  1018  1527 V NetDiscover_prefremrc: sending RC pref name=pref_has_speaker value=false
10-06 14:40:39.174  1018  1527 V NetDiscover_prefremrc: sending RC pref name=pref_warn_about_2_4_ghz_band value=true
10-06 14:40:39.175  1018  1527 V NetDiscover_prefremrc: sending RC pref name=pref_warn_about_outdated_firmware value=true
10-06 14:40:39.177  1018  1527 V NetDiscover_prefremrc: sending RC pref name=pref_has_independent_phone_battery value=false
10-06 14:40:39.178  1018  1527 V NetDiscover_prefremrc: sending RC pref name=pref_app_theme value=red
10-06 14:40:39.179  1018  1527 V NetDiscover_prefremrc: sending RC pref name=pref_warn_about_mismatched_app_versions value=true
10-06 14:40:39.180  1018  1527 V NetDiscover_prefremrc: sending RC pref name=pref_sound_on_off value=false
10-06 14:40:39.180  1018  1527 V Robocol : EventLoopManager.start()
10-06 14:40:39.182  1018  1527 I RobotControllerAccessPointAssistant: Wifi AP is enabled
10-06 14:40:39.182  1018  1527 V Robocol : Spoofing a Network Connection event...
10-06 14:40:39.182  1018  1527 I EventLoopManager: onNetworkConnectionEvent: CONNECTION_INFO_AVAILABLE
10-06 14:40:39.182  1018  1527 I Robocol : Received network connection event
10-06 14:40:39.184  1018  1527 I RobotControllerAccessPointAssistant: Wifi AP is enabled
10-06 14:40:39.184  1018  1527 I NetworkConnectionHandler: Handling new network connection infomation, connected: true setup needed: false
10-06 14:40:39.185  1018  1527 I RobotControllerAccessPointAssistant: Wifi AP is enabled
10-06 14:40:39.186  1018  1527 V RobotCore: EventLoopManager state is STOPPED
10-06 14:40:39.187  1018  1527 V Robocol : eventLoop=FtcEventLoop
10-06 14:40:39.187  1018  1527 V RobotCore: EventLoopManager state is INIT
10-06 14:40:39.188  1018  1527 V RobotCore: Robot Status: initializing, starting robot
10-06 14:40:39.188  1018  1527 I FtcEventLoop: ======= INIT START =======
10-06 14:40:39.189  1018  1527 V OpmodeRegistration: registered {DefaultOpMode} as {$Stop$Robot$}
10-06 14:40:39.194  1018  1527 V OpmodeRegistration: registered {UltimateV1Auto} as {UltimateV1Auto}
10-06 14:40:39.195  1018  1289 V Robocol : sending CMD_NOTIFY_USER_DEVICE_LIST(12157), attempt: 0
10-06 14:40:39.196  1018  1527 V OpmodeRegistration: registered {RecordJSONTest} as {Record Test}
10-06 14:40:39.197  1018  1527 V OpmodeRegistration: registered {TankDrive} as {Tank Drive}
10-06 14:40:39.198  1018  1289 V Robocol : sending CMD_ROBOT_CONTROLLER_PREFERENCE(12158), attempt: 0
10-06 14:40:39.198  1018  1527 V OpmodeRegistration: registered {PlayJSONTest} as {Play JSON Test}
10-06 14:40:39.198  1018  1289 V Robocol : sending CMD_ROBOT_CONTROLLER_PREFERENCE(12159), attempt: 0
10-06 14:40:39.199  1018  1289 V Robocol : sending CMD_ROBOT_CONTROLLER_PREFERENCE(12160), attempt: 0
10-06 14:40:39.200  1018  1289 V Robocol : sending CMD_ROBOT_CONTROLLER_PREFERENCE(12161), attempt: 0
10-06 14:40:39.201  1018  1289 V Robocol : sending CMD_ROBOT_CONTROLLER_PREFERENCE(12162), attempt: 0
10-06 14:40:39.202  1018  1289 V Robocol : sending CMD_ROBOT_CONTROLLER_PREFERENCE(12163), attempt: 0
10-06 14:40:39.204  1018  1289 V Robocol : sending CMD_ROBOT_CONTROLLER_PREFERENCE(12164), attempt: 0
10-06 14:40:39.204  1018  1289 V Robocol : sending CMD_ROBOT_CONTROLLER_PREFERENCE(12165), attempt: 0
10-06 14:40:39.205  1018  1289 V Robocol : sending CMD_ROBOT_CONTROLLER_PREFERENCE(12166), attempt: 0
10-06 14:40:39.206  1018  1289 V Robocol : sending CMD_NOTIFY_ROBOT_STATE(12167), attempt: 0
10-06 14:40:39.207  1018  1289 V Robocol : sending CMD_NOTIFY_ROBOT_STATE(12168), attempt: 0
10-06 14:40:39.216  1018  1527 V FtcEventLoop: Ensuring that the Control Hub address is set correctly
10-06 14:40:39.217  1018  1527 V RobotCore: Creating REV Robotics USB Expansion Hub Portal [(embedded)]
10-06 14:40:39.218  1018  1527 V LynxUsb : creating new [(embedded)]: 0x036d0623
10-06 14:40:39.221  1018  1527 V FtDeviceManager: createDeviceInfoList(): 0 USB devices
10-06 14:40:39.222  1018  1527 V SerialPortNative: [SerialPort.cpp:150] opened(/dev/ttyS1): fd=116
10-06 14:40:39.223  1018  1527 V RobotUsbDeviceTTY: opening serial=(embedded) file=/dev/ttyS1
10-06 14:40:39.223  1018  1527 V LynxUsb : armDevice() serial=(embedded)...
10-06 14:40:39.223  1018  1527 V LynxModule: resetDevice() serial=(embedded)
10-06 14:40:39.224  1018  1527 V LynxModule: resetting embedded usb device: isPresent: was=true
10-06 14:40:39.225  1018  1527 V LynxModuleResetPin: writing aspect=/sys/class/gpio/gpio87/value value=0
10-06 14:40:39.235  1018  1289 V Robocol : sending CMD_NOTIFY_ACTIVE_CONFIGURATION(12169), attempt: 0
10-06 14:40:39.235  1018  1289 V Robocol : sending CMD_NOTIFY_USER_DEVICE_LIST(12170), attempt: 0
10-06 14:40:39.236  1018  1289 V Robocol : sending CMD_NOTIFY_OP_MODE_LIST(12171), attempt: 0
10-06 14:40:39.302  1018  1527 V LynxModuleResetPin: writing aspect=/sys/class/gpio/gpio87/value value=1
10-06 14:40:39.580  1018  1527 V LynxUsb : ...done armDevice()
10-06 14:40:39.580  1018  1527 V LynxUsb : 0x02b2329e on 0x036d0623: new delegate to [(embedded)]
10-06 14:40:39.581  1018  1644 V RobotCore: thread: 'lynx incoming datagrams' starting...
10-06 14:40:39.584  1018  1644 V LynxUsb : synchronization gained: serial=(embedded)
10-06 14:40:39.584  1018  1527 V LynxUsb : Verified that the embedded Control Hub module has the correct address
10-06 14:40:39.585  1018  1527 V LynxModule: close(#173)
10-06 14:40:39.587  1018  1527 V HardwareFactory: createHardwareMap()
10-06 14:40:39.587  1018  1527 V EmbeddedControlHubModule: clearing module
10-06 14:40:39.597  1018  1527 V ReadXMLFileHandler: embedded lynx USB device is already present
10-06 14:40:39.598  1018  1527 V RobotCore: Creating REV Robotics USB Expansion Hub Portal [(embedded)]
10-06 14:40:39.598  1018  1527 V LynxUsb : using existing [(embedded)]: 0x036d0623
10-06 14:40:39.599  1018  1527 V LynxUsb : 0x0f0adaaa on 0x036d0623: new delegate to [(embedded)]
10-06 14:40:39.600  1018  1527 V RobotCore: Creating Lynx Module - mod=173 parent=true
10-06 14:40:39.601  1018  1527 V LynxUsb : addConfiguredModule() module#=173
10-06 14:40:39.602  1018  1527 V LynxModule: pingAndQueryKnownInterfaces mod=173
10-06 14:40:39.605  1018  1527 V LynxModule: mod#=173 queryInterface(DEKA)=54 commands starting at 4096
10-06 14:40:39.614  1018  1527 V LynxModule: sending LynxFtdiResetControlCommand(true) wasInterrupted=false
10-06 14:40:39.618  1018  1646 V LynxModule: received status: LynxGetModuleStatusResponse(status=0x02 alerts=0x00: Reset)
10-06 14:40:39.618  1018  1646 W HubPowerCycle: Expansion Hub 173 regained power after a complete power loss. No user Op Mode was running.
10-06 14:40:39.618  1018  1646 V LynxModule: resendCurrentPattern()
10-06 14:40:39.618  1018  1646 V LynxModule: sendLEDPatternSteps(): #steps=0
10-06 14:40:39.619  1018  1527 V LynxModule: sendLEDPatternSteps(): #steps=1
10-06 14:40:39.625  1018  1527 V LynxModule: setAsControlHubEmbeddedModule(mod=173)
10-06 14:40:39.626  1018  1527 V LynxMotor: initializeHardware() mod#=173
10-06 14:40:39.653  1018  1527 V RobotCore: DcMotorImpl(type=RevRobotics20HDHexMotor)
10-06 14:40:39.660  1018  1527 V RobotCore: DcMotorImpl(type=RevRobotics20HDHexMotor)
10-06 14:40:39.668  1018  1527 V LynxServoController: initializeHardware() mod#=173
10-06 14:40:39.685  1018  1527 V LynxVoltageSensor: initializeHardware() mod#=173
10-06 14:40:39.686  1018  1527 V LynxAnalogInputController: initializeHardware() mod#=173
10-06 14:40:39.687  1018  1527 V LynxDigitalChannelController: initializeHardware() mod#=173
10-06 14:40:39.698  1018  1527 V RobotCore: Creating user sensor REV Expansion Hub IMU - on Lynx module=173 bus=0
10-06 14:40:39.698  1018  1527 V RobotCore: Creating I2cDeviceSynch (Lynx) - mod=173 bus=0
10-06 14:40:39.698  1018  1527 I RobotCore: LynxFirmwareVersionManager: LynxI2cDeviceSynchV2
10-06 14:40:39.698  1018  1527 V LynxI2cDeviceSynch: initializeHardware() mod#=173
10-06 14:40:39.700  1018  1527 V RobotCore: Creating Webcam [B94FADE0]
10-06 14:40:39.704  1018  1527 I RobotCore: ========= Device Information ===================================================
10-06 14:40:39.704  1018  1527 I RobotCore: Type                                               Name                           Connection
10-06 14:40:39.704  1018  1527 I RobotCore: Expansion Hub DC Motor Controller                  Expansion Hub 2                USB (embedded); module 173
10-06 14:40:39.705  1018  1527 I RobotCore: Expansion Hub Servo Controller                     Expansion Hub 2                USB (embedded); module 173
10-06 14:40:39.705  1018  1527 I RobotCore: Expansion Hub Voltage Sensor                       Expansion Hub 2                USB (embedded); module 173
10-06 14:40:39.706  1018  1527 I RobotCore: Expansion Hub Analog Input Controller              Expansion Hub 2                USB (embedded); module 173
10-06 14:40:39.706  1018  1527 I RobotCore: Expansion Hub Digital Channel Controller           Expansion Hub 2                USB (embedded); module 173
10-06 14:40:39.709  1018  1527 I RobotCore: Expansion Hub (HW: 20, Maj: 1, Min: 8, Eng: 2)     Expansion Hub 2                USB (embedded); module 173
10-06 14:40:39.710  1018  1527 I RobotCore: REV Expansion Hub IMU                              imu                            USB (embedded); module 173; bus 0; addr7=0x00
10-06 14:40:39.710  1018  1527 I RobotCore: Motor                                              leftMotor                      USB (embedded); module 173; port 0
10-06 14:40:39.717  1018  1527 I RobotCore: Logitech HD Pro Webcam C310                        Webcam 1                       USB (B94FADE0)
10-06 14:40:39.718  1018  1527 I RobotCore: Motor                                              rightMotor                     USB (embedded); module 173; port 1
10-06 14:40:39.718  1018  1527 I RobotCore: REV Robotics USB Expansion Hub Portal              Control Hub Portal             USB (embedded)
10-06 14:40:39.725  1018  1527 V LynxUsb : 0x02b2329e on 0x036d0623: releasing delegate to [(embedded)]
10-06 14:40:39.725  1018  1527 I FtcEventLoop: ======= INIT FINISH =======
10-06 14:40:39.725  1018  1527 V RobotCore: EventLoopManager state is RUNNING
10-06 14:40:39.728  1018  1527 V RobotCore: Robot Status: running, starting robot
10-06 14:40:39.729  1018  1527 V RobotCore: Robot Status: running
10-06 14:40:39.731  1018  1527 V RobotCore: thread: ...terminating 'RobotSetupRunnable.run()'
10-06 14:40:39.731  1018  1647 V RobotCore: thread: 'opmode loop()' starting...
10-06 14:40:39.732  1018  1155 D SoundPlayer: playing volume=0.000000 samp=1|ms=4506
10-06 14:40:39.755  1018  1289 V Robocol : sending CMD_NOTIFY_ROBOT_STATE(12192), attempt: 0
10-06 14:40:39.755  1018  1289 V Robocol : sending CMD_SHOW_TOAST(12193), attempt: 0
10-06 14:40:39.756  1018  1289 V Robocol : sending CMD_PLAY_SOUND(12194), attempt: 0
10-06 14:40:40.241  1018  1647 I RobotCore: Attempting to switch to op mode $Stop$Robot$
10-06 14:40:40.275  1018  1289 V Robocol : sending CMD_NOTIFY_INIT_OP_MODE(12207), attempt: 0
10-06 14:40:40.318  1018  1148 V Robocol : received command: CMD_RUN_OP_MODE(18471) $Stop$Robot$
10-06 14:40:40.356  1018  1289 V Robocol : sending CMD_NOTIFY_RUN_OP_MODE(12213), attempt: 0
10-06 14:40:43.623  1018  1471 V ProgrammingModeManager: serve uri=/java/file/save
10-06 14:40:46.794  1018  1471 V ProgrammingModeManager: serve uri=/java/file/save
10-06 14:40:46.824  1018  1471 V ProgrammingModeManager: serve uri=/java/file/save
10-06 14:40:46.829  1018  1061 V OnBotJava: build request file changed: 0x00000002 /storage/emulated/0/FIRST/java/control/buildRequest.txt
10-06 14:40:46.829  1018  1139 I ONBOTJAVA_BUILD_MONITOR: Build 1602009646826 is pending
10-06 14:40:46.829  1018  1061 V OnBotJava: build request file changed: 0x00000002 /storage/emulated/0/FIRST/java/control/buildRequest.txt
10-06 14:40:46.830  1018  1527 V OnBotJava: build()...
10-06 14:40:46.839  1018  1061 I ONBOTJAVA_BUILD_MONITOR: Build 1602009646826 has successfully started
10-06 14:40:46.840  1018  1527 V OnBotJava: clean()...
10-06 14:40:46.878  1018  1527 V OnBotJava: ...clean()
10-06 14:40:46.879  1018  1527 V OnBotJava: ensureBuildDirs()...
10-06 14:40:46.893  1018  1527 V OnBotJava: ...ensureBuildDirs()
10-06 14:40:46.893  1018  1527 V OnBotJava: compileJavaFiles()...
10-06 14:40:47.951  1018  1527 V OnBotJava: ...compileJavaFiles()
10-06 14:40:47.954  1018  1527 V OnBotJava: consolidateClassFilesInJar()...
10-06 14:40:47.957  1018  1527 V OnBotJava: consolidating to /storage/emulated/0/FIRST/java/build/jars/onBotJavaJar-2020-10-06+14.40.47-296419536/OnBotJava.jar
10-06 14:40:48.037  1018  1527 V OnBotJava: ...consolidateClassFilesInJar()
10-06 14:40:48.037  1018  1527 V OnBotJava: copyInputJarFiles()...
10-06 14:40:48.043  1018  1527 V OnBotJava: ...copyInputJarFiles()
10-06 14:40:48.043  1018  1527 V OnBotJava: dexifyJarFiles()...
10-06 14:40:48.047  1018  1527 V OnBotJava: dexifying /storage/emulated/0/FIRST/java/build/jars/onBotJavaJar-2020-10-06+14.40.47-296419536/OnBotJava.jar...
10-06 14:40:48.049  1018  1527 I System.out: ignoring input files
10-06 14:40:48.717  1018  1527 V OnBotJava: ...dexifying /storage/emulated/0/FIRST/java/build/jars/onBotJavaJar-2020-10-06+14.40.47-296419536/OnBotJava.jar
10-06 14:40:48.719  1018  1527 V OnBotJava: ...dexifyJarFiles()
10-06 14:40:48.721  1018  1061 V RegisteredOpModes: noting that OnBotJava changed
10-06 14:40:48.722  1018  1061 V RegisteredOpModes: noting that OnBotJava changed
10-06 14:40:48.722  1018  1527 V OnBotJava: onBotJava build finished successfully
10-06 14:40:48.725  1018  1061 I ONBOTJAVA_BUILD_MONITOR: Build 1602009646826 completed with status SUCCESSFUL
10-06 14:40:48.726  1018  1061 V ONBOTJAVA_BUILD_MONITOR: Rejecting the build state transition to SUCCESSFUL, as current build state is SUCCESSFUL
10-06 14:40:48.728  1018  1527 V OnBotJava: ...build()
10-06 14:40:48.729  1018  1647 V OnBotJavaDeterminer: isOnBotJava: class=DefaultOpMode loader=PathClassLoader: false
10-06 14:40:48.729  1018  1647 V OnBotJavaDeterminer: isOnBotJava: class=UltimateV1Auto loader=OnBotJavaClassLoader: true
10-06 14:40:48.729  1018  1647 V OpmodeRegistration: unregistered {UltimateV1Auto}
10-06 14:40:48.729  1018  1647 V OnBotJavaDeterminer: isOnBotJava: class=RecordJSONTest loader=OnBotJavaClassLoader: true
10-06 14:40:48.730  1018  1647 V OpmodeRegistration: unregistered {Record Test}
10-06 14:40:48.730  1018  1647 V OnBotJavaDeterminer: isOnBotJava: class=TankDrive loader=OnBotJavaClassLoader: true
10-06 14:40:48.730  1018  1647 V OpmodeRegistration: unregistered {Tank Drive}
10-06 14:40:48.730  1018  1647 V OnBotJavaDeterminer: isOnBotJava: class=PlayJSONTest loader=OnBotJavaClassLoader: true
10-06 14:40:48.730  1018  1647 V OpmodeRegistration: unregistered {Play JSON Test}
10-06 14:40:48.732  1018  1647 V OnBotJava:ClassLoader: opening DexFile /storage/emulated/0/FIRST/java/build/jars/onBotJavaJar-2020-10-06+14.40.47-296419536/OnBotJava.jar
10-06 14:40:48.764  1018  1471 V ProgrammingModeManager: serve uri=/java/build/wait
10-06 14:40:48.770  1018  1649 V ProgrammingModeManager: serve uri=/java/build/wait
10-06 14:40:48.801  1655  1655 I dex2oat : /system/bin/dex2oat --dex-file=/storage/emulated/0/FIRST/java/build/jars/onBotJavaJar-2020-10-06+14.40.47-296419536/OnBotJava.jar --oat-fd=119 --oat-location=/data/user/0/com.qualcomm.ftcrobotcontroller/code_cache/@storage@emulated@0@FIRST@java@build@jars@onBotJavaJar-2020-10-06+14.40.47-296419536@OnBotJava.jar@classes.dex --compiler-filter=speed
10-06 14:40:48.900  1655  1655 I dex2oat : dex2oat took 99.513ms (threads: 4) arena alloc=1223KB (1252832B) java alloc=59KB (61296B) native alloc=493KB (505560B) free=2MB (2115880B)
10-06 14:40:48.906  1018  1647 I OnBotJavaHelperImpl: /storage/emulated/0/FIRST/java/build/jars/onBotJavaJar-2020-10-06+14.40.47-296419536/OnBotJava.jar: Autonomous.Location
10-06 14:40:48.906  1018  1647 I OnBotJavaHelperImpl: /storage/emulated/0/FIRST/java/build/jars/onBotJavaJar-2020-10-06+14.40.47-296419536/OnBotJava.jar: Autonomous.OpModes.PlayJSONTest
10-06 14:40:48.906  1018  1647 I OnBotJavaHelperImpl: /storage/emulated/0/FIRST/java/build/jars/onBotJavaJar-2020-10-06+14.40.47-296419536/OnBotJava.jar: Autonomous.OpModes.RecordJSONTest
10-06 14:40:48.906  1018  1647 I OnBotJavaHelperImpl: /storage/emulated/0/FIRST/java/build/jars/onBotJavaJar-2020-10-06+14.40.47-296419536/OnBotJava.jar: Autonomous.OpModes.UltimateV1Auto
10-06 14:40:48.906  1018  1647 I OnBotJavaHelperImpl: /storage/emulated/0/FIRST/java/build/jars/onBotJavaJar-2020-10-06+14.40.47-296419536/OnBotJava.jar: Autonomous.Rectangle
10-06 14:40:48.906  1018  1647 I OnBotJavaHelperImpl: /storage/emulated/0/FIRST/java/build/jars/onBotJavaJar-2020-10-06+14.40.47-296419536/OnBotJava.jar: Autonomous.Shape
10-06 14:40:48.906  1018  1647 I OnBotJavaHelperImpl: /storage/emulated/0/FIRST/java/build/jars/onBotJavaJar-2020-10-06+14.40.47-296419536/OnBotJava.jar: Autonomous.VisionHelperSkyStone$1
10-06 14:40:48.906  1018  1647 I OnBotJavaHelperImpl: /storage/emulated/0/FIRST/java/build/jars/onBotJavaJar-2020-10-06+14.40.47-296419536/OnBotJava.jar: Autonomous.VisionHelperSkyStone
10-06 14:40:48.906  1018  1647 I OnBotJavaHelperImpl: /storage/emulated/0/FIRST/java/build/jars/onBotJavaJar-2020-10-06+14.40.47-296419536/OnBotJava.jar: Autonomous.VuforiaHelper
10-06 14:40:48.906  1018  1647 I OnBotJavaHelperImpl: /storage/emulated/0/FIRST/java/build/jars/onBotJavaJar-2020-10-06+14.40.47-296419536/OnBotJava.jar: UserControlled.JoystickHandler
10-06 14:40:48.906  1018  1647 I OnBotJavaHelperImpl: /storage/emulated/0/FIRST/java/build/jars/onBotJavaJar-2020-10-06+14.40.47-296419536/OnBotJava.jar: UserControlled.TankDrive
10-06 14:40:48.908  1018  1647 V OnBotJava:ClassLoader: opening DexFile /storage/emulated/0/FIRST/java/build/jars/onBotJavaJar-2020-10-06+14.40.47-296419536/OnBotJava.jar
10-06 14:40:48.912  1018  1647 V OnBotJava:ClassLoader: From /storage/emulated/0/FIRST/java/build/jars/onBotJavaJar-2020-10-06+14.40.47-296419536/OnBotJava.jar loaded: UserControlled.JoystickHandler
10-06 14:40:48.913  1018  1647 V OnBotJava:ClassLoader: From /storage/emulated/0/FIRST/java/build/jars/onBotJavaJar-2020-10-06+14.40.47-296419536/OnBotJava.jar loaded: Autonomous.VisionHelperSkyStone
10-06 14:40:48.913  1018  1647 V OnBotJava:ClassLoader: From /storage/emulated/0/FIRST/java/build/jars/onBotJavaJar-2020-10-06+14.40.47-296419536/OnBotJava.jar loaded: Autonomous.OpModes.PlayJSONTest
10-06 14:40:48.914  1018  1647 V OnBotJava:ClassLoader: From /storage/emulated/0/FIRST/java/build/jars/onBotJavaJar-2020-10-06+14.40.47-296419536/OnBotJava.jar loaded: Autonomous.Location
10-06 14:40:48.914  1018  1647 V OnBotJava:ClassLoader: From /storage/emulated/0/FIRST/java/build/jars/onBotJavaJar-2020-10-06+14.40.47-296419536/OnBotJava.jar loaded: Autonomous.Shape
10-06 14:40:48.914  1018  1647 V OnBotJava:ClassLoader: From /storage/emulated/0/FIRST/java/build/jars/onBotJavaJar-2020-10-06+14.40.47-296419536/OnBotJava.jar loaded: Autonomous.OpModes.RecordJSONTest
10-06 14:40:48.915  1018  1647 V OnBotJava:ClassLoader: From /storage/emulated/0/FIRST/java/build/jars/onBotJavaJar-2020-10-06+14.40.47-296419536/OnBotJava.jar loaded: Autonomous.VisionHelperSkyStone$1
10-06 14:40:48.915  1018  1647 V OnBotJava:ClassLoader: From /storage/emulated/0/FIRST/java/build/jars/onBotJavaJar-2020-10-06+14.40.47-296419536/OnBotJava.jar loaded: Autonomous.VuforiaHelper
10-06 14:40:48.916  1018  1647 V OnBotJava:ClassLoader: From /storage/emulated/0/FIRST/java/build/jars/onBotJavaJar-2020-10-06+14.40.47-296419536/OnBotJava.jar loaded: Autonomous.OpModes.UltimateV1Auto
10-06 14:40:48.916  1018  1647 V OnBotJava:ClassLoader: From /storage/emulated/0/FIRST/java/build/jars/onBotJavaJar-2020-10-06+14.40.47-296419536/OnBotJava.jar loaded: UserControlled.TankDrive
10-06 14:40:48.917  1018  1647 V OnBotJava:ClassLoader: From /storage/emulated/0/FIRST/java/build/jars/onBotJavaJar-2020-10-06+14.40.47-296419536/OnBotJava.jar loaded: Autonomous.Rectangle
10-06 14:40:48.917  1018  1647 V OnBotJavaDeterminer: isOnBotJava: class=JoystickHandler loader=OnBotJavaClassLoader: true
10-06 14:40:48.917  1018  1647 V OnBotJavaDeterminer: isOnBotJava: class=VisionHelperSkyStone loader=OnBotJavaClassLoader: true
10-06 14:40:48.917  1018  1647 V OnBotJavaDeterminer: isOnBotJava: class=PlayJSONTest loader=OnBotJavaClassLoader: true
10-06 14:40:48.917  1018  1647 V OnBotJavaDeterminer: isOnBotJava: class=Location loader=OnBotJavaClassLoader: true
10-06 14:40:48.918  1018  1647 V OnBotJavaDeterminer: isOnBotJava: class=Shape loader=OnBotJavaClassLoader: true
10-06 14:40:48.918  1018  1647 V OnBotJavaDeterminer: isOnBotJava: class=RecordJSONTest loader=OnBotJavaClassLoader: true
10-06 14:40:48.918  1018  1647 V OnBotJavaDeterminer: isOnBotJava: class= loader=OnBotJavaClassLoader: true
10-06 14:40:48.919  1018  1647 V OnBotJavaDeterminer: isOnBotJava: class=VuforiaHelper loader=OnBotJavaClassLoader: true
10-06 14:40:48.919  1018  1647 V OnBotJavaDeterminer: isOnBotJava: class=UltimateV1Auto loader=OnBotJavaClassLoader: true
10-06 14:40:48.919  1018  1647 V OnBotJavaDeterminer: isOnBotJava: class=TankDrive loader=OnBotJavaClassLoader: true
10-06 14:40:48.919  1018  1647 V OnBotJavaDeterminer: isOnBotJava: class=Rectangle loader=OnBotJavaClassLoader: true
10-06 14:40:48.920  1018  1647 V OnBotJavaDeterminer: isOnBotJava: class=JoystickHandler loader=OnBotJavaClassLoader: true
10-06 14:40:48.920  1018  1647 V OnBotJavaDeterminer: isOnBotJava: class=VisionHelperSkyStone loader=OnBotJavaClassLoader: true
10-06 14:40:48.920  1018  1647 V OnBotJavaDeterminer: isOnBotJava: class=PlayJSONTest loader=OnBotJavaClassLoader: true
10-06 14:40:48.920  1018  1647 V OnBotJavaDeterminer: isOnBotJava: class=Location loader=OnBotJavaClassLoader: true
10-06 14:40:48.920  1018  1647 V OnBotJavaDeterminer: isOnBotJava: class=Shape loader=OnBotJavaClassLoader: true
10-06 14:40:48.920  1018  1647 V OnBotJavaDeterminer: isOnBotJava: class=RecordJSONTest loader=OnBotJavaClassLoader: true
10-06 14:40:48.921  1018  1647 V OnBotJavaDeterminer: isOnBotJava: class= loader=OnBotJavaClassLoader: true
10-06 14:40:48.921  1018  1647 V OnBotJavaDeterminer: isOnBotJava: class=VuforiaHelper loader=OnBotJavaClassLoader: true
10-06 14:40:48.921  1018  1647 V OnBotJavaDeterminer: isOnBotJava: class=UltimateV1Auto loader=OnBotJavaClassLoader: true
10-06 14:40:48.921  1018  1647 V OnBotJavaDeterminer: isOnBotJava: class=TankDrive loader=OnBotJavaClassLoader: true
10-06 14:40:48.921  1018  1647 V OnBotJavaDeterminer: isOnBotJava: class=Rectangle loader=OnBotJavaClassLoader: true
10-06 14:40:48.921  1018  1647 V OnBotJavaDeterminer: isOnBotJava: class=UltimateV1Auto loader=OnBotJavaClassLoader: true
10-06 14:40:48.921  1018  1647 V OnBotJavaDeterminer: isOnBotJava: class=RecordJSONTest loader=OnBotJavaClassLoader: true
10-06 14:40:48.921  1018  1647 V OnBotJavaDeterminer: isOnBotJava: class=TankDrive loader=OnBotJavaClassLoader: true
10-06 14:40:48.921  1018  1647 V OnBotJavaDeterminer: isOnBotJava: class=PlayJSONTest loader=OnBotJavaClassLoader: true
10-06 14:40:48.921  1018  1647 V OnBotJavaDeterminer: isOnBotJava: class=UltimateV1Auto loader=OnBotJavaClassLoader: true
10-06 14:40:48.922  1018  1647 V OnBotJavaDeterminer: isOnBotJava: class=RecordJSONTest loader=OnBotJavaClassLoader: true
10-06 14:40:48.923  1018  1647 V OnBotJavaDeterminer: isOnBotJava: class=TankDrive loader=OnBotJavaClassLoader: true
10-06 14:40:48.923  1018  1647 V OnBotJavaDeterminer: isOnBotJava: class=PlayJSONTest loader=OnBotJavaClassLoader: true
10-06 14:40:48.923  1018  1647 V OnBotJavaDeterminer: isOnBotJava: class=JoystickHandler loader=OnBotJavaClassLoader: true
10-06 14:40:48.924  1018  1647 V OnBotJavaDeterminer: isOnBotJava: class=VisionHelperSkyStone loader=OnBotJavaClassLoader: true
10-06 14:40:48.924  1018  1647 V OnBotJavaDeterminer: isOnBotJava: class=PlayJSONTest loader=OnBotJavaClassLoader: true
10-06 14:40:48.925  1018  1647 V OnBotJavaDeterminer: isOnBotJava: class=Location loader=OnBotJavaClassLoader: true
10-06 14:40:48.925  1018  1647 V OnBotJavaDeterminer: isOnBotJava: class=Shape loader=OnBotJavaClassLoader: true
10-06 14:40:48.925  1018  1647 V OnBotJavaDeterminer: isOnBotJava: class=RecordJSONTest loader=OnBotJavaClassLoader: true
10-06 14:40:48.926  1018  1647 V OnBotJavaDeterminer: isOnBotJava: class= loader=OnBotJavaClassLoader: true
10-06 14:40:48.926  1018  1647 V OnBotJavaDeterminer: isOnBotJava: class=VuforiaHelper loader=OnBotJavaClassLoader: true
10-06 14:40:48.927  1018  1647 V OnBotJavaDeterminer: isOnBotJava: class=UltimateV1Auto loader=OnBotJavaClassLoader: true
10-06 14:40:48.927  1018  1647 V OnBotJavaDeterminer: isOnBotJava: class=TankDrive loader=OnBotJavaClassLoader: true
10-06 14:40:48.928  1018  1647 V OnBotJavaDeterminer: isOnBotJava: class=Rectangle loader=OnBotJavaClassLoader: true
10-06 14:40:48.928  1018  1647 V OnBotJavaDeterminer: isOnBotJava: class=JoystickHandler loader=OnBotJavaClassLoader: true
10-06 14:40:48.929  1018  1647 V OnBotJavaDeterminer: isOnBotJava: class=VisionHelperSkyStone loader=OnBotJavaClassLoader: true
10-06 14:40:48.929  1018  1647 V OnBotJavaDeterminer: isOnBotJava: class=PlayJSONTest loader=OnBotJavaClassLoader: true
10-06 14:40:48.929  1018  1647 V OnBotJavaDeterminer: isOnBotJava: class=Location loader=OnBotJavaClassLoader: true
10-06 14:40:48.929  1018  1647 V OnBotJavaDeterminer: isOnBotJava: class=Shape loader=OnBotJavaClassLoader: true
10-06 14:40:48.930  1018  1647 V OnBotJavaDeterminer: isOnBotJava: class=RecordJSONTest loader=OnBotJavaClassLoader: true
10-06 14:40:48.930  1018  1647 V OnBotJavaDeterminer: isOnBotJava: class= loader=OnBotJavaClassLoader: true
10-06 14:40:48.930  1018  1647 V OnBotJavaDeterminer: isOnBotJava: class=VuforiaHelper loader=OnBotJavaClassLoader: true
10-06 14:40:48.930  1018  1647 V OnBotJavaDeterminer: isOnBotJava: class=UltimateV1Auto loader=OnBotJavaClassLoader: true
10-06 14:40:48.930  1018  1647 V OnBotJavaDeterminer: isOnBotJava: class=TankDrive loader=OnBotJavaClassLoader: true
10-06 14:40:48.930  1018  1647 V OnBotJavaDeterminer: isOnBotJava: class=Rectangle loader=OnBotJavaClassLoader: true
10-06 14:40:48.931  1018  1647 V OnBotJavaDeterminer: isOnBotJava: class=JoystickHandler loader=OnBotJavaClassLoader: true
10-06 14:40:48.931  1018  1647 V OnBotJavaDeterminer: isOnBotJava: class=VisionHelperSkyStone loader=OnBotJavaClassLoader: true
10-06 14:40:48.931  1018  1647 V OnBotJavaDeterminer: isOnBotJava: class=PlayJSONTest loader=OnBotJavaClassLoader: true
10-06 14:40:48.931  1018  1647 V OnBotJavaDeterminer: isOnBotJava: class=Location loader=OnBotJavaClassLoader: true
10-06 14:40:48.931  1018  1647 V OnBotJavaDeterminer: isOnBotJava: class=Shape loader=OnBotJavaClassLoader: true
10-06 14:40:48.932  1018  1647 V OnBotJavaDeterminer: isOnBotJava: class=RecordJSONTest loader=OnBotJavaClassLoader: true
10-06 14:40:48.932  1018  1647 V OnBotJavaDeterminer: isOnBotJava: class= loader=OnBotJavaClassLoader: true
10-06 14:40:48.932  1018  1647 V OnBotJavaDeterminer: isOnBotJava: class=VuforiaHelper loader=OnBotJavaClassLoader: true
10-06 14:40:48.933  1018  1647 V OnBotJavaDeterminer: isOnBotJava: class=UltimateV1Auto loader=OnBotJavaClassLoader: true
10-06 14:40:48.933  1018  1647 V OnBotJavaDeterminer: isOnBotJava: class=TankDrive loader=OnBotJavaClassLoader: true
10-06 14:40:48.934  1018  1647 V OnBotJavaDeterminer: isOnBotJava: class=Rectangle loader=OnBotJavaClassLoader: true
10-06 14:40:48.934  1018  1647 V OnBotJavaDeterminer: isOnBotJava: class=RecordJSONTest loader=OnBotJavaClassLoader: true
10-06 14:40:48.934  1018  1647 V OnBotJavaDeterminer: isOnBotJava: class=UltimateV1Auto loader=OnBotJavaClassLoader: true
10-06 14:40:48.935  1018  1647 V OnBotJavaDeterminer: isOnBotJava: class=PlayJSONTest loader=OnBotJavaClassLoader: true
10-06 14:40:48.935  1018  1647 V OnBotJavaDeterminer: isOnBotJava: class=TankDrive loader=OnBotJavaClassLoader: true
10-06 14:40:48.936  1018  1647 V OpmodeRegistration: registered {RecordJSONTest} as {Record Test}
10-06 14:40:48.936  1018  1647 V OpmodeRegistration: registered {UltimateV1Auto} as {UltimateV1Auto}
10-06 14:40:48.937  1018  1647 V OpmodeRegistration: registered {PlayJSONTest} as {Play JSON Test}
10-06 14:40:48.937  1018  1647 V OpmodeRegistration: registered {TankDrive} as {Tank Drive}
10-06 14:40:48.955  1018  1289 V Robocol : sending CMD_NOTIFY_ACTIVE_CONFIGURATION(12340), attempt: 0
10-06 14:40:48.955  1018  1289 V Robocol : sending CMD_NOTIFY_USER_DEVICE_LIST(12341), attempt: 0
10-06 14:40:48.956  1018  1289 V Robocol : sending CMD_NOTIFY_OP_MODE_LIST(12342), attempt: 0
10-06 14:40:54.438  1018  1148 V Robocol : received command: CMD_INIT_OP_MODE(18685) $Stop$Robot$
10-06 14:40:54.446  1018  1647 I RobotCore: Attempting to switch to op mode $Stop$Robot$
10-06 14:40:54.475  1018  1289 V Robocol : sending CMD_NOTIFY_INIT_OP_MODE(12431), attempt: 0
10-06 14:40:54.520  1018  1148 V Robocol : received command: CMD_RUN_OP_MODE(18690) $Stop$Robot$
10-06 14:40:54.555  1018  1289 V Robocol : sending CMD_NOTIFY_RUN_OP_MODE(12437), attempt: 0
10-06 14:41:59.079  1018  1148 V Robocol : received command: CMD_SET_MATCH_NUMBER(19629) 0
10-06 14:41:59.080  1018  1148 V Robocol : received command: CMD_INIT_OP_MODE(19630) Record Test
10-06 14:41:59.096  1018  1147 I RobotCore: ******************** START - OPMODE Record Test ********************
10-06 14:41:59.098  1018  1647 I RobotCore: Attempting to switch to op mode Record Test
10-06 14:41:59.174  1018  1662 V RobotCore: thread: 'LinearOpMode main' starting...
10-06 14:41:59.195  1018  1289 V Robocol : sending CMD_NOTIFY_INIT_OP_MODE(13382), attempt: 0
10-06 14:42:07.360  1018  1649 V ProgrammingModeManager: serve uri=/java/file/save
10-06 14:42:10.679  1018  1649 V ProgrammingModeManager: serve uri=/java/file/save
10-06 14:42:10.707  1018  1649 V ProgrammingModeManager: serve uri=/java/file/save
10-06 14:42:10.712  1018  1061 V OnBotJava: build request file changed: 0x00000002 /storage/emulated/0/FIRST/java/control/buildRequest.txt
10-06 14:42:10.713  1018  1139 I ONBOTJAVA_BUILD_MONITOR: Build 1602009730705 is pending
10-06 14:42:10.714  1018  1061 V OnBotJava: build request file changed: 0x00000002 /storage/emulated/0/FIRST/java/control/buildRequest.txt
10-06 14:42:10.715  1018  1663 V OnBotJava: build()...
10-06 14:42:10.727  1018  1663 V OnBotJava: clean()...
10-06 14:42:10.730  1018  1061 I ONBOTJAVA_BUILD_MONITOR: Build 1602009730705 has successfully started
10-06 14:42:10.764  1018  1663 V OnBotJava: ...clean()
10-06 14:42:10.764  1018  1663 V OnBotJava: ensureBuildDirs()...
10-06 14:42:10.777  1018  1663 V OnBotJava: ...ensureBuildDirs()
10-06 14:42:10.777  1018  1663 V OnBotJava: compileJavaFiles()...
10-06 14:42:11.739  1018  1663 V OnBotJava: ...compileJavaFiles()
10-06 14:42:11.742  1018  1663 V OnBotJava: consolidateClassFilesInJar()...
10-06 14:42:11.744  1018  1663 V OnBotJava: consolidating to /storage/emulated/0/FIRST/java/build/jars/onBotJavaJar-2020-10-06+14.42.11--1841389694/OnBotJava.jar
10-06 14:42:11.847  1018  1663 V OnBotJava: ...consolidateClassFilesInJar()
10-06 14:42:11.847  1018  1663 V OnBotJava: copyInputJarFiles()...
10-06 14:42:11.852  1018  1663 V OnBotJava: ...copyInputJarFiles()
10-06 14:42:11.852  1018  1663 V OnBotJava: dexifyJarFiles()...
10-06 14:42:11.856  1018  1663 V OnBotJava: dexifying /storage/emulated/0/FIRST/java/build/jars/onBotJavaJar-2020-10-06+14.42.11--1841389694/OnBotJava.jar...
10-06 14:42:11.857  1018  1663 I System.out: ignoring input files
10-06 14:42:12.452  1018  1663 V OnBotJava: ...dexifying /storage/emulated/0/FIRST/java/build/jars/onBotJavaJar-2020-10-06+14.42.11--1841389694/OnBotJava.jar
10-06 14:42:12.455  1018  1663 V OnBotJava: ...dexifyJarFiles()
10-06 14:42:12.458  1018  1061 V RegisteredOpModes: noting that OnBotJava changed
10-06 14:42:12.458  1018  1061 V RegisteredOpModes: noting that OnBotJava changed
10-06 14:42:12.458  1018  1663 V OnBotJava: onBotJava build finished successfully
10-06 14:42:12.461  1018  1061 I ONBOTJAVA_BUILD_MONITOR: Build 1602009730705 completed with status SUCCESSFUL
10-06 14:42:12.461  1018  1061 V ONBOTJAVA_BUILD_MONITOR: Rejecting the build state transition to SUCCESSFUL, as current build state is SUCCESSFUL
10-06 14:42:12.464  1018  1663 V OnBotJava: ...build()
10-06 14:42:12.464  1018  1647 V OnBotJavaDeterminer: isOnBotJava: class=DefaultOpMode loader=PathClassLoader: false
10-06 14:42:12.465  1018  1647 V OnBotJavaDeterminer: isOnBotJava: class=RecordJSONTest loader=OnBotJavaClassLoader: true
10-06 14:42:12.465  1018  1647 V OpmodeRegistration: unregistered {Record Test}
10-06 14:42:12.465  1018  1647 V OnBotJavaDeterminer: isOnBotJava: class=UltimateV1Auto loader=OnBotJavaClassLoader: true
10-06 14:42:12.465  1018  1647 V OpmodeRegistration: unregistered {UltimateV1Auto}
10-06 14:42:12.465  1018  1647 V OnBotJavaDeterminer: isOnBotJava: class=PlayJSONTest loader=OnBotJavaClassLoader: true
10-06 14:42:12.466  1018  1647 V OpmodeRegistration: unregistered {Play JSON Test}
10-06 14:42:12.466  1018  1647 V OnBotJavaDeterminer: isOnBotJava: class=TankDrive loader=OnBotJavaClassLoader: true
10-06 14:42:12.466  1018  1647 V OpmodeRegistration: unregistered {Tank Drive}
10-06 14:42:12.467  1018  1649 V ProgrammingModeManager: serve uri=/java/build/wait
10-06 14:42:12.468  1018  1647 V OnBotJava:ClassLoader: opening DexFile /storage/emulated/0/FIRST/java/build/jars/onBotJavaJar-2020-10-06+14.42.11--1841389694/OnBotJava.jar
10-06 14:42:12.485  1018  1649 V ProgrammingModeManager: serve uri=/java/build/wait
10-06 14:42:12.539  1667  1667 I dex2oat : /system/bin/dex2oat --dex-file=/storage/emulated/0/FIRST/java/build/jars/onBotJavaJar-2020-10-06+14.42.11--1841389694/OnBotJava.jar --oat-fd=91 --oat-location=/data/user/0/com.qualcomm.ftcrobotcontroller/code_cache/@storage@emulated@0@FIRST@java@build@jars@onBotJavaJar-2020-10-06+14.42.11--1841389694@OnBotJava.jar@classes.dex --compiler-filter=speed
10-06 14:42:12.639  1667  1667 I dex2oat : dex2oat took 100.588ms (threads: 4) arena alloc=839KB (859672B) java alloc=63KB (65264B) native alloc=493KB (505712B) free=1554KB (1591440B)
10-06 14:42:12.644  1018  1647 I OnBotJavaHelperImpl: /storage/emulated/0/FIRST/java/build/jars/onBotJavaJar-2020-10-06+14.42.11--1841389694/OnBotJava.jar: Autonomous.Location
10-06 14:42:12.644  1018  1647 I OnBotJavaHelperImpl: /storage/emulated/0/FIRST/java/build/jars/onBotJavaJar-2020-10-06+14.42.11--1841389694/OnBotJava.jar: Autonomous.OpModes.PlayJSONTest
10-06 14:42:12.644  1018  1647 I OnBotJavaHelperImpl: /storage/emulated/0/FIRST/java/build/jars/onBotJavaJar-2020-10-06+14.42.11--1841389694/OnBotJava.jar: Autonomous.OpModes.RecordJSONTest
10-06 14:42:12.644  1018  1647 I OnBotJavaHelperImpl: /storage/emulated/0/FIRST/java/build/jars/onBotJavaJar-2020-10-06+14.42.11--1841389694/OnBotJava.jar: Autonomous.OpModes.UltimateV1Auto
10-06 14:42:12.644  1018  1647 I OnBotJavaHelperImpl: /storage/emulated/0/FIRST/java/build/jars/onBotJavaJar-2020-10-06+14.42.11--1841389694/OnBotJava.jar: Autonomous.Rectangle
10-06 14:42:12.644  1018  1647 I OnBotJavaHelperImpl: /storage/emulated/0/FIRST/java/build/jars/onBotJavaJar-2020-10-06+14.42.11--1841389694/OnBotJava.jar: Autonomous.Shape
10-06 14:42:12.644  1018  1647 I OnBotJavaHelperImpl: /storage/emulated/0/FIRST/java/build/jars/onBotJavaJar-2020-10-06+14.42.11--1841389694/OnBotJava.jar: Autonomous.VisionHelperSkyStone$1
10-06 14:42:12.644  1018  1647 I OnBotJavaHelperImpl: /storage/emulated/0/FIRST/java/build/jars/onBotJavaJar-2020-10-06+14.42.11--1841389694/OnBotJava.jar: Autonomous.VisionHelperSkyStone
10-06 14:42:12.644  1018  1647 I OnBotJavaHelperImpl: /storage/emulated/0/FIRST/java/build/jars/onBotJavaJar-2020-10-06+14.42.11--1841389694/OnBotJava.jar: Autonomous.VuforiaHelper
10-06 14:42:12.645  1018  1647 I OnBotJavaHelperImpl: /storage/emulated/0/FIRST/java/build/jars/onBotJavaJar-2020-10-06+14.42.11--1841389694/OnBotJava.jar: UserControlled.JoystickHandler
10-06 14:42:12.645  1018  1647 I OnBotJavaHelperImpl: /storage/emulated/0/FIRST/java/build/jars/onBotJavaJar-2020-10-06+14.42.11--1841389694/OnBotJava.jar: UserControlled.TankDrive
10-06 14:42:12.647  1018  1647 V OnBotJava:ClassLoader: opening DexFile /storage/emulated/0/FIRST/java/build/jars/onBotJavaJar-2020-10-06+14.42.11--1841389694/OnBotJava.jar
10-06 14:42:12.653  1018  1647 V OnBotJava:ClassLoader: From /storage/emulated/0/FIRST/java/build/jars/onBotJavaJar-2020-10-06+14.42.11--1841389694/OnBotJava.jar loaded: UserControlled.JoystickHandler
10-06 14:42:12.654  1018  1647 V OnBotJava:ClassLoader: From /storage/emulated/0/FIRST/java/build/jars/onBotJavaJar-2020-10-06+14.42.11--1841389694/OnBotJava.jar loaded: Autonomous.VisionHelperSkyStone
10-06 14:42:12.654  1018  1647 V OnBotJava:ClassLoader: From /storage/emulated/0/FIRST/java/build/jars/onBotJavaJar-2020-10-06+14.42.11--1841389694/OnBotJava.jar loaded: Autonomous.OpModes.PlayJSONTest
10-06 14:42:12.655  1018  1647 V OnBotJava:ClassLoader: From /storage/emulated/0/FIRST/java/build/jars/onBotJavaJar-2020-10-06+14.42.11--1841389694/OnBotJava.jar loaded: Autonomous.Location
10-06 14:42:12.655  1018  1647 V OnBotJava:ClassLoader: From /storage/emulated/0/FIRST/java/build/jars/onBotJavaJar-2020-10-06+14.42.11--1841389694/OnBotJava.jar loaded: Autonomous.Shape
10-06 14:42:12.656  1018  1647 V OnBotJava:ClassLoader: From /storage/emulated/0/FIRST/java/build/jars/onBotJavaJar-2020-10-06+14.42.11--1841389694/OnBotJava.jar loaded: Autonomous.OpModes.RecordJSONTest
10-06 14:42:12.656  1018  1647 V OnBotJava:ClassLoader: From /storage/emulated/0/FIRST/java/build/jars/onBotJavaJar-2020-10-06+14.42.11--1841389694/OnBotJava.jar loaded: Autonomous.VisionHelperSkyStone$1
10-06 14:42:12.657  1018  1647 V OnBotJava:ClassLoader: From /storage/emulated/0/FIRST/java/build/jars/onBotJavaJar-2020-10-06+14.42.11--1841389694/OnBotJava.jar loaded: Autonomous.VuforiaHelper
10-06 14:42:12.657  1018  1647 V OnBotJava:ClassLoader: From /storage/emulated/0/FIRST/java/build/jars/onBotJavaJar-2020-10-06+14.42.11--1841389694/OnBotJava.jar loaded: Autonomous.OpModes.UltimateV1Auto
10-06 14:42:12.657  1018  1647 V OnBotJava:ClassLoader: From /storage/emulated/0/FIRST/java/build/jars/onBotJavaJar-2020-10-06+14.42.11--1841389694/OnBotJava.jar loaded: UserControlled.TankDrive
10-06 14:42:12.658  1018  1647 V OnBotJava:ClassLoader: From /storage/emulated/0/FIRST/java/build/jars/onBotJavaJar-2020-10-06+14.42.11--1841389694/OnBotJava.jar loaded: Autonomous.Rectangle
10-06 14:42:12.658  1018  1647 V OnBotJavaDeterminer: isOnBotJava: class=JoystickHandler loader=OnBotJavaClassLoader: true
10-06 14:42:12.658  1018  1647 V OnBotJavaDeterminer: isOnBotJava: class=VisionHelperSkyStone loader=OnBotJavaClassLoader: true
10-06 14:42:12.658  1018  1647 V OnBotJavaDeterminer: isOnBotJava: class=PlayJSONTest loader=OnBotJavaClassLoader: true
10-06 14:42:12.658  1018  1647 V OnBotJavaDeterminer: isOnBotJava: class=Location loader=OnBotJavaClassLoader: true
10-06 14:42:12.659  1018  1647 V OnBotJavaDeterminer: isOnBotJava: class=Shape loader=OnBotJavaClassLoader: true
10-06 14:42:12.659  1018  1647 V OnBotJavaDeterminer: isOnBotJava: class=RecordJSONTest loader=OnBotJavaClassLoader: true
