10-06 14:43:50.866  1018  1714 V OnBotJava:ClassLoader: From /storage/emulated/0/FIRST/java/build/jars/onBotJavaJar-2020-10-06+14.43.44--966674876/OnBotJava.jar loaded: Autonomous.Rectangle
10-06 14:43:50.866  1018  1714 V OnBotJavaDeterminer: isOnBotJava: class=JoystickHandler loader=OnBotJavaClassLoader: true
10-06 14:43:50.867  1018  1714 V OnBotJavaDeterminer: isOnBotJava: class=VisionHelperSkyStone loader=OnBotJavaClassLoader: true
10-06 14:43:50.867  1018  1714 V OnBotJavaDeterminer: isOnBotJava: class=PlayJSONTest loader=OnBotJavaClassLoader: true
10-06 14:43:50.867  1018  1714 V OnBotJavaDeterminer: isOnBotJava: class=Location loader=OnBotJavaClassLoader: true
10-06 14:43:50.867  1018  1714 V OnBotJavaDeterminer: isOnBotJava: class=Shape loader=OnBotJavaClassLoader: true
10-06 14:43:50.867  1018  1714 V OnBotJavaDeterminer: isOnBotJava: class=RecordJSONTest loader=OnBotJavaClassLoader: true
10-06 14:43:50.867  1018  1714 V OnBotJavaDeterminer: isOnBotJava: class= loader=OnBotJavaClassLoader: true
10-06 14:43:50.867  1018  1714 V OnBotJavaDeterminer: isOnBotJava: class=VuforiaHelper loader=OnBotJavaClassLoader: true
10-06 14:43:50.867  1018  1714 V OnBotJavaDeterminer: isOnBotJava: class=UltimateV1Auto loader=OnBotJavaClassLoader: true
10-06 14:43:50.867  1018  1714 V OnBotJavaDeterminer: isOnBotJava: class=TankDrive loader=OnBotJavaClassLoader: true
10-06 14:43:50.868  1018  1714 V OnBotJavaDeterminer: isOnBotJava: class=Rectangle loader=OnBotJavaClassLoader: true
10-06 14:43:50.868  1018  1714 V OnBotJavaDeterminer: isOnBotJava: class=JoystickHandler loader=OnBotJavaClassLoader: true
10-06 14:43:50.868  1018  1714 V OnBotJavaDeterminer: isOnBotJava: class=VisionHelperSkyStone loader=OnBotJavaClassLoader: true
10-06 14:43:50.868  1018  1714 V OnBotJavaDeterminer: isOnBotJava: class=PlayJSONTest loader=OnBotJavaClassLoader: true
10-06 14:43:50.868  1018  1714 V OnBotJavaDeterminer: isOnBotJava: class=Location loader=OnBotJavaClassLoader: true
10-06 14:43:50.868  1018  1714 V OnBotJavaDeterminer: isOnBotJava: class=Shape loader=OnBotJavaClassLoader: true
10-06 14:43:50.868  1018  1714 V OnBotJavaDeterminer: isOnBotJava: class=RecordJSONTest loader=OnBotJavaClassLoader: true
10-06 14:43:50.868  1018  1714 V OnBotJavaDeterminer: isOnBotJava: class= loader=OnBotJavaClassLoader: true
10-06 14:43:50.868  1018  1714 V OnBotJavaDeterminer: isOnBotJava: class=VuforiaHelper loader=OnBotJavaClassLoader: true
10-06 14:43:50.869  1018  1714 V OnBotJavaDeterminer: isOnBotJava: class=UltimateV1Auto loader=OnBotJavaClassLoader: true
10-06 14:43:50.869  1018  1714 V OnBotJavaDeterminer: isOnBotJava: class=TankDrive loader=OnBotJavaClassLoader: true
10-06 14:43:50.870  1018  1714 V OnBotJavaDeterminer: isOnBotJava: class=Rectangle loader=OnBotJavaClassLoader: true
10-06 14:43:50.870  1018  1714 V OnBotJavaDeterminer: isOnBotJava: class=PlayJSONTest loader=OnBotJavaClassLoader: true
10-06 14:43:50.870  1018  1714 V OnBotJavaDeterminer: isOnBotJava: class=TankDrive loader=OnBotJavaClassLoader: true
10-06 14:43:50.870  1018  1714 V OnBotJavaDeterminer: isOnBotJava: class=RecordJSONTest loader=OnBotJavaClassLoader: true
10-06 14:43:50.870  1018  1714 V OnBotJavaDeterminer: isOnBotJava: class=UltimateV1Auto loader=OnBotJavaClassLoader: true
10-06 14:43:50.871  1018  1714 V OnBotJavaDeterminer: isOnBotJava: class=PlayJSONTest loader=OnBotJavaClassLoader: true
10-06 14:43:50.871  1018  1714 V OnBotJavaDeterminer: isOnBotJava: class=TankDrive loader=OnBotJavaClassLoader: true
10-06 14:43:50.871  1018  1714 V OnBotJavaDeterminer: isOnBotJava: class=RecordJSONTest loader=OnBotJavaClassLoader: true
10-06 14:43:50.871  1018  1714 V OnBotJavaDeterminer: isOnBotJava: class=UltimateV1Auto loader=OnBotJavaClassLoader: true
10-06 14:43:50.871  1018  1714 V OnBotJavaDeterminer: isOnBotJava: class=JoystickHandler loader=OnBotJavaClassLoader: true
10-06 14:43:50.872  1018  1714 V OnBotJavaDeterminer: isOnBotJava: class=VisionHelperSkyStone loader=OnBotJavaClassLoader: true
10-06 14:43:50.872  1018  1714 V OnBotJavaDeterminer: isOnBotJava: class=PlayJSONTest loader=OnBotJavaClassLoader: true
10-06 14:43:50.873  1018  1714 V OnBotJavaDeterminer: isOnBotJava: class=Location loader=OnBotJavaClassLoader: true
10-06 14:43:50.874  1018  1714 V OnBotJavaDeterminer: isOnBotJava: class=Shape loader=OnBotJavaClassLoader: true
10-06 14:43:50.874  1018  1714 V OnBotJavaDeterminer: isOnBotJava: class=RecordJSONTest loader=OnBotJavaClassLoader: true
10-06 14:43:50.875  1018  1714 V OnBotJavaDeterminer: isOnBotJava: class= loader=OnBotJavaClassLoader: true
10-06 14:43:50.875  1018  1714 V OnBotJavaDeterminer: isOnBotJava: class=VuforiaHelper loader=OnBotJavaClassLoader: true
10-06 14:43:50.875  1018  1714 V OnBotJavaDeterminer: isOnBotJava: class=UltimateV1Auto loader=OnBotJavaClassLoader: true
10-06 14:43:50.876  1018  1714 V OnBotJavaDeterminer: isOnBotJava: class=TankDrive loader=OnBotJavaClassLoader: true
10-06 14:43:50.876  1018  1714 V OnBotJavaDeterminer: isOnBotJava: class=Rectangle loader=OnBotJavaClassLoader: true
10-06 14:43:50.877  1018  1714 V OnBotJavaDeterminer: isOnBotJava: class=JoystickHandler loader=OnBotJavaClassLoader: true
10-06 14:43:50.877  1018  1714 V OnBotJavaDeterminer: isOnBotJava: class=VisionHelperSkyStone loader=OnBotJavaClassLoader: true
10-06 14:43:50.877  1018  1714 V OnBotJavaDeterminer: isOnBotJava: class=PlayJSONTest loader=OnBotJavaClassLoader: true
10-06 14:43:50.877  1018  1714 V OnBotJavaDeterminer: isOnBotJava: class=Location loader=OnBotJavaClassLoader: true
10-06 14:43:50.877  1018  1714 V OnBotJavaDeterminer: isOnBotJava: class=Shape loader=OnBotJavaClassLoader: true
10-06 14:43:50.877  1018  1714 V OnBotJavaDeterminer: isOnBotJava: class=RecordJSONTest loader=OnBotJavaClassLoader: true
10-06 14:43:50.877  1018  1714 V OnBotJavaDeterminer: isOnBotJava: class= loader=OnBotJavaClassLoader: true
10-06 14:43:50.877  1018  1714 V OnBotJavaDeterminer: isOnBotJava: class=VuforiaHelper loader=OnBotJavaClassLoader: true
10-06 14:43:50.877  1018  1714 V OnBotJavaDeterminer: isOnBotJava: class=UltimateV1Auto loader=OnBotJavaClassLoader: true
10-06 14:43:50.878  1018  1714 V OnBotJavaDeterminer: isOnBotJava: class=TankDrive loader=OnBotJavaClassLoader: true
10-06 14:43:50.878  1018  1714 V OnBotJavaDeterminer: isOnBotJava: class=Rectangle loader=OnBotJavaClassLoader: true
10-06 14:43:50.878  1018  1714 V OnBotJavaDeterminer: isOnBotJava: class=JoystickHandler loader=OnBotJavaClassLoader: true
10-06 14:43:50.878  1018  1714 V OnBotJavaDeterminer: isOnBotJava: class=VisionHelperSkyStone loader=OnBotJavaClassLoader: true
10-06 14:43:50.878  1018  1714 V OnBotJavaDeterminer: isOnBotJava: class=PlayJSONTest loader=OnBotJavaClassLoader: true
10-06 14:43:50.879  1018  1714 V OnBotJavaDeterminer: isOnBotJava: class=Location loader=OnBotJavaClassLoader: true
10-06 14:43:50.879  1018  1714 V OnBotJavaDeterminer: isOnBotJava: class=Shape loader=OnBotJavaClassLoader: true
10-06 14:43:50.879  1018  1714 V OnBotJavaDeterminer: isOnBotJava: class=RecordJSONTest loader=OnBotJavaClassLoader: true
10-06 14:43:50.879  1018  1714 V OnBotJavaDeterminer: isOnBotJava: class= loader=OnBotJavaClassLoader: true
10-06 14:43:50.880  1018  1714 V OnBotJavaDeterminer: isOnBotJava: class=VuforiaHelper loader=OnBotJavaClassLoader: true
10-06 14:43:50.880  1018  1714 V OnBotJavaDeterminer: isOnBotJava: class=UltimateV1Auto loader=OnBotJavaClassLoader: true
10-06 14:43:50.880  1018  1714 V OnBotJavaDeterminer: isOnBotJava: class=TankDrive loader=OnBotJavaClassLoader: true
10-06 14:43:50.881  1018  1714 V OnBotJavaDeterminer: isOnBotJava: class=Rectangle loader=OnBotJavaClassLoader: true
10-06 14:43:50.881  1018  1714 V OnBotJavaDeterminer: isOnBotJava: class=TankDrive loader=OnBotJavaClassLoader: true
10-06 14:43:50.882  1018  1714 V OnBotJavaDeterminer: isOnBotJava: class=UltimateV1Auto loader=OnBotJavaClassLoader: true
10-06 14:43:50.882  1018  1714 V OnBotJavaDeterminer: isOnBotJava: class=RecordJSONTest loader=OnBotJavaClassLoader: true
10-06 14:43:50.883  1018  1714 V OnBotJavaDeterminer: isOnBotJava: class=PlayJSONTest loader=OnBotJavaClassLoader: true
10-06 14:43:50.884  1018  1714 V OpmodeRegistration: registered {TankDrive} as {Tank Drive}
10-06 14:43:50.884  1018  1714 V OpmodeRegistration: registered {UltimateV1Auto} as {UltimateV1Auto}
10-06 14:43:50.885  1018  1714 V OpmodeRegistration: registered {RecordJSONTest} as {Record Test}
10-06 14:43:50.885  1018  1714 V OpmodeRegistration: registered {PlayJSONTest} as {Play JSON Test}
10-06 14:43:50.894  1018  1714 I RobotCore: Attempting to switch to op mode $Stop$Robot$
10-06 14:43:50.914  1018  1289 V Robocol : sending CMD_NOTIFY_ACTIVE_CONFIGURATION(14874), attempt: 0
10-06 14:43:50.915  1018  1289 V Robocol : sending CMD_NOTIFY_USER_DEVICE_LIST(14875), attempt: 0
10-06 14:43:50.917  1018  1289 V Robocol : sending CMD_NOTIFY_OP_MODE_LIST(14876), attempt: 0
10-06 14:43:50.917  1018  1289 V Robocol : sending CMD_NOTIFY_INIT_OP_MODE(14880), attempt: 0
10-06 14:43:50.960  1018  1148 V Robocol : received command: CMD_RUN_OP_MODE(21919) $Stop$Robot$
10-06 14:43:50.995  1018  1289 V Robocol : sending CMD_NOTIFY_RUN_OP_MODE(14891), attempt: 0
10-06 14:44:00.076  1018  1148 V Robocol : received command: CMD_SET_MATCH_NUMBER(22056) 0
10-06 14:44:00.078  1018  1148 V Robocol : received command: CMD_INIT_OP_MODE(22057) Record Test
10-06 14:44:00.089  1018  1147 I RobotCore: ******************** START - OPMODE Record Test ********************
10-06 14:44:00.091  1018  1714 I RobotCore: Attempting to switch to op mode Record Test
10-06 14:44:00.168  1018  1722 V RobotCore: thread: 'LinearOpMode main' starting...
10-06 14:44:00.195  1018  1289 V Robocol : sending CMD_NOTIFY_INIT_OP_MODE(15035), attempt: 0
10-06 14:44:25.110  1018  1649 V ProgrammingModeManager: serve uri=/java/file/tree
10-06 14:44:40.785  1018  1724 V ProgrammingModeManager: serve uri=/java/file/new
10-06 14:44:40.792  1018  1724 D org.firstinspires.ftc.onbotjava.handlers.file.NewFile: Processing template tag 'opModeAnnotations'
10-06 14:44:40.792  1018  1724 D org.firstinspires.ftc.onbotjava.handlers.file.NewFile: Processing template tag 'name'
10-06 14:44:40.793  1018  1724 D org.firstinspires.ftc.onbotjava.handlers.file.NewFile: Processing template tag 'opModeName'
10-06 14:44:40.793  1018  1724 D org.firstinspires.ftc.onbotjava.handlers.file.NewFile: Processing template tag 'packageName'
10-06 14:44:40.794  1018  1724 D org.firstinspires.ftc.onbotjava.handlers.file.NewFile: Processing template tag 'teamName'
10-06 14:44:40.794  1018  1724 D org.firstinspires.ftc.onbotjava.handlers.file.NewFile: Processing template tag 'year'
10-06 14:44:40.827  1018  1139 V WebSocketManager: Unsubscribed websocket (ip=192.168.43.2/192.168.43.2 port=8081) from namespace (ONBOTJAVA)
10-06 14:44:41.269  1018  1733 V ProgrammingModeManager: serve uri=/java/js/settings.js
10-06 14:44:41.407  1018  1734 V ProgrammingModeManager: serve uri=/css/colors.less
10-06 14:44:41.446  1018  1734 I RobotCore: ChadsControlHubOfAmazingness
10-06 14:44:41.449  1018  1733 V ProgrammingModeManager: serve uri=/java/js/editor/autocomplete
10-06 14:44:41.457  1018  1731 I RobotCore: ChadsControlHubOfAmazingness
10-06 14:44:41.458  1018  1729 V ProgrammingModeManager: serve uri=/java/file/tree
10-06 14:44:41.459  1018  1139 V WebSocketManager: Subscribed websocket (ip=192.168.43.2/192.168.43.2 port=8081) to namespace (ONBOTJAVA)
10-06 14:44:41.467  1018  1727 I RobotCore: ChadsControlHubOfAmazingness
10-06 14:44:41.526  1018  1729 V ProgrammingModeManager: serve uri=/java/file/get
10-06 14:44:41.528  1018  1734 V ProgrammingModeManager: serve uri=/java/file/templates
10-06 14:44:45.462  1018  1734 V ProgrammingModeManager: serve uri=/java/file/delete
10-06 14:44:45.478  1018  1734 V ProgrammingModeManager: serve uri=/java/file/tree
10-06 14:44:46.531  1018  1734 V ProgrammingModeManager: serve uri=/java/file/save
10-06 14:44:48.536  1018  1734 V ProgrammingModeManager: serve uri=/java/file/save
10-06 14:44:48.545  1018  1061 V OnBotJava: build request file changed: 0x00000002 /storage/emulated/0/FIRST/java/control/buildRequest.txt
10-06 14:44:48.547  1018  1139 I ONBOTJAVA_BUILD_MONITOR: Build 1602009888538 is pending
10-06 14:44:48.547  1018  1061 V OnBotJava: build request file changed: 0x00000002 /storage/emulated/0/FIRST/java/control/buildRequest.txt
10-06 14:44:48.548  1018  1739 V OnBotJava: build()...
10-06 14:44:48.561  1018  1061 I ONBOTJAVA_BUILD_MONITOR: Build 1602009888538 has successfully started
10-06 14:44:48.564  1018  1739 V OnBotJava: clean()...
10-06 14:44:48.602  1018  1739 V OnBotJava: ...clean()
10-06 14:44:48.603  1018  1739 V OnBotJava: ensureBuildDirs()...
10-06 14:44:48.618  1018  1739 V OnBotJava: ...ensureBuildDirs()
10-06 14:44:48.618  1018  1739 V OnBotJava: compileJavaFiles()...
10-06 14:44:49.541  1018  1739 V OnBotJava: ...compileJavaFiles()
10-06 14:44:49.545  1018  1739 V OnBotJava: consolidateClassFilesInJar()...
10-06 14:44:49.546  1018  1739 V OnBotJava: consolidating to /storage/emulated/0/FIRST/java/build/jars/onBotJavaJar-2020-10-06+14.44.49--1589154076/OnBotJava.jar
10-06 14:44:49.629  1018  1739 V OnBotJava: ...consolidateClassFilesInJar()
10-06 14:44:49.629  1018  1739 V OnBotJava: copyInputJarFiles()...
10-06 14:44:49.634  1018  1739 V OnBotJava: ...copyInputJarFiles()
10-06 14:44:49.634  1018  1739 V OnBotJava: dexifyJarFiles()...
10-06 14:44:49.637  1018  1739 V OnBotJava: dexifying /storage/emulated/0/FIRST/java/build/jars/onBotJavaJar-2020-10-06+14.44.49--1589154076/OnBotJava.jar...
10-06 14:44:49.639  1018  1739 I System.out: ignoring input files
10-06 14:44:50.178  1018  1739 V OnBotJava: ...dexifying /storage/emulated/0/FIRST/java/build/jars/onBotJavaJar-2020-10-06+14.44.49--1589154076/OnBotJava.jar
10-06 14:44:50.180  1018  1739 V OnBotJava: ...dexifyJarFiles()
10-06 14:44:50.182  1018  1061 V RegisteredOpModes: noting that OnBotJava changed
10-06 14:44:50.182  1018  1739 V OnBotJava: onBotJava build finished successfully
10-06 14:44:50.182  1018  1061 V RegisteredOpModes: noting that OnBotJava changed
10-06 14:44:50.185  1018  1061 I ONBOTJAVA_BUILD_MONITOR: Build 1602009888538 completed with status SUCCESSFUL
10-06 14:44:50.185  1018  1061 V ONBOTJAVA_BUILD_MONITOR: Rejecting the build state transition to SUCCESSFUL, as current build state is SUCCESSFUL
10-06 14:44:50.187  1018  1739 V OnBotJava: ...build()
10-06 14:44:50.187  1018  1714 V OnBotJavaDeterminer: isOnBotJava: class=DefaultOpMode loader=PathClassLoader: false
10-06 14:44:50.187  1018  1714 V OnBotJavaDeterminer: isOnBotJava: class=TankDrive loader=OnBotJavaClassLoader: true
10-06 14:44:50.187  1018  1714 V OpmodeRegistration: unregistered {Tank Drive}
10-06 14:44:50.188  1018  1714 V OnBotJavaDeterminer: isOnBotJava: class=UltimateV1Auto loader=OnBotJavaClassLoader: true
10-06 14:44:50.188  1018  1714 V OpmodeRegistration: unregistered {UltimateV1Auto}
10-06 14:44:50.188  1018  1714 V OnBotJavaDeterminer: isOnBotJava: class=RecordJSONTest loader=OnBotJavaClassLoader: true
10-06 14:44:50.188  1018  1714 V OpmodeRegistration: unregistered {Record Test}
10-06 14:44:50.188  1018  1714 V OnBotJavaDeterminer: isOnBotJava: class=PlayJSONTest loader=OnBotJavaClassLoader: true
10-06 14:44:50.188  1018  1714 V OpmodeRegistration: unregistered {Play JSON Test}
10-06 14:44:50.191  1018  1714 V OnBotJava:ClassLoader: opening DexFile /storage/emulated/0/FIRST/java/build/jars/onBotJavaJar-2020-10-06+14.44.49--1589154076/OnBotJava.jar
10-06 14:44:50.222  1018  1734 V ProgrammingModeManager: serve uri=/java/build/wait
10-06 14:44:50.228  1018  1734 V ProgrammingModeManager: serve uri=/java/build/wait
10-06 14:44:50.250  1742  1742 I dex2oat : /system/bin/dex2oat --dex-file=/storage/emulated/0/FIRST/java/build/jars/onBotJavaJar-2020-10-06+14.44.49--1589154076/OnBotJava.jar --oat-fd=113 --oat-location=/data/user/0/com.qualcomm.ftcrobotcontroller/code_cache/@storage@emulated@0@FIRST@java@build@jars@onBotJavaJar-2020-10-06+14.44.49--1589154076@OnBotJava.jar@classes.dex --compiler-filter=speed
10-06 14:44:50.350  1742  1742 I dex2oat : dex2oat took 100.486ms (threads: 4) arena alloc=1223KB (1252920B) java alloc=71KB (73208B) native alloc=493KB (505760B) free=2MB (2115680B)
10-06 14:44:50.356  1018  1714 I OnBotJavaHelperImpl: /storage/emulated/0/FIRST/java/build/jars/onBotJavaJar-2020-10-06+14.44.49--1589154076/OnBotJava.jar: Autonomous.Location
10-06 14:44:50.356  1018  1714 I OnBotJavaHelperImpl: /storage/emulated/0/FIRST/java/build/jars/onBotJavaJar-2020-10-06+14.44.49--1589154076/OnBotJava.jar: Autonomous.OpModes.PlayJSONTest
10-06 14:44:50.356  1018  1714 I OnBotJavaHelperImpl: /storage/emulated/0/FIRST/java/build/jars/onBotJavaJar-2020-10-06+14.44.49--1589154076/OnBotJava.jar: Autonomous.OpModes.RecordJSONTest
10-06 14:44:50.356  1018  1714 I OnBotJavaHelperImpl: /storage/emulated/0/FIRST/java/build/jars/onBotJavaJar-2020-10-06+14.44.49--1589154076/OnBotJava.jar: Autonomous.OpModes.UltimateV1Auto
10-06 14:44:50.356  1018  1714 I OnBotJavaHelperImpl: /storage/emulated/0/FIRST/java/build/jars/onBotJavaJar-2020-10-06+14.44.49--1589154076/OnBotJava.jar: Autonomous.Rectangle
10-06 14:44:50.356  1018  1714 I OnBotJavaHelperImpl: /storage/emulated/0/FIRST/java/build/jars/onBotJavaJar-2020-10-06+14.44.49--1589154076/OnBotJava.jar: Autonomous.Shape
10-06 14:44:50.356  1018  1714 I OnBotJavaHelperImpl: /storage/emulated/0/FIRST/java/build/jars/onBotJavaJar-2020-10-06+14.44.49--1589154076/OnBotJava.jar: Autonomous.VisionHelperSkyStone$1
10-06 14:44:50.356  1018  1714 I OnBotJavaHelperImpl: /storage/emulated/0/FIRST/java/build/jars/onBotJavaJar-2020-10-06+14.44.49--1589154076/OnBotJava.jar: Autonomous.VisionHelperSkyStone
10-06 14:44:50.356  1018  1714 I OnBotJavaHelperImpl: /storage/emulated/0/FIRST/java/build/jars/onBotJavaJar-2020-10-06+14.44.49--1589154076/OnBotJava.jar: Autonomous.VuforiaHelper
10-06 14:44:50.356  1018  1714 I OnBotJavaHelperImpl: /storage/emulated/0/FIRST/java/build/jars/onBotJavaJar-2020-10-06+14.44.49--1589154076/OnBotJava.jar: UserControlled.JoystickHandler
10-06 14:44:50.356  1018  1714 I OnBotJavaHelperImpl: /storage/emulated/0/FIRST/java/build/jars/onBotJavaJar-2020-10-06+14.44.49--1589154076/OnBotJava.jar: UserControlled.TankDrive
10-06 14:44:50.358  1018  1714 V OnBotJava:ClassLoader: opening DexFile /storage/emulated/0/FIRST/java/build/jars/onBotJavaJar-2020-10-06+14.44.49--1589154076/OnBotJava.jar
10-06 14:44:50.362  1018  1714 V OnBotJava:ClassLoader: From /storage/emulated/0/FIRST/java/build/jars/onBotJavaJar-2020-10-06+14.44.49--1589154076/OnBotJava.jar loaded: UserControlled.JoystickHandler
10-06 14:44:50.363  1018  1714 V OnBotJava:ClassLoader: From /storage/emulated/0/FIRST/java/build/jars/onBotJavaJar-2020-10-06+14.44.49--1589154076/OnBotJava.jar loaded: Autonomous.VisionHelperSkyStone
10-06 14:44:50.363  1018  1714 V OnBotJava:ClassLoader: From /storage/emulated/0/FIRST/java/build/jars/onBotJavaJar-2020-10-06+14.44.49--1589154076/OnBotJava.jar loaded: Autonomous.OpModes.PlayJSONTest
10-06 14:44:50.363  1018  1714 V OnBotJava:ClassLoader: From /storage/emulated/0/FIRST/java/build/jars/onBotJavaJar-2020-10-06+14.44.49--1589154076/OnBotJava.jar loaded: Autonomous.Location
10-06 14:44:50.364  1018  1714 V OnBotJava:ClassLoader: From /storage/emulated/0/FIRST/java/build/jars/onBotJavaJar-2020-10-06+14.44.49--1589154076/OnBotJava.jar loaded: Autonomous.Shape
10-06 14:44:50.364  1018  1714 V OnBotJava:ClassLoader: From /storage/emulated/0/FIRST/java/build/jars/onBotJavaJar-2020-10-06+14.44.49--1589154076/OnBotJava.jar loaded: Autonomous.OpModes.RecordJSONTest
10-06 14:44:50.364  1018  1714 V OnBotJava:ClassLoader: From /storage/emulated/0/FIRST/java/build/jars/onBotJavaJar-2020-10-06+14.44.49--1589154076/OnBotJava.jar loaded: Autonomous.VisionHelperSkyStone$1
10-06 14:44:50.364  1018  1714 V OnBotJava:ClassLoader: From /storage/emulated/0/FIRST/java/build/jars/onBotJavaJar-2020-10-06+14.44.49--1589154076/OnBotJava.jar loaded: Autonomous.VuforiaHelper
10-06 14:44:50.364  1018  1714 V OnBotJava:ClassLoader: From /storage/emulated/0/FIRST/java/build/jars/onBotJavaJar-2020-10-06+14.44.49--1589154076/OnBotJava.jar loaded: Autonomous.OpModes.UltimateV1Auto
10-06 14:44:50.365  1018  1714 V OnBotJava:ClassLoader: From /storage/emulated/0/FIRST/java/build/jars/onBotJavaJar-2020-10-06+14.44.49--1589154076/OnBotJava.jar loaded: UserControlled.TankDrive
10-06 14:44:50.365  1018  1714 V OnBotJava:ClassLoader: From /storage/emulated/0/FIRST/java/build/jars/onBotJavaJar-2020-10-06+14.44.49--1589154076/OnBotJava.jar loaded: Autonomous.Rectangle
10-06 14:44:50.365  1018  1714 V OnBotJavaDeterminer: isOnBotJava: class=JoystickHandler loader=OnBotJavaClassLoader: true
10-06 14:44:50.365  1018  1714 V OnBotJavaDeterminer: isOnBotJava: class=VisionHelperSkyStone loader=OnBotJavaClassLoader: true
10-06 14:44:50.365  1018  1714 V OnBotJavaDeterminer: isOnBotJava: class=PlayJSONTest loader=OnBotJavaClassLoader: true
10-06 14:44:50.365  1018  1714 V OnBotJavaDeterminer: isOnBotJava: class=Location loader=OnBotJavaClassLoader: true
10-06 14:44:50.365  1018  1714 V OnBotJavaDeterminer: isOnBotJava: class=Shape loader=OnBotJavaClassLoader: true
10-06 14:44:50.365  1018  1714 V OnBotJavaDeterminer: isOnBotJava: class=RecordJSONTest loader=OnBotJavaClassLoader: true
10-06 14:44:50.366  1018  1714 V OnBotJavaDeterminer: isOnBotJava: class= loader=OnBotJavaClassLoader: true
10-06 14:44:50.366  1018  1714 V OnBotJavaDeterminer: isOnBotJava: class=VuforiaHelper loader=OnBotJavaClassLoader: true
10-06 14:44:50.366  1018  1714 V OnBotJavaDeterminer: isOnBotJava: class=UltimateV1Auto loader=OnBotJavaClassLoader: true
10-06 14:44:50.366  1018  1714 V OnBotJavaDeterminer: isOnBotJava: class=TankDrive loader=OnBotJavaClassLoader: true
10-06 14:44:50.366  1018  1714 V OnBotJavaDeterminer: isOnBotJava: class=Rectangle loader=OnBotJavaClassLoader: true
10-06 14:44:50.366  1018  1714 V OnBotJavaDeterminer: isOnBotJava: class=JoystickHandler loader=OnBotJavaClassLoader: true
10-06 14:44:50.366  1018  1714 V OnBotJavaDeterminer: isOnBotJava: class=VisionHelperSkyStone loader=OnBotJavaClassLoader: true
10-06 14:44:50.366  1018  1714 V OnBotJavaDeterminer: isOnBotJava: class=PlayJSONTest loader=OnBotJavaClassLoader: true
10-06 14:44:50.367  1018  1714 V OnBotJavaDeterminer: isOnBotJava: class=Location loader=OnBotJavaClassLoader: true
10-06 14:44:50.367  1018  1714 V OnBotJavaDeterminer: isOnBotJava: class=Shape loader=OnBotJavaClassLoader: true
10-06 14:44:50.367  1018  1714 V OnBotJavaDeterminer: isOnBotJava: class=RecordJSONTest loader=OnBotJavaClassLoader: true
10-06 14:44:50.367  1018  1714 V OnBotJavaDeterminer: isOnBotJava: class= loader=OnBotJavaClassLoader: true
10-06 14:44:50.367  1018  1714 V OnBotJavaDeterminer: isOnBotJava: class=VuforiaHelper loader=OnBotJavaClassLoader: true
10-06 14:44:50.367  1018  1714 V OnBotJavaDeterminer: isOnBotJava: class=UltimateV1Auto loader=OnBotJavaClassLoader: true
10-06 14:44:50.367  1018  1714 V OnBotJavaDeterminer: isOnBotJava: class=TankDrive loader=OnBotJavaClassLoader: true
10-06 14:44:50.367  1018  1714 V OnBotJavaDeterminer: isOnBotJava: class=Rectangle loader=OnBotJavaClassLoader: true
10-06 14:44:50.367  1018  1714 V OnBotJavaDeterminer: isOnBotJava: class=TankDrive loader=OnBotJavaClassLoader: true
10-06 14:44:50.368  1018  1714 V OnBotJavaDeterminer: isOnBotJava: class=UltimateV1Auto loader=OnBotJavaClassLoader: true
10-06 14:44:50.368  1018  1714 V OnBotJavaDeterminer: isOnBotJava: class=RecordJSONTest loader=OnBotJavaClassLoader: true
10-06 14:44:50.368  1018  1714 V OnBotJavaDeterminer: isOnBotJava: class=PlayJSONTest loader=OnBotJavaClassLoader: true
10-06 14:44:50.368  1018  1714 V OnBotJavaDeterminer: isOnBotJava: class=TankDrive loader=OnBotJavaClassLoader: true
10-06 14:44:50.368  1018  1714 V OnBotJavaDeterminer: isOnBotJava: class=UltimateV1Auto loader=OnBotJavaClassLoader: true
10-06 14:44:50.368  1018  1714 V OnBotJavaDeterminer: isOnBotJava: class=RecordJSONTest loader=OnBotJavaClassLoader: true
10-06 14:44:50.368  1018  1714 V OnBotJavaDeterminer: isOnBotJava: class=PlayJSONTest loader=OnBotJavaClassLoader: true
10-06 14:44:50.369  1018  1714 V OnBotJavaDeterminer: isOnBotJava: class=JoystickHandler loader=OnBotJavaClassLoader: true
10-06 14:44:50.369  1018  1714 V OnBotJavaDeterminer: isOnBotJava: class=VisionHelperSkyStone loader=OnBotJavaClassLoader: true
10-06 14:44:50.370  1018  1714 V OnBotJavaDeterminer: isOnBotJava: class=PlayJSONTest loader=OnBotJavaClassLoader: true
10-06 14:44:50.371  1018  1714 V OnBotJavaDeterminer: isOnBotJava: class=Location loader=OnBotJavaClassLoader: true
10-06 14:44:50.371  1018  1714 V OnBotJavaDeterminer: isOnBotJava: class=Shape loader=OnBotJavaClassLoader: true
10-06 14:44:50.371  1018  1714 V OnBotJavaDeterminer: isOnBotJava: class=RecordJSONTest loader=OnBotJavaClassLoader: true
10-06 14:44:50.371  1018  1714 V OnBotJavaDeterminer: isOnBotJava: class= loader=OnBotJavaClassLoader: true
10-06 14:44:50.372  1018  1714 V OnBotJavaDeterminer: isOnBotJava: class=VuforiaHelper loader=OnBotJavaClassLoader: true
10-06 14:44:50.372  1018  1714 V OnBotJavaDeterminer: isOnBotJava: class=UltimateV1Auto loader=OnBotJavaClassLoader: true
10-06 14:44:50.373  1018  1714 V OnBotJavaDeterminer: isOnBotJava: class=TankDrive loader=OnBotJavaClassLoader: true
10-06 14:44:50.373  1018  1714 V OnBotJavaDeterminer: isOnBotJava: class=Rectangle loader=OnBotJavaClassLoader: true
10-06 14:44:50.374  1018  1714 V OnBotJavaDeterminer: isOnBotJava: class=JoystickHandler loader=OnBotJavaClassLoader: true
10-06 14:44:50.374  1018  1714 V OnBotJavaDeterminer: isOnBotJava: class=VisionHelperSkyStone loader=OnBotJavaClassLoader: true
10-06 14:44:50.374  1018  1714 V OnBotJavaDeterminer: isOnBotJava: class=PlayJSONTest loader=OnBotJavaClassLoader: true
10-06 14:44:50.374  1018  1714 V OnBotJavaDeterminer: isOnBotJava: class=Location loader=OnBotJavaClassLoader: true
10-06 14:44:50.374  1018  1714 V OnBotJavaDeterminer: isOnBotJava: class=Shape loader=OnBotJavaClassLoader: true
10-06 14:44:50.374  1018  1714 V OnBotJavaDeterminer: isOnBotJava: class=RecordJSONTest loader=OnBotJavaClassLoader: true
10-06 14:44:50.374  1018  1714 V OnBotJavaDeterminer: isOnBotJava: class= loader=OnBotJavaClassLoader: true
10-06 14:44:50.374  1018  1714 V OnBotJavaDeterminer: isOnBotJava: class=VuforiaHelper loader=OnBotJavaClassLoader: true
10-06 14:44:50.374  1018  1714 V OnBotJavaDeterminer: isOnBotJava: class=UltimateV1Auto loader=OnBotJavaClassLoader: true
10-06 14:44:50.374  1018  1714 V OnBotJavaDeterminer: isOnBotJava: class=TankDrive loader=OnBotJavaClassLoader: true
10-06 14:44:50.375  1018  1714 V OnBotJavaDeterminer: isOnBotJava: class=Rectangle loader=OnBotJavaClassLoader: true
10-06 14:44:50.375  1018  1714 V OnBotJavaDeterminer: isOnBotJava: class=JoystickHandler loader=OnBotJavaClassLoader: true
10-06 14:44:50.375  1018  1714 V OnBotJavaDeterminer: isOnBotJava: class=VisionHelperSkyStone loader=OnBotJavaClassLoader: true
10-06 14:44:50.375  1018  1714 V OnBotJavaDeterminer: isOnBotJava: class=PlayJSONTest loader=OnBotJavaClassLoader: true
10-06 14:44:50.375  1018  1714 V OnBotJavaDeterminer: isOnBotJava: class=Location loader=OnBotJavaClassLoader: true
10-06 14:44:50.376  1018  1714 V OnBotJavaDeterminer: isOnBotJava: class=Shape loader=OnBotJavaClassLoader: true
10-06 14:44:50.376  1018  1714 V OnBotJavaDeterminer: isOnBotJava: class=RecordJSONTest loader=OnBotJavaClassLoader: true
10-06 14:44:50.376  1018  1714 V OnBotJavaDeterminer: isOnBotJava: class= loader=OnBotJavaClassLoader: true
10-06 14:44:50.377  1018  1714 V OnBotJavaDeterminer: isOnBotJava: class=VuforiaHelper loader=OnBotJavaClassLoader: true
10-06 14:44:50.377  1018  1714 V OnBotJavaDeterminer: isOnBotJava: class=UltimateV1Auto loader=OnBotJavaClassLoader: true
10-06 14:44:50.377  1018  1714 V OnBotJavaDeterminer: isOnBotJava: class=TankDrive loader=OnBotJavaClassLoader: true
10-06 14:44:50.378  1018  1714 V OnBotJavaDeterminer: isOnBotJava: class=Rectangle loader=OnBotJavaClassLoader: true
10-06 14:44:50.378  1018  1714 V OnBotJavaDeterminer: isOnBotJava: class=RecordJSONTest loader=OnBotJavaClassLoader: true
10-06 14:44:50.378  1018  1714 V OnBotJavaDeterminer: isOnBotJava: class=TankDrive loader=OnBotJavaClassLoader: true
10-06 14:44:50.379  1018  1714 V OnBotJavaDeterminer: isOnBotJava: class=UltimateV1Auto loader=OnBotJavaClassLoader: true
10-06 14:44:50.379  1018  1714 V OnBotJavaDeterminer: isOnBotJava: class=PlayJSONTest loader=OnBotJavaClassLoader: true
10-06 14:44:50.380  1018  1714 V OpmodeRegistration: registered {RecordJSONTest} as {Record Test}
10-06 14:44:50.380  1018  1714 V OpmodeRegistration: registered {TankDrive} as {Tank Drive}
10-06 14:44:50.381  1018  1714 V OpmodeRegistration: registered {UltimateV1Auto} as {UltimateV1Auto}
10-06 14:44:50.381  1018  1714 V OpmodeRegistration: registered {PlayJSONTest} as {Play JSON Test}
10-06 14:44:50.395  1018  1289 V Robocol : sending CMD_NOTIFY_ACTIVE_CONFIGURATION(15566), attempt: 0
10-06 14:44:50.395  1018  1289 V Robocol : sending CMD_NOTIFY_USER_DEVICE_LIST(15567), attempt: 0
10-06 14:44:50.396  1018  1289 V Robocol : sending CMD_NOTIFY_OP_MODE_LIST(15568), attempt: 0
10-06 14:44:53.797  1018  1148 V Robocol : received command: CMD_RESTART_ROBOT(23527)
10-06 14:44:53.802  1018  1147 D FtcEventLoopHandler: restarting robot...
10-06 14:44:53.805  1018  1018 V Robocol : EventLoopManager.shutdown()
10-06 14:44:53.806  1018  1722 V RobotCore: thread: ...terminating 'LinearOpMode main'
10-06 14:44:53.806  1018  1714 I FtcEventLoop: auto-stopping OpMode 'Record Test'
10-06 14:44:53.808  1018  1018 I RobotCore: ******************** STOP - OPMODE /storage/emulated/0/FIRST/matchlogs/Match-0-Record_Test.txt ********************
10-06 14:44:53.813  1018  1751 I RobotCore: saving match logcat to /storage/emulated/0/FIRST/matchlogs/Match-0-Record_Test.txt
10-06 14:44:53.813  1018  1751 I RobotCore: logging command line: exec logcat -d -T '10-6 14:44:0.000' -f /storage/emulated/0/FIRST/matchlogs/Match-0-Record_Test.txt -n4 -v threadtime UsbRequestJNI:S UsbRequest:S art:W ThreadPool:W System:W ExtendedExtractor:W OMXClient:W MediaPlayer:W dalvikvm:W  *:V
10-06 14:44:53.814  1018  1714 W System.err: java.lang.InterruptedException
10-06 14:44:53.815  1018  1714 W System.err: 	at java.util.concurrent.locks.AbstractQueuedSynchronizer.acquireSharedInterruptibly(AbstractQueuedSynchronizer.java:1301)
10-06 14:44:53.815  1018  1714 W System.err: 	at java.util.concurrent.CountDownLatch.await(CountDownLatch.java:203)
10-06 14:44:53.815  1018  1714 W System.err: 	at org.firstinspires.ftc.robotcore.internal.opmode.OpModeManagerImpl.detectStuck(OpModeManagerImpl.java:446)
10-06 14:44:53.815  1018  1714 W System.err: 	at org.firstinspires.ftc.robotcore.internal.opmode.OpModeManagerImpl.detectStuck(OpModeManagerImpl.java:431)
10-06 14:44:53.815  1018  1714 W System.err: 	at org.firstinspires.ftc.robotcore.internal.opmode.OpModeManagerImpl.callActiveOpModeStop(OpModeManagerImpl.java:410)
10-06 14:44:53.815  1018  1714 W System.err: 	at org.firstinspires.ftc.robotcore.internal.opmode.OpModeManagerImpl.runActiveOpMode(OpModeManagerImpl.java:330)
10-06 14:44:53.816  1018  1714 W System.err: 	at com.qualcomm.ftccommon.FtcEventLoop.loop(FtcEventLoop.java:236)
10-06 14:44:53.816  1018  1714 W System.err: 	at com.qualcomm.robotcore.eventloop.EventLoopManager$EventLoopRunnable$1.run(EventLoopManager.java:301)
10-06 14:44:53.816  1018  1714 W System.err: 	at com.qualcomm.robotcore.util.ThreadPool.logThreadLifeCycle(ThreadPool.java:737)
10-06 14:44:53.816  1018  1714 W System.err: 	at com.qualcomm.robotcore.eventloop.EventLoopManager$EventLoopRunnable.run(EventLoopManager.java:244)
10-06 14:44:53.816  1018  1714 W System.err: 	at com.qualcomm.robotcore.eventloop.EventLoopManager$1.run(EventLoopManager.java:569)
10-06 14:44:53.816  1018  1714 W System.err: 	at java.util.concurrent.ThreadPoolExecutor.runWorker(ThreadPoolExecutor.java:1133)
10-06 14:44:53.816  1018  1714 W System.err: 	at java.util.concurrent.ThreadPoolExecutor$Worker.run(ThreadPoolExecutor.java:607)
10-06 14:44:53.816  1018  1714 W System.err: 	at com.qualcomm.robotcore.util.ThreadPool$ThreadFactoryImpl$1.run(ThreadPool.java:793)
10-06 14:44:53.816  1018  1714 W System.err: 	at java.lang.Thread.run(Thread.java:761)
10-06 14:44:53.817  1018  1714 I RobotCore: Attempting to switch to op mode $Stop$Robot$
10-06 14:44:53.818  1018  1714 E LynxMotor: unexpected exception thrown during lynx communication
10-06 14:44:53.819  1018  1714 E LynxMotor: java.lang.InterruptedException
10-06 14:44:53.821  1018  1714 E LynxMotor: 	at java.util.concurrent.locks.AbstractQueuedSynchronizer.acquireInterruptibly(AbstractQueuedSynchronizer.java:1218)
10-06 14:44:53.822  1018  1714 E LynxMotor: 	at java.util.concurrent.locks.ReentrantLock.lockInterruptibly(ReentrantLock.java:312)
10-06 14:44:53.823  1018  1714 E LynxMotor: 	at com.qualcomm.hardware.lynx.MessageKeyedLock.acquire(MessageKeyedLock.java:168)
10-06 14:44:53.824  1018  1714 E LynxMotor: 	at com.qualcomm.hardware.lynx.LynxUsbDeviceImpl.acquireNetworkTransmissionLock(LynxUsbDeviceImpl.java:809)
10-06 14:44:53.824  1018  1714 E LynxMotor: 	at com.qualcomm.hardware.lynx.LynxUsbDeviceDelegate.acquireNetworkTransmissionLock(LynxUsbDeviceDelegate.java:192)
10-06 14:44:53.825  1018  1714 E LynxMotor: 	at com.qualcomm.hardware.lynx.LynxModule.acquireNetworkTransmissionLock(LynxModule.java:1740)
10-06 14:44:53.826  1018  1714 E LynxMotor: 	at com.qualcomm.hardware.lynx.commands.LynxMessage.acquireNetworkLock(LynxMessage.java:130)
10-06 14:44:53.826  1018  1714 E LynxMotor: 	at com.qualcomm.hardware.lynx.commands.LynxRespondable.sendReceive(LynxRespondable.java:255)
10-06 14:44:53.827  1018  1714 E LynxMotor: 	at com.qualcomm.hardware.lynx.LynxDcMotorController.internalGetPublicMotorMode(LynxDcMotorController.java:427)
10-06 14:44:53.827  1018  1714 E LynxMotor: 	at com.qualcomm.hardware.lynx.LynxDcMotorController.internalGetMotorPower(LynxDcMotorController.java:584)
10-06 14:44:53.828  1018  1714 E LynxMotor: 	at com.qualcomm.hardware.lynx.LynxDcMotorController.getMotorPower(LynxDcMotorController.java:474)
10-06 14:44:53.829  1018  1714 E LynxMotor: 	at com.qualcomm.robotcore.hardware.DcMotorImpl.getPower(DcMotorImpl.java:214)
10-06 14:44:53.830  1018  1714 E LynxMotor: 	at org.firstinspires.ftc.robotcore.internal.opmode.OpModeManagerImpl$DefaultOpMode.startSafe(OpModeManagerImpl.java:822)
10-06 14:44:53.830  1018  1714 E LynxMotor: 	at org.firstinspires.ftc.robotcore.internal.opmode.OpModeManagerImpl$DefaultOpMode.init(OpModeManagerImpl.java:786)
10-06 14:44:53.831  1018  1714 E LynxMotor: 	at org.firstinspires.ftc.robotcore.internal.opmode.OpModeManagerImpl$2.run(OpModeManagerImpl.java:649)
10-06 14:44:53.831  1018  1714 E LynxMotor: 	at org.firstinspires.ftc.robotcore.internal.opmode.OpModeManagerImpl.detectStuck(OpModeManagerImpl.java:437)
10-06 14:44:53.832  1018  1714 E LynxMotor: 	at org.firstinspires.ftc.robotcore.internal.opmode.OpModeManagerImpl.callActiveOpModeInit(OpModeManagerImpl.java:647)
10-06 14:44:53.833  1018  1714 E LynxMotor: 	at org.firstinspires.ftc.robotcore.internal.opmode.OpModeManagerImpl.runActiveOpMode(OpModeManagerImpl.java:351)
10-06 14:44:53.833  1018  1714 E LynxMotor: 	at com.qualcomm.ftccommon.FtcEventLoop.loop(FtcEventLoop.java:236)
10-06 14:44:53.834  1018  1714 E LynxMotor: 	at com.qualcomm.robotcore.eventloop.EventLoopManager$EventLoopRunnable$1.run(EventLoopManager.java:301)
10-06 14:44:53.835  1018  1714 E LynxMotor: 	at com.qualcomm.robotcore.util.ThreadPool.logThreadLifeCycle(ThreadPool.java:737)
10-06 14:44:53.835  1018  1289 V Robocol : sending CMD_SHOW_TOAST(15611), attempt: 0
10-06 14:44:53.835  1018  1714 E LynxMotor: 	at com.qualcomm.robotcore.eventloop.EventLoopManager$EventLoopRunnable.run(EventLoopManager.java:244)
10-06 14:44:53.836  1018  1714 E LynxMotor: 	at com.qualcomm.robotcore.eventloop.EventLoopManager$1.run(EventLoopManager.java:569)
10-06 14:44:53.836  1018  1714 E LynxMotor: 	at java.util.concurrent.ThreadPoolExecutor.runWorker(ThreadPoolExecutor.java:1133)
10-06 14:44:53.837  1018  1714 E LynxMotor: 	at java.util.concurrent.ThreadPoolExecutor$Worker.run(ThreadPoolExecutor.java:607)
10-06 14:44:53.838  1018  1714 E LynxMotor: 	at com.qualcomm.robotcore.util.ThreadPool$ThreadFactoryImpl$1.run(ThreadPool.java:793)
10-06 14:44:53.838  1018  1714 E LynxMotor: 	at java.lang.Thread.run(Thread.java:761)
10-06 14:44:53.839  1018  1714 E LynxMotor: unexpected exception thrown during lynx communication
10-06 14:44:53.840  1018  1714 E LynxMotor: java.lang.InterruptedException
10-06 14:44:53.841  1018  1714 E LynxMotor: 	at java.util.concurrent.locks.AbstractQueuedSynchronizer.acquireInterruptibly(AbstractQueuedSynchronizer.java:1218)
10-06 14:44:53.842  1018  1714 E LynxMotor: 	at java.util.concurrent.locks.ReentrantLock.lockInterruptibly(ReentrantLock.java:312)
10-06 14:44:53.843  1018  1714 E LynxMotor: 	at com.qualcomm.hardware.lynx.MessageKeyedLock.acquire(MessageKeyedLock.java:168)
10-06 14:44:53.843  1018  1714 E LynxMotor: 	at com.qualcomm.hardware.lynx.LynxUsbDeviceImpl.acquireNetworkTransmissionLock(LynxUsbDeviceImpl.java:809)
10-06 14:44:53.844  1018  1714 E LynxMotor: 	at com.qualcomm.hardware.lynx.LynxUsbDeviceDelegate.acquireNetworkTransmissionLock(LynxUsbDeviceDelegate.java:192)
10-06 14:44:53.844  1018  1714 E LynxMotor: 	at com.qualcomm.hardware.lynx.LynxModule.acquireNetworkTransmissionLock(LynxModule.java:1740)
10-06 14:44:53.845  1018  1714 E LynxMotor: 	at com.qualcomm.hardware.lynx.commands.LynxMessage.acquireNetworkLock(LynxMessage.java:130)
10-06 14:44:53.846  1018  1714 E LynxMotor: 	at com.qualcomm.hardware.lynx.commands.LynxRespondable.sendReceive(LynxRespondable.java:255)
10-06 14:44:53.847  1018  1714 E LynxMotor: 	at com.qualcomm.hardware.lynx.LynxDcMotorController.internalGetMotorPower(LynxDcMotorController.java:604)
10-06 14:44:53.847  1018  1714 E LynxMotor: 	at com.qualcomm.hardware.lynx.LynxDcMotorController.getMotorPower(LynxDcMotorController.java:474)
10-06 14:44:53.848  1018  1714 E LynxMotor: 	at com.qualcomm.robotcore.hardware.DcMotorImpl.getPower(DcMotorImpl.java:214)
10-06 14:44:53.848  1018  1714 E LynxMotor: 	at org.firstinspires.ftc.robotcore.internal.opmode.OpModeManagerImpl$DefaultOpMode.startSafe(OpModeManagerImpl.java:822)
10-06 14:44:53.849  1018  1714 E LynxMotor: 	at org.firstinspires.ftc.robotcore.internal.opmode.OpModeManagerImpl$DefaultOpMode.init(OpModeManagerImpl.java:786)
10-06 14:44:53.849  1018  1714 E LynxMotor: 	at org.firstinspires.ftc.robotcore.internal.opmode.OpModeManagerImpl$2.run(OpModeManagerImpl.java:649)
10-06 14:44:53.850  1018  1714 E LynxMotor: 	at org.firstinspires.ftc.robotcore.internal.opmode.OpModeManagerImpl.detectStuck(OpModeManagerImpl.java:437)
10-06 14:44:53.850  1018  1714 E LynxMotor: 	at org.firstinspires.ftc.robotcore.internal.opmode.OpModeManagerImpl.callActiveOpModeInit(OpModeManagerImpl.java:647)
10-06 14:44:53.850  1018  1714 E LynxMotor: 	at org.firstinspires.ftc.robotcore.internal.opmode.OpModeManagerImpl.runActiveOpMode(OpModeManagerImpl.java:351)
10-06 14:44:53.851  1018  1714 E LynxMotor: 	at com.qualcomm.ftccommon.FtcEventLoop.loop(FtcEventLoop.java:236)
10-06 14:44:53.851  1018  1714 E LynxMotor: 	at com.qualcomm.robotcore.eventloop.EventLoopManager$EventLoopRunnable$1.run(EventLoopManager.java:301)
10-06 14:44:53.851  1018  1714 E LynxMotor: 	at com.qualcomm.robotcore.util.ThreadPool.logThreadLifeCycle(ThreadPool.java:737)
10-06 14:44:53.852  1018  1714 E LynxMotor: 	at com.qualcomm.robotcore.eventloop.EventLoopManager$EventLoopRunnable.run(EventLoopManager.java:244)
10-06 14:44:53.852  1018  1714 E LynxMotor: 	at com.qualcomm.robotcore.eventloop.EventLoopManager$1.run(EventLoopManager.java:569)
10-06 14:44:53.852  1018  1714 E LynxMotor: 	at java.util.concurrent.ThreadPoolExecutor.runWorker(ThreadPoolExecutor.java:1133)
10-06 14:44:53.853  1018  1714 E LynxMotor: 	at java.util.concurrent.ThreadPoolExecutor$Worker.run(ThreadPoolExecutor.java:607)
10-06 14:44:53.853  1018  1714 E LynxMotor: 	at com.qualcomm.robotcore.util.ThreadPool$ThreadFactoryImpl$1.run(ThreadPool.java:793)
10-06 14:44:53.853  1018  1714 E LynxMotor: 	at java.lang.Thread.run(Thread.java:761)
10-06 14:44:53.854  1018  1714 E LynxMotor: unexpected exception thrown during lynx communication
10-06 14:44:53.855  1018  1714 E LynxMotor: java.lang.InterruptedException
10-06 14:44:53.855  1018  1714 E LynxMotor: 	at java.util.concurrent.locks.AbstractQueuedSynchronizer.acquireInterruptibly(AbstractQueuedSynchronizer.java:1218)
10-06 14:44:53.856  1018  1714 E LynxMotor: 	at java.util.concurrent.locks.ReentrantLock.lockInterruptibly(ReentrantLock.java:312)
10-06 14:44:53.856  1018  1714 E LynxMotor: 	at com.qualcomm.hardware.lynx.MessageKeyedLock.acquire(MessageKeyedLock.java:168)
10-06 14:44:53.857  1018  1714 E LynxMotor: 	at com.qualcomm.hardware.lynx.LynxUsbDeviceImpl.acquireNetworkTransmissionLock(LynxUsbDeviceImpl.java:809)
10-06 14:44:53.857  1018  1714 E LynxMotor: 	at com.qualcomm.hardware.lynx.LynxUsbDeviceDelegate.acquireNetworkTransmissionLock(LynxUsbDeviceDelegate.java:192)
10-06 14:44:53.858  1018  1714 E LynxMotor: 	at com.qualcomm.hardware.lynx.LynxModule.acquireNetworkTransmissionLock(LynxModule.java:1740)
10-06 14:44:53.858  1018  1714 E LynxMotor: 	at com.qualcomm.hardware.lynx.commands.LynxMessage.acquireNetworkLock(LynxMessage.java:130)
10-06 14:44:53.858  1018  1714 E LynxMotor: 	at com.qualcomm.hardware.lynx.commands.LynxRespondable.sendReceive(LynxRespondable.java:255)
10-06 14:44:53.859  1018  1714 E LynxMotor: 	at com.qualcomm.hardware.lynx.LynxDcMotorController.internalGetPublicMotorMode(LynxDcMotorController.java:427)
10-06 14:44:53.860  1018  1714 E LynxMotor: 	at com.qualcomm.hardware.lynx.LynxDcMotorController.getMotorMode(LynxDcMotorController.java:405)
10-06 14:44:53.860  1018  1714 E LynxMotor: 	at com.qualcomm.robotcore.hardware.DcMotorImpl.getMode(DcMotorImpl.java:331)
10-06 14:44:53.860  1018  1714 E LynxMotor: 	at com.qualcomm.robotcore.hardware.DcMotorImpl.getPower(DcMotorImpl.java:215)
10-06 14:44:53.861  1018  1714 E LynxMotor: 	at org.firstinspires.ftc.robotcore.internal.opmode.OpModeManagerImpl$DefaultOpMode.startSafe(OpModeManagerImpl.java:822)
10-06 14:44:53.861  1018  1714 E LynxMotor: 	at org.firstinspires.ftc.robotcore.internal.opmode.OpModeManagerImpl$DefaultOpMode.init(OpModeManagerImpl.java:786)
10-06 14:44:53.861  1018  1714 E LynxMotor: 	at org.firstinspires.ftc.robotcore.internal.opmode.OpModeManagerImpl$2.run(OpModeManagerImpl.java:649)
10-06 14:44:53.862  1018  1714 E LynxMotor: 	at org.firstinspires.ftc.robotcore.internal.opmode.OpModeManagerImpl.detectStuck(OpModeManagerImpl.java:437)
10-06 14:44:53.862  1018  1714 E LynxMotor: 	at org.firstinspires.ftc.robotcore.internal.opmode.OpModeManagerImpl.callActiveOpModeInit(OpModeManagerImpl.java:647)
10-06 14:44:53.863  1018  1714 E LynxMotor: 	at org.firstinspires.ftc.robotcore.internal.opmode.OpModeManagerImpl.runActiveOpMode(OpModeManagerImpl.java:351)
10-06 14:44:53.863  1018  1714 E LynxMotor: 	at com.qualcomm.ftccommon.FtcEventLoop.loop(FtcEventLoop.java:236)
10-06 14:44:53.864  1018  1714 E LynxMotor: 	at com.qualcomm.robotcore.eventloop.EventLoopManager$EventLoopRunnable$1.run(EventLoopManager.java:301)
10-06 14:44:53.864  1018  1714 E LynxMotor: 	at com.qualcomm.robotcore.util.ThreadPool.logThreadLifeCycle(ThreadPool.java:737)
10-06 14:44:53.864  1018  1714 E LynxMotor: 	at com.qualcomm.robotcore.eventloop.EventLoopManager$EventLoopRunnable.run(EventLoopManager.java:244)
10-06 14:44:53.864  1018  1714 E LynxMotor: 	at com.qualcomm.robotcore.eventloop.EventLoopManager$1.run(EventLoopManager.java:569)
10-06 14:44:53.865  1018  1714 E LynxMotor: 	at java.util.concurrent.ThreadPoolExecutor.runWorker(ThreadPoolExecutor.java:1133)
10-06 14:44:53.865  1018  1714 E LynxMotor: 	at java.util.concurrent.ThreadPoolExecutor$Worker.run(ThreadPoolExecutor.java:607)
10-06 14:44:53.865  1018  1714 E LynxMotor: 	at com.qualcomm.robotcore.util.ThreadPool$ThreadFactoryImpl$1.run(ThreadPool.java:793)
10-06 14:44:53.866  1018  1714 E LynxMotor: 	at java.lang.Thread.run(Thread.java:761)
10-06 14:44:53.866  1018  1714 E LynxMotor: unexpected exception thrown during lynx communication
10-06 14:44:53.867  1018  1714 E LynxMotor: java.lang.InterruptedException
10-06 14:44:53.868  1018  1714 E LynxMotor: 	at java.util.concurrent.locks.AbstractQueuedSynchronizer.acquireInterruptibly(AbstractQueuedSynchronizer.java:1218)
10-06 14:44:53.868  1018  1714 E LynxMotor: 	at java.util.concurrent.locks.ReentrantLock.lockInterruptibly(ReentrantLock.java:312)
10-06 14:44:53.869  1018  1714 E LynxMotor: 	at com.qualcomm.hardware.lynx.MessageKeyedLock.acquire(MessageKeyedLock.java:168)
10-06 14:44:53.869  1018  1714 E LynxMotor: 	at com.qualcomm.hardware.lynx.LynxUsbDeviceImpl.acquireNetworkTransmissionLock(LynxUsbDeviceImpl.java:809)
10-06 14:44:53.869  1018  1714 E LynxMotor: 	at com.qualcomm.hardware.lynx.LynxUsbDeviceDelegate.acquireNetworkTransmissionLock(LynxUsbDeviceDelegate.java:192)
10-06 14:44:53.870  1018  1714 E LynxMotor: 	at com.qualcomm.hardware.lynx.LynxModule.acquireNetworkTransmissionLock(LynxModule.java:1740)
10-06 14:44:53.870  1018  1714 E LynxMotor: 	at com.qualcomm.hardware.lynx.commands.LynxMessage.acquireNetworkLock(LynxMessage.java:130)
10-06 14:44:53.870  1018  1714 E LynxMotor: 	at com.qualcomm.hardware.lynx.commands.LynxRespondable.sendReceive(LynxRespondable.java:255)
10-06 14:44:53.871  1018  1714 E LynxMotor: 	at com.qualcomm.hardware.lynx.LynxDcMotorController.internalGetPublicMotorMode(LynxDcMotorController.java:427)
10-06 14:44:53.871  1018  1714 E LynxMotor: 	at com.qualcomm.hardware.lynx.LynxDcMotorController.internalGetMotorPower(LynxDcMotorController.java:584)
10-06 14:44:53.871  1018  1714 E LynxMotor: 	at com.qualcomm.hardware.lynx.LynxDcMotorController.getMotorPower(LynxDcMotorController.java:474)
10-06 14:44:53.871  1018  1714 E LynxMotor: 	at com.qualcomm.robotcore.hardware.DcMotorImpl.getPower(DcMotorImpl.java:214)
10-06 14:44:53.872  1018  1714 E LynxMotor: 	at org.firstinspires.ftc.robotcore.internal.opmode.OpModeManagerImpl$DefaultOpMode.startSafe(OpModeManagerImpl.java:822)
10-06 14:44:53.872  1018  1714 E LynxMotor: 	at org.firstinspires.ftc.robotcore.internal.opmode.OpModeManagerImpl$DefaultOpMode.init(OpModeManagerImpl.java:786)
10-06 14:44:53.872  1018  1714 E LynxMotor: 	at org.firstinspires.ftc.robotcore.internal.opmode.OpModeManagerImpl$2.run(OpModeManagerImpl.java:649)
10-06 14:44:53.873  1018  1714 E LynxMotor: 	at org.firstinspires.ftc.robotcore.internal.opmode.OpModeManagerImpl.detectStuck(OpModeManagerImpl.java:437)
10-06 14:44:53.873  1018  1714 E LynxMotor: 	at org.firstinspires.ftc.robotcore.internal.opmode.OpModeManagerImpl.callActiveOpModeInit(OpModeManagerImpl.java:647)
10-06 14:44:53.873  1018  1714 E LynxMotor: 	at org.firstinspires.ftc.robotcore.internal.opmode.OpModeManagerImpl.runActiveOpMode(OpModeManagerImpl.java:351)
10-06 14:44:53.874  1018  1714 E LynxMotor: 	at com.qualcomm.ftccommon.FtcEventLoop.loop(FtcEventLoop.java:236)
10-06 14:44:53.874  1018  1714 E LynxMotor: 	at com.qualcomm.robotcore.eventloop.EventLoopManager$EventLoopRunnable$1.run(EventLoopManager.java:301)
10-06 14:44:53.874  1018  1714 E LynxMotor: 	at com.qualcomm.robotcore.util.ThreadPool.logThreadLifeCycle(ThreadPool.java:737)
10-06 14:44:53.875  1018  1714 E LynxMotor: 	at com.qualcomm.robotcore.eventloop.EventLoopManager$EventLoopRunnable.run(EventLoopManager.java:244)
10-06 14:44:53.875  1018  1714 E LynxMotor: 	at com.qualcomm.robotcore.eventloop.EventLoopManager$1.run(EventLoopManager.java:569)
10-06 14:44:53.875  1018  1714 E LynxMotor: 	at java.util.concurrent.ThreadPoolExecutor.runWorker(ThreadPoolExecutor.java:1133)
10-06 14:44:53.876  1018  1714 E LynxMotor: 	at java.util.concurrent.ThreadPoolExecutor$Worker.run(ThreadPoolExecutor.java:607)
10-06 14:44:53.876  1018  1714 E LynxMotor: 	at com.qualcomm.robotcore.util.ThreadPool$ThreadFactoryImpl$1.run(ThreadPool.java:793)
10-06 14:44:53.876  1018  1714 E LynxMotor: 	at java.lang.Thread.run(Thread.java:761)
10-06 14:44:53.877  1018  1714 E LynxMotor: unexpected exception thrown during lynx communication
10-06 14:44:53.877  1018  1714 E LynxMotor: java.lang.InterruptedException
10-06 14:44:53.878  1018  1714 E LynxMotor: 	at java.util.concurrent.locks.AbstractQueuedSynchronizer.acquireInterruptibly(AbstractQueuedSynchronizer.java:1218)
10-06 14:44:53.878  1018  1714 E LynxMotor: 	at java.util.concurrent.locks.ReentrantLock.lockInterruptibly(ReentrantLock.java:312)
10-06 14:44:53.878  1018  1714 E LynxMotor: 	at com.qualcomm.hardware.lynx.MessageKeyedLock.acquire(MessageKeyedLock.java:168)
10-06 14:44:53.879  1018  1714 E LynxMotor: 	at com.qualcomm.hardware.lynx.LynxUsbDeviceImpl.acquireNetworkTransmissionLock(LynxUsbDeviceImpl.java:809)
10-06 14:44:53.880  1018  1714 E LynxMotor: 	at com.qualcomm.hardware.lynx.LynxUsbDeviceDelegate.acquireNetworkTransmissionLock(LynxUsbDeviceDelegate.java:192)
10-06 14:44:53.880  1018  1714 E LynxMotor: 	at com.qualcomm.hardware.lynx.LynxModule.acquireNetworkTransmissionLock(LynxModule.java:1740)
10-06 14:44:53.880  1018  1714 E LynxMotor: 	at com.qualcomm.hardware.lynx.commands.LynxMessage.acquireNetworkLock(LynxMessage.java:130)
10-06 14:44:53.881  1018  1714 E LynxMotor: 	at com.qualcomm.hardware.lynx.commands.LynxRespondable.sendReceive(LynxRespondable.java:255)
10-06 14:44:53.881  1018  1714 E LynxMotor: 	at com.qualcomm.hardware.lynx.LynxDcMotorController.internalGetMotorPower(LynxDcMotorController.java:604)
10-06 14:44:53.881  1018  1714 E LynxMotor: 	at com.qualcomm.hardware.lynx.LynxDcMotorController.getMotorPower(LynxDcMotorController.java:474)
