10-06 14:42:17.135  1018  1647 E LynxServoController: 	at com.qualcomm.robotcore.eventloop.EventLoopManager$EventLoopRunnable.run(EventLoopManager.java:244)
10-06 14:42:17.136  1018  1647 E LynxServoController: 	at com.qualcomm.robotcore.eventloop.EventLoopManager$1.run(EventLoopManager.java:569)
10-06 14:42:17.136  1018  1647 E LynxServoController: 	at java.util.concurrent.ThreadPoolExecutor.runWorker(ThreadPoolExecutor.java:1133)
10-06 14:42:17.137  1018  1647 E LynxServoController: 	at java.util.concurrent.ThreadPoolExecutor$Worker.run(ThreadPoolExecutor.java:607)
10-06 14:42:17.137  1018  1647 E LynxServoController: 	at com.qualcomm.robotcore.util.ThreadPool$ThreadFactoryImpl$1.run(ThreadPool.java:793)
10-06 14:42:17.137  1018  1647 E LynxServoController: 	at java.lang.Thread.run(Thread.java:761)
10-06 14:42:17.137  1018  1647 E LynxServoController: unexpected exception thrown during lynx communication
10-06 14:42:17.138  1018  1647 E LynxServoController: java.lang.InterruptedException
10-06 14:42:17.139  1018  1647 E LynxServoController: 	at java.util.concurrent.locks.AbstractQueuedSynchronizer.acquireInterruptibly(AbstractQueuedSynchronizer.java:1218)
10-06 14:42:17.139  1018  1647 E LynxServoController: 	at java.util.concurrent.locks.ReentrantLock.lockInterruptibly(ReentrantLock.java:312)
10-06 14:42:17.140  1018  1647 E LynxServoController: 	at com.qualcomm.hardware.lynx.MessageKeyedLock.acquire(MessageKeyedLock.java:168)
10-06 14:42:17.140  1018  1647 E LynxServoController: 	at com.qualcomm.hardware.lynx.LynxUsbDeviceImpl.acquireNetworkTransmissionLock(LynxUsbDeviceImpl.java:809)
10-06 14:42:17.141  1018  1647 E LynxServoController: 	at com.qualcomm.hardware.lynx.LynxUsbDeviceDelegate.acquireNetworkTransmissionLock(LynxUsbDeviceDelegate.java:192)
10-06 14:42:17.141  1018  1647 E LynxServoController: 	at com.qualcomm.hardware.lynx.LynxModule.acquireNetworkTransmissionLock(LynxModule.java:1740)
10-06 14:42:17.141  1018  1647 E LynxServoController: 	at com.qualcomm.hardware.lynx.commands.LynxMessage.acquireNetworkLock(LynxMessage.java:130)
10-06 14:42:17.141  1018  1647 E LynxServoController: 	at com.qualcomm.hardware.lynx.commands.LynxRespondable.send(LynxRespondable.java:233)
10-06 14:42:17.142  1018  1647 E LynxServoController: 	at com.qualcomm.hardware.lynx.LynxServoController.internalSetPwmEnable(LynxServoController.java:218)
10-06 14:42:17.142  1018  1647 E LynxServoController: 	at com.qualcomm.hardware.lynx.LynxServoController.pwmDisable(LynxServoController.java:156)
10-06 14:42:17.143  1018  1647 E LynxServoController: 	at com.qualcomm.hardware.lynx.LynxServoController.floatHardware(LynxServoController.java:118)
10-06 14:42:17.143  1018  1647 E LynxServoController: 	at com.qualcomm.hardware.lynx.LynxController.close(LynxController.java:178)
10-06 14:42:17.144  1018  1647 E LynxServoController: 	at com.qualcomm.ftccommon.FtcEventLoopHandler.closeServoControllers(FtcEventLoopHandler.java:463)
10-06 14:42:17.144  1018  1647 E LynxServoController: 	at com.qualcomm.ftccommon.FtcEventLoopHandler.closeHardwareMap(FtcEventLoopHandler.java:155)
10-06 14:42:17.145  1018  1647 E LynxServoController: 	at com.qualcomm.ftccommon.FtcEventLoopHandler.close(FtcEventLoopHandler.java:140)
10-06 14:42:17.145  1018  1647 E LynxServoController: 	at com.qualcomm.ftccommon.FtcEventLoop.teardown(FtcEventLoop.java:266)
10-06 14:42:17.145  1018  1647 E LynxServoController: 	at com.qualcomm.robotcore.eventloop.EventLoopManager$EventLoopRunnable$1.run(EventLoopManager.java:334)
10-06 14:42:17.146  1018  1647 E LynxServoController: 	at com.qualcomm.robotcore.util.ThreadPool.logThreadLifeCycle(ThreadPool.java:737)
10-06 14:42:17.146  1018  1647 E LynxServoController: 	at com.qualcomm.robotcore.eventloop.EventLoopManager$EventLoopRunnable.run(EventLoopManager.java:244)
10-06 14:42:17.147  1018  1647 E LynxServoController: 	at com.qualcomm.robotcore.eventloop.EventLoopManager$1.run(EventLoopManager.java:569)
10-06 14:42:17.147  1018  1647 E LynxServoController: 	at java.util.concurrent.ThreadPoolExecutor.runWorker(ThreadPoolExecutor.java:1133)
10-06 14:42:17.147  1018  1647 E LynxServoController: 	at java.util.concurrent.ThreadPoolExecutor$Worker.run(ThreadPoolExecutor.java:607)
10-06 14:42:17.147  1018  1647 E LynxServoController: 	at com.qualcomm.robotcore.util.ThreadPool$ThreadFactoryImpl$1.run(ThreadPool.java:793)
10-06 14:42:17.148  1018  1647 E LynxServoController: 	at java.lang.Thread.run(Thread.java:761)
10-06 14:42:17.148  1018  1647 E LynxServoController: unexpected exception thrown during lynx communication
10-06 14:42:17.149  1018  1647 E LynxServoController: java.lang.InterruptedException
10-06 14:42:17.150  1018  1647 E LynxServoController: 	at java.util.concurrent.locks.AbstractQueuedSynchronizer.acquireInterruptibly(AbstractQueuedSynchronizer.java:1218)
10-06 14:42:17.150  1018  1647 E LynxServoController: 	at java.util.concurrent.locks.ReentrantLock.lockInterruptibly(ReentrantLock.java:312)
10-06 14:42:17.150  1018  1647 E LynxServoController: 	at com.qualcomm.hardware.lynx.MessageKeyedLock.acquire(MessageKeyedLock.java:168)
10-06 14:42:17.151  1018  1647 E LynxServoController: 	at com.qualcomm.hardware.lynx.LynxUsbDeviceImpl.acquireNetworkTransmissionLock(LynxUsbDeviceImpl.java:809)
10-06 14:42:17.151  1018  1647 E LynxServoController: 	at com.qualcomm.hardware.lynx.LynxUsbDeviceDelegate.acquireNetworkTransmissionLock(LynxUsbDeviceDelegate.java:192)
10-06 14:42:17.152  1018  1647 E LynxServoController: 	at com.qualcomm.hardware.lynx.LynxModule.acquireNetworkTransmissionLock(LynxModule.java:1740)
10-06 14:42:17.152  1018  1647 E LynxServoController: 	at com.qualcomm.hardware.lynx.commands.LynxMessage.acquireNetworkLock(LynxMessage.java:130)
10-06 14:42:17.153  1018  1647 E LynxServoController: 	at com.qualcomm.hardware.lynx.commands.LynxRespondable.send(LynxRespondable.java:233)
10-06 14:42:17.153  1018  1647 E LynxServoController: 	at com.qualcomm.hardware.lynx.LynxServoController.internalSetPwmEnable(LynxServoController.java:218)
10-06 14:42:17.153  1018  1647 E LynxServoController: 	at com.qualcomm.hardware.lynx.LynxServoController.pwmDisable(LynxServoController.java:156)
10-06 14:42:17.154  1018  1647 E LynxServoController: 	at com.qualcomm.hardware.lynx.LynxServoController.floatHardware(LynxServoController.java:118)
10-06 14:42:17.154  1018  1647 E LynxServoController: 	at com.qualcomm.hardware.lynx.LynxController.close(LynxController.java:178)
10-06 14:42:17.154  1018  1647 E LynxServoController: 	at com.qualcomm.ftccommon.FtcEventLoopHandler.closeServoControllers(FtcEventLoopHandler.java:463)
10-06 14:42:17.154  1018  1647 E LynxServoController: 	at com.qualcomm.ftccommon.FtcEventLoopHandler.closeHardwareMap(FtcEventLoopHandler.java:155)
10-06 14:42:17.155  1018  1647 E LynxServoController: 	at com.qualcomm.ftccommon.FtcEventLoopHandler.close(FtcEventLoopHandler.java:140)
10-06 14:42:17.155  1018  1647 E LynxServoController: 	at com.qualcomm.ftccommon.FtcEventLoop.teardown(FtcEventLoop.java:266)
10-06 14:42:17.156  1018  1647 E LynxServoController: 	at com.qualcomm.robotcore.eventloop.EventLoopManager$EventLoopRunnable$1.run(EventLoopManager.java:334)
10-06 14:42:17.156  1018  1647 E LynxServoController: 	at com.qualcomm.robotcore.util.ThreadPool.logThreadLifeCycle(ThreadPool.java:737)
10-06 14:42:17.156  1018  1647 E LynxServoController: 	at com.qualcomm.robotcore.eventloop.EventLoopManager$EventLoopRunnable.run(EventLoopManager.java:244)
10-06 14:42:17.157  1018  1647 E LynxServoController: 	at com.qualcomm.robotcore.eventloop.EventLoopManager$1.run(EventLoopManager.java:569)
10-06 14:42:17.157  1018  1647 E LynxServoController: 	at java.util.concurrent.ThreadPoolExecutor.runWorker(ThreadPoolExecutor.java:1133)
10-06 14:42:17.157  1018  1647 E LynxServoController: 	at java.util.concurrent.ThreadPoolExecutor$Worker.run(ThreadPoolExecutor.java:607)
10-06 14:42:17.157  1018  1647 E LynxServoController: 	at com.qualcomm.robotcore.util.ThreadPool$ThreadFactoryImpl$1.run(ThreadPool.java:793)
10-06 14:42:17.158  1018  1647 E LynxServoController: 	at java.lang.Thread.run(Thread.java:761)
10-06 14:42:17.158  1018  1647 E LynxServoController: unexpected exception thrown during lynx communication
10-06 14:42:17.159  1018  1647 E LynxServoController: java.lang.InterruptedException
10-06 14:42:17.159  1018  1647 E LynxServoController: 	at java.util.concurrent.locks.AbstractQueuedSynchronizer.acquireInterruptibly(AbstractQueuedSynchronizer.java:1218)
10-06 14:42:17.160  1018  1647 E LynxServoController: 	at java.util.concurrent.locks.ReentrantLock.lockInterruptibly(ReentrantLock.java:312)
10-06 14:42:17.160  1018  1647 E LynxServoController: 	at com.qualcomm.hardware.lynx.MessageKeyedLock.acquire(MessageKeyedLock.java:168)
10-06 14:42:17.161  1018  1647 E LynxServoController: 	at com.qualcomm.hardware.lynx.LynxUsbDeviceImpl.acquireNetworkTransmissionLock(LynxUsbDeviceImpl.java:809)
10-06 14:42:17.161  1018  1647 E LynxServoController: 	at com.qualcomm.hardware.lynx.LynxUsbDeviceDelegate.acquireNetworkTransmissionLock(LynxUsbDeviceDelegate.java:192)
10-06 14:42:17.161  1018  1647 E LynxServoController: 	at com.qualcomm.hardware.lynx.LynxModule.acquireNetworkTransmissionLock(LynxModule.java:1740)
10-06 14:42:17.162  1018  1647 E LynxServoController: 	at com.qualcomm.hardware.lynx.commands.LynxMessage.acquireNetworkLock(LynxMessage.java:130)
10-06 14:42:17.162  1018  1647 E LynxServoController: 	at com.qualcomm.hardware.lynx.commands.LynxRespondable.send(LynxRespondable.java:233)
10-06 14:42:17.163  1018  1647 E LynxServoController: 	at com.qualcomm.hardware.lynx.LynxServoController.internalSetPwmEnable(LynxServoController.java:218)
10-06 14:42:17.163  1018  1647 E LynxServoController: 	at com.qualcomm.hardware.lynx.LynxServoController.pwmDisable(LynxServoController.java:156)
10-06 14:42:17.163  1018  1647 E LynxServoController: 	at com.qualcomm.hardware.lynx.LynxServoController.floatHardware(LynxServoController.java:118)
10-06 14:42:17.163  1018  1647 E LynxServoController: 	at com.qualcomm.hardware.lynx.LynxController.close(LynxController.java:178)
10-06 14:42:17.164  1018  1647 E LynxServoController: 	at com.qualcomm.ftccommon.FtcEventLoopHandler.closeServoControllers(FtcEventLoopHandler.java:463)
10-06 14:42:17.164  1018  1647 E LynxServoController: 	at com.qualcomm.ftccommon.FtcEventLoopHandler.closeHardwareMap(FtcEventLoopHandler.java:155)
10-06 14:42:17.164  1018  1647 E LynxServoController: 	at com.qualcomm.ftccommon.FtcEventLoopHandler.close(FtcEventLoopHandler.java:140)
10-06 14:42:17.164  1018  1647 E LynxServoController: 	at com.qualcomm.ftccommon.FtcEventLoop.teardown(FtcEventLoop.java:266)
10-06 14:42:17.165  1018  1647 E LynxServoController: 	at com.qualcomm.robotcore.eventloop.EventLoopManager$EventLoopRunnable$1.run(EventLoopManager.java:334)
10-06 14:42:17.165  1018  1647 E LynxServoController: 	at com.qualcomm.robotcore.util.ThreadPool.logThreadLifeCycle(ThreadPool.java:737)
10-06 14:42:17.165  1018  1647 E LynxServoController: 	at com.qualcomm.robotcore.eventloop.EventLoopManager$EventLoopRunnable.run(EventLoopManager.java:244)
10-06 14:42:17.165  1018  1647 E LynxServoController: 	at com.qualcomm.robotcore.eventloop.EventLoopManager$1.run(EventLoopManager.java:569)
10-06 14:42:17.166  1018  1647 E LynxServoController: 	at java.util.concurrent.ThreadPoolExecutor.runWorker(ThreadPoolExecutor.java:1133)
10-06 14:42:17.166  1018  1647 E LynxServoController: 	at java.util.concurrent.ThreadPoolExecutor$Worker.run(ThreadPoolExecutor.java:607)
10-06 14:42:17.166  1018  1647 E LynxServoController: 	at com.qualcomm.robotcore.util.ThreadPool$ThreadFactoryImpl$1.run(ThreadPool.java:793)
10-06 14:42:17.167  1018  1647 E LynxServoController: 	at java.lang.Thread.run(Thread.java:761)
10-06 14:42:17.167  1018  1647 E LynxServoController: unexpected exception thrown during lynx communication
10-06 14:42:17.168  1018  1647 E LynxServoController: java.lang.InterruptedException
10-06 14:42:17.168  1018  1647 E LynxServoController: 	at java.util.concurrent.locks.AbstractQueuedSynchronizer.acquireInterruptibly(AbstractQueuedSynchronizer.java:1218)
10-06 14:42:17.169  1018  1647 E LynxServoController: 	at java.util.concurrent.locks.ReentrantLock.lockInterruptibly(ReentrantLock.java:312)
10-06 14:42:17.169  1018  1647 E LynxServoController: 	at com.qualcomm.hardware.lynx.MessageKeyedLock.acquire(MessageKeyedLock.java:168)
10-06 14:42:17.170  1018  1647 E LynxServoController: 	at com.qualcomm.hardware.lynx.LynxUsbDeviceImpl.acquireNetworkTransmissionLock(LynxUsbDeviceImpl.java:809)
10-06 14:42:17.170  1018  1647 E LynxServoController: 	at com.qualcomm.hardware.lynx.LynxUsbDeviceDelegate.acquireNetworkTransmissionLock(LynxUsbDeviceDelegate.java:192)
10-06 14:42:17.170  1018  1647 E LynxServoController: 	at com.qualcomm.hardware.lynx.LynxModule.acquireNetworkTransmissionLock(LynxModule.java:1740)
10-06 14:42:17.170  1018  1647 E LynxServoController: 	at com.qualcomm.hardware.lynx.commands.LynxMessage.acquireNetworkLock(LynxMessage.java:130)
10-06 14:42:17.171  1018  1647 E LynxServoController: 	at com.qualcomm.hardware.lynx.commands.LynxRespondable.send(LynxRespondable.java:233)
10-06 14:42:17.171  1018  1647 E LynxServoController: 	at com.qualcomm.hardware.lynx.LynxServoController.internalSetPwmEnable(LynxServoController.java:218)
10-06 14:42:17.171  1018  1647 E LynxServoController: 	at com.qualcomm.hardware.lynx.LynxServoController.pwmDisable(LynxServoController.java:156)
10-06 14:42:17.171  1018  1647 E LynxServoController: 	at com.qualcomm.hardware.lynx.LynxServoController.floatHardware(LynxServoController.java:118)
10-06 14:42:17.172  1018  1647 E LynxServoController: 	at com.qualcomm.hardware.lynx.LynxController.close(LynxController.java:178)
10-06 14:42:17.172  1018  1647 E LynxServoController: 	at com.qualcomm.ftccommon.FtcEventLoopHandler.closeServoControllers(FtcEventLoopHandler.java:463)
10-06 14:42:17.173  1018  1647 E LynxServoController: 	at com.qualcomm.ftccommon.FtcEventLoopHandler.closeHardwareMap(FtcEventLoopHandler.java:155)
10-06 14:42:17.173  1018  1647 E LynxServoController: 	at com.qualcomm.ftccommon.FtcEventLoopHandler.close(FtcEventLoopHandler.java:140)
10-06 14:42:17.174  1018  1647 E LynxServoController: 	at com.qualcomm.ftccommon.FtcEventLoop.teardown(FtcEventLoop.java:266)
10-06 14:42:17.174  1018  1647 E LynxServoController: 	at com.qualcomm.robotcore.eventloop.EventLoopManager$EventLoopRunnable$1.run(EventLoopManager.java:334)
10-06 14:42:17.174  1018  1647 E LynxServoController: 	at com.qualcomm.robotcore.util.ThreadPool.logThreadLifeCycle(ThreadPool.java:737)
10-06 14:42:17.175  1018  1647 E LynxServoController: 	at com.qualcomm.robotcore.eventloop.EventLoopManager$EventLoopRunnable.run(EventLoopManager.java:244)
10-06 14:42:17.175  1018  1647 E LynxServoController: 	at com.qualcomm.robotcore.eventloop.EventLoopManager$1.run(EventLoopManager.java:569)
10-06 14:42:17.175  1018  1647 E LynxServoController: 	at java.util.concurrent.ThreadPoolExecutor.runWorker(ThreadPoolExecutor.java:1133)
10-06 14:42:17.175  1018  1647 E LynxServoController: 	at java.util.concurrent.ThreadPoolExecutor$Worker.run(ThreadPoolExecutor.java:607)
10-06 14:42:17.175  1018  1647 E LynxServoController: 	at com.qualcomm.robotcore.util.ThreadPool$ThreadFactoryImpl$1.run(ThreadPool.java:793)
10-06 14:42:17.176  1018  1647 E LynxServoController: 	at java.lang.Thread.run(Thread.java:761)
10-06 14:42:17.176  1018  1647 E LynxServoController: unexpected exception thrown during lynx communication
10-06 14:42:17.177  1018  1647 E LynxServoController: java.lang.InterruptedException
10-06 14:42:17.177  1018  1647 E LynxServoController: 	at java.util.concurrent.locks.AbstractQueuedSynchronizer.acquireInterruptibly(AbstractQueuedSynchronizer.java:1218)
10-06 14:42:17.178  1018  1647 E LynxServoController: 	at java.util.concurrent.locks.ReentrantLock.lockInterruptibly(ReentrantLock.java:312)
10-06 14:42:17.178  1018  1647 E LynxServoController: 	at com.qualcomm.hardware.lynx.MessageKeyedLock.acquire(MessageKeyedLock.java:168)
10-06 14:42:17.178  1018  1647 E LynxServoController: 	at com.qualcomm.hardware.lynx.LynxUsbDeviceImpl.acquireNetworkTransmissionLock(LynxUsbDeviceImpl.java:809)
10-06 14:42:17.178  1018  1647 E LynxServoController: 	at com.qualcomm.hardware.lynx.LynxUsbDeviceDelegate.acquireNetworkTransmissionLock(LynxUsbDeviceDelegate.java:192)
10-06 14:42:17.179  1018  1647 E LynxServoController: 	at com.qualcomm.hardware.lynx.LynxModule.acquireNetworkTransmissionLock(LynxModule.java:1740)
10-06 14:42:17.179  1018  1647 E LynxServoController: 	at com.qualcomm.hardware.lynx.commands.LynxMessage.acquireNetworkLock(LynxMessage.java:130)
10-06 14:42:17.179  1018  1647 E LynxServoController: 	at com.qualcomm.hardware.lynx.commands.LynxRespondable.send(LynxRespondable.java:233)
10-06 14:42:17.180  1018  1647 E LynxServoController: 	at com.qualcomm.hardware.lynx.LynxServoController.internalSetPwmEnable(LynxServoController.java:218)
10-06 14:42:17.180  1018  1647 E LynxServoController: 	at com.qualcomm.hardware.lynx.LynxServoController.pwmDisable(LynxServoController.java:156)
10-06 14:42:17.180  1018  1647 E LynxServoController: 	at com.qualcomm.hardware.lynx.LynxServoController.floatHardware(LynxServoController.java:118)
10-06 14:42:17.181  1018  1647 E LynxServoController: 	at com.qualcomm.hardware.lynx.LynxController.close(LynxController.java:178)
10-06 14:42:17.181  1018  1647 E LynxServoController: 	at com.qualcomm.ftccommon.FtcEventLoopHandler.closeServoControllers(FtcEventLoopHandler.java:463)
10-06 14:42:17.181  1018  1647 E LynxServoController: 	at com.qualcomm.ftccommon.FtcEventLoopHandler.closeHardwareMap(FtcEventLoopHandler.java:155)
10-06 14:42:17.181  1018  1647 E LynxServoController: 	at com.qualcomm.ftccommon.FtcEventLoopHandler.close(FtcEventLoopHandler.java:140)
10-06 14:42:17.181  1018  1647 E LynxServoController: 	at com.qualcomm.ftccommon.FtcEventLoop.teardown(FtcEventLoop.java:266)
10-06 14:42:17.182  1018  1647 E LynxServoController: 	at com.qualcomm.robotcore.eventloop.EventLoopManager$EventLoopRunnable$1.run(EventLoopManager.java:334)
10-06 14:42:17.182  1018  1647 E LynxServoController: 	at com.qualcomm.robotcore.util.ThreadPool.logThreadLifeCycle(ThreadPool.java:737)
10-06 14:42:17.183  1018  1647 E LynxServoController: 	at com.qualcomm.robotcore.eventloop.EventLoopManager$EventLoopRunnable.run(EventLoopManager.java:244)
10-06 14:42:17.183  1018  1647 E LynxServoController: 	at com.qualcomm.robotcore.eventloop.EventLoopManager$1.run(EventLoopManager.java:569)
10-06 14:42:17.184  1018  1647 E LynxServoController: 	at java.util.concurrent.ThreadPoolExecutor.runWorker(ThreadPoolExecutor.java:1133)
10-06 14:42:17.184  1018  1647 E LynxServoController: 	at java.util.concurrent.ThreadPoolExecutor$Worker.run(ThreadPoolExecutor.java:607)
10-06 14:42:17.184  1018  1647 E LynxServoController: 	at com.qualcomm.robotcore.util.ThreadPool$ThreadFactoryImpl$1.run(ThreadPool.java:793)
10-06 14:42:17.184  1018  1647 E LynxServoController: 	at java.lang.Thread.run(Thread.java:761)
10-06 14:42:17.185  1018  1647 V LynxUsb : 0x0f0adaaa on 0x036d0623: releasing delegate to [(embedded)]
10-06 14:42:17.185  1018  1647 E LynxUsb : unexpected exception thrown during lynx communication
10-06 14:42:17.186  1018  1647 E LynxUsb : java.lang.InterruptedException
10-06 14:42:17.187  1018  1647 E LynxUsb : 	at java.util.concurrent.locks.AbstractQueuedSynchronizer.acquireInterruptibly(AbstractQueuedSynchronizer.java:1218)
10-06 14:42:17.187  1018  1647 E LynxUsb : 	at java.util.concurrent.locks.ReentrantLock.lockInterruptibly(ReentrantLock.java:312)
10-06 14:42:17.187  1018  1647 E LynxUsb : 	at com.qualcomm.hardware.lynx.MessageKeyedLock.acquire(MessageKeyedLock.java:168)
10-06 14:42:17.188  1018  1647 E LynxUsb : 	at com.qualcomm.hardware.lynx.LynxUsbDeviceImpl.acquireNetworkTransmissionLock(LynxUsbDeviceImpl.java:809)
10-06 14:42:17.188  1018  1647 E LynxUsb : 	at com.qualcomm.hardware.lynx.LynxUsbDeviceDelegate.acquireNetworkTransmissionLock(LynxUsbDeviceDelegate.java:192)
10-06 14:42:17.188  1018  1647 E LynxUsb : 	at com.qualcomm.hardware.lynx.LynxModule.acquireNetworkTransmissionLock(LynxModule.java:1740)
10-06 14:42:17.189  1018  1647 E LynxUsb : 	at com.qualcomm.hardware.lynx.commands.LynxMessage.acquireNetworkLock(LynxMessage.java:130)
10-06 14:42:17.189  1018  1647 E LynxUsb : 	at com.qualcomm.hardware.lynx.commands.LynxRespondable.send(LynxRespondable.java:233)
10-06 14:42:17.189  1018  1647 E LynxUsb : 	at com.qualcomm.hardware.lynx.LynxModule.failSafe(LynxModule.java:1528)
10-06 14:42:17.190  1018  1647 E LynxUsb : 	at com.qualcomm.hardware.lynx.LynxUsbDeviceImpl.failSafe(LynxUsbDeviceImpl.java:430)
10-06 14:42:17.190  1018  1647 E LynxUsb : 	at com.qualcomm.hardware.lynx.LynxUsbDeviceImpl.doCloseFromArmed(LynxUsbDeviceImpl.java:400)
10-06 14:42:17.190  1018  1647 E LynxUsb : 	at org.firstinspires.ftc.robotcore.internal.hardware.usb.ArmableUsbDevice$4.run(ArmableUsbDevice.java:585)
10-06 14:42:17.190  1018  1647 E LynxUsb : 	at org.firstinspires.ftc.robotcore.internal.system.Tracer.trace(Tracer.java:161)
10-06 14:42:17.191  1018  1647 E LynxUsb : 	at org.firstinspires.ftc.robotcore.internal.hardware.usb.ArmableUsbDevice.doClose(ArmableUsbDevice.java:571)
10-06 14:42:17.191  1018  1647 E LynxUsb : 	at com.qualcomm.hardware.lynx.LynxUsbDeviceImpl.doClose(LynxUsbDeviceImpl.java:213)
10-06 14:42:17.192  1018  1647 E LynxUsb : 	at org.firstinspires.ftc.robotcore.internal.hardware.usb.ArmableUsbDevice.releaseRef(ArmableUsbDevice.java:543)
10-06 14:42:17.192  1018  1647 E LynxUsb : 	at com.qualcomm.hardware.lynx.LynxUsbDeviceDelegate.close(LynxUsbDeviceDelegate.java:89)
10-06 14:42:17.192  1018  1647 E LynxUsb : 	at com.qualcomm.ftccommon.FtcEventLoopHandler.closeAutoCloseOnTeardown(FtcEventLoopHandler.java:471)
10-06 14:42:17.192  1018  1647 E LynxUsb : 	at com.qualcomm.ftccommon.FtcEventLoopHandler.closeHardwareMap(FtcEventLoopHandler.java:159)
10-06 14:42:17.193  1018  1647 E LynxUsb : 	at com.qualcomm.ftccommon.FtcEventLoopHandler.close(FtcEventLoopHandler.java:140)
10-06 14:42:17.193  1018  1647 E LynxUsb : 	at com.qualcomm.ftccommon.FtcEventLoop.teardown(FtcEventLoop.java:266)
10-06 14:42:17.193  1018  1647 E LynxUsb : 	at com.qualcomm.robotcore.eventloop.EventLoopManager$EventLoopRunnable$1.run(EventLoopManager.java:334)
10-06 14:42:17.194  1018  1647 E LynxUsb : 	at com.qualcomm.robotcore.util.ThreadPool.logThreadLifeCycle(ThreadPool.java:737)
10-06 14:42:17.194  1018  1647 E LynxUsb : 	at com.qualcomm.robotcore.eventloop.EventLoopManager$EventLoopRunnable.run(EventLoopManager.java:244)
10-06 14:42:17.194  1018  1647 E LynxUsb : 	at com.qualcomm.robotcore.eventloop.EventLoopManager$1.run(EventLoopManager.java:569)
10-06 14:42:17.194  1018  1647 E LynxUsb : 	at java.util.concurrent.ThreadPoolExecutor.runWorker(ThreadPoolExecutor.java:1133)
10-06 14:42:17.195  1018  1647 E LynxUsb : 	at java.util.concurrent.ThreadPoolExecutor$Worker.run(ThreadPoolExecutor.java:607)
10-06 14:42:17.195  1018  1647 E LynxUsb : 	at com.qualcomm.robotcore.util.ThreadPool$ThreadFactoryImpl$1.run(ThreadPool.java:793)
10-06 14:42:17.195  1018  1647 E LynxUsb : 	at java.lang.Thread.run(Thread.java:761)
10-06 14:42:17.196  1018  1647 V LynxModule: close(#173)
10-06 14:42:17.196  1018  1647 V LynxModule: sending LynxFtdiResetControlCommand(false) wasInterrupted=true
10-06 14:42:17.199  1018  1647 V LynxUsb : disarmDevice() serial=(embedded)...
10-06 14:42:17.199  1018  1647 V LynxUsb : shutting down incoming datagrams
10-06 14:42:17.296  1018  1644 V RobotCore: thread: ...terminating 'lynx incoming datagrams'
10-06 14:42:17.300  1018  1647 V RobotUsbDeviceTTY: closing serial=(embedded) file=/dev/ttyS1
10-06 14:42:17.300  1018  1647 V SerialPortNative: [SerialPort.cpp:254] close(osfd = 116)
10-06 14:42:17.300  1018  1647 V LynxUsb : ...done disarmDevice()
10-06 14:42:17.301  1018  1647 I FtcEventLoop: ======= TEARDOWN COMPLETE =======
10-06 14:42:17.302  1018  1647 V RobotCore: thread: ...terminating 'opmode loop()'
10-06 14:42:17.302  1018  1147 W art     : Long monitor contention with owner opmode loop() (1647) at void com.qualcomm.robotcore.eventloop.EventLoopManager$EventLoopRunnable$1.run()(EventLoopManager.java:333) waiters=0 in org.firstinspires.ftc.robotcore.internal.network.CallbackResult com.qualcomm.robotcore.eventloop.EventLoopManager.commandEvent(com.qualcomm.robotcore.robocol.Command) for 265ms
10-06 14:42:17.302  1018  1647 V EventLoopManager: switching to idleEventLoop
10-06 14:42:17.302  1018  1647 I FtcEventLoopIdle: ------- idle init --------
10-06 14:42:17.303  1018  1647 V RobotCore: thread: 'opmode loop()' starting...
10-06 14:42:17.303  1018  1147 V Robocol : unable to process command CMD_RUN_OP_MODE callbacks=EventLoopManager
10-06 14:42:19.393  1018  1018 E RobotCore: thread id=284 tid=1647 name="opmode loop()"
10-06 14:42:19.394  1018  1018 E RobotCore:     at java.lang.Thread.sleep(Native Method)
10-06 14:42:19.394  1018  1018 E RobotCore:     at java.lang.Thread.sleep(Thread.java:371)
10-06 14:42:19.394  1018  1018 E RobotCore:     at java.lang.Thread.sleep(Thread.java:313)
10-06 14:42:19.394  1018  1018 E RobotCore:     at com.qualcomm.robotcore.eventloop.EventLoopManager$EventLoopRunnable$1.run(EventLoopManager.java:255)
10-06 14:42:19.395  1018  1018 E RobotCore:     at com.qualcomm.robotcore.util.ThreadPool.logThreadLifeCycle(ThreadPool.java:737)
10-06 14:42:19.395  1018  1018 E RobotCore:     at com.qualcomm.robotcore.eventloop.EventLoopManager$EventLoopRunnable.run(EventLoopManager.java:244)
10-06 14:42:19.395  1018  1018 E RobotCore:     at com.qualcomm.robotcore.eventloop.EventLoopManager$1.run(EventLoopManager.java:587)
10-06 14:42:19.395  1018  1018 E RobotCore:     at java.util.concurrent.ThreadPoolExecutor.runWorker(ThreadPoolExecutor.java:1133)
10-06 14:42:19.395  1018  1018 E RobotCore:     at java.util.concurrent.ThreadPoolExecutor$Worker.run(ThreadPoolExecutor.java:607)
10-06 14:42:19.396  1018  1018 E RobotCore:     at com.qualcomm.robotcore.util.ThreadPool$ThreadFactoryImpl$1.run(ThreadPool.java:793)
10-06 14:42:19.396  1018  1018 E RobotCore:     at java.lang.Thread.run(Thread.java:761)
10-06 14:42:19.397  1018  1647 V EventLoopManager: EventLoopRunnable interrupted
10-06 14:42:19.398  1018  1647 E EventLoopManager: java.lang.InterruptedException
10-06 14:42:19.399  1018  1647 E EventLoopManager: 	at java.lang.Thread.sleep(Native Method)
10-06 14:42:19.400  1018  1647 E EventLoopManager: 	at java.lang.Thread.sleep(Thread.java:371)
10-06 14:42:19.400  1018  1647 E EventLoopManager: 	at java.lang.Thread.sleep(Thread.java:313)
10-06 14:42:19.401  1018  1647 E EventLoopManager: 	at com.qualcomm.robotcore.eventloop.EventLoopManager$EventLoopRunnable$1.run(EventLoopManager.java:255)
10-06 14:42:19.402  1018  1647 E EventLoopManager: 	at com.qualcomm.robotcore.util.ThreadPool.logThreadLifeCycle(ThreadPool.java:737)
10-06 14:42:19.403  1018  1647 E EventLoopManager: 	at com.qualcomm.robotcore.eventloop.EventLoopManager$EventLoopRunnable.run(EventLoopManager.java:244)
10-06 14:42:19.404  1018  1647 E EventLoopManager: 	at com.qualcomm.robotcore.eventloop.EventLoopManager$1.run(EventLoopManager.java:587)
10-06 14:42:19.405  1018  1647 E EventLoopManager: 	at java.util.concurrent.ThreadPoolExecutor.runWorker(ThreadPoolExecutor.java:1133)
10-06 14:42:19.406  1018  1647 E EventLoopManager: 	at java.util.concurrent.ThreadPoolExecutor$Worker.run(ThreadPoolExecutor.java:607)
10-06 14:42:19.406  1018  1647 E EventLoopManager: 	at com.qualcomm.robotcore.util.ThreadPool$ThreadFactoryImpl$1.run(ThreadPool.java:793)
10-06 14:42:19.407  1018  1647 E EventLoopManager: 	at java.lang.Thread.run(Thread.java:761)
10-06 14:42:19.407  1018  1647 V RobotCore: EventLoopManager state is STOPPED
10-06 14:42:19.408  1018  1647 V RobotCore: Robot Status: stopped
10-06 14:42:19.408  1018  1647 I FtcEventLoopIdle: ------- idle teardown ----
10-06 14:42:19.408  1018  1647 V RobotCore: thread: ...terminating 'opmode loop()'
10-06 14:42:19.409  1018  1018 V RobotCore: EventLoopManager state is STOPPED
10-06 14:42:19.417  1018  1663 V RobotCore: thread: 'RobotSetupRunnable.run()' starting...
10-06 14:42:19.418  1018  1663 V FTCService: Processing robot setup
10-06 14:42:19.418  1018  1663 V RobotCore: Robot Status: stopped, scanning for USB devices
10-06 14:42:19.435  1018  1289 V Robocol : sending CMD_NOTIFY_ROBOT_STATE(13614), attempt: 0
10-06 14:42:19.436  1018  1289 V Robocol : sending CMD_NOTIFY_ROBOT_STATE(13615), attempt: 0
10-06 14:42:24.419  1018  1663 V FTCService: Waiting for a connection to a wifi service
10-06 14:42:24.419  1018  1663 V RobotCore: Robot Status: stopped, waiting for network to become active
10-06 14:42:24.421  1018  1663 I RobotControllerAccessPointAssistant: Wifi AP is enabled
10-06 14:42:24.421  1018  1663 V CoreRobotWebServer: Asked an already running WebServer to start
10-06 14:42:24.422  1018  1663 V RobotCore: Robot Status: stopped, starting robot
10-06 14:42:24.422  1018  1663 D FTCService: Sending user device types and preferences to driver station
10-06 14:42:24.442  1018  1663 V NetDiscover_prefremrc: sendAllPreferences()
10-06 14:42:24.443  1018  1663 V NetDiscover_prefremrc: sending RC pref name=pref_wifip2p_remote_channel_change_works value=false
10-06 14:42:24.444  1018  1663 V NetDiscover_prefremrc: sending RC pref name=pref_device_name value=ControlHub1
10-06 14:42:24.445  1018  1663 V NetDiscover_prefremrc: sending RC pref name=pref_has_speaker value=false
10-06 14:42:24.446  1018  1663 V NetDiscover_prefremrc: sending RC pref name=pref_warn_about_2_4_ghz_band value=true
10-06 14:42:24.447  1018  1663 V NetDiscover_prefremrc: sending RC pref name=pref_warn_about_outdated_firmware value=true
10-06 14:42:24.449  1018  1663 V NetDiscover_prefremrc: sending RC pref name=pref_has_independent_phone_battery value=false
10-06 14:42:24.449  1018  1663 V NetDiscover_prefremrc: sending RC pref name=pref_app_theme value=red
10-06 14:42:24.450  1018  1663 V NetDiscover_prefremrc: sending RC pref name=pref_warn_about_mismatched_app_versions value=true
10-06 14:42:24.451  1018  1663 V NetDiscover_prefremrc: sending RC pref name=pref_sound_on_off value=false
10-06 14:42:24.451  1018  1663 V Robocol : EventLoopManager.start()
10-06 14:42:24.452  1018  1663 I RobotControllerAccessPointAssistant: Wifi AP is enabled
10-06 14:42:24.453  1018  1663 V Robocol : Spoofing a Network Connection event...
10-06 14:42:24.453  1018  1663 I EventLoopManager: onNetworkConnectionEvent: CONNECTION_INFO_AVAILABLE
10-06 14:42:24.453  1018  1663 I Robocol : Received network connection event
10-06 14:42:24.454  1018  1663 I RobotControllerAccessPointAssistant: Wifi AP is enabled
10-06 14:42:24.455  1018  1663 I NetworkConnectionHandler: Handling new network connection infomation, connected: true setup needed: false
10-06 14:42:24.456  1018  1663 I RobotControllerAccessPointAssistant: Wifi AP is enabled
10-06 14:42:24.458  1018  1663 V RobotCore: EventLoopManager state is STOPPED
10-06 14:42:24.458  1018  1663 V Robocol : eventLoop=FtcEventLoop
10-06 14:42:24.459  1018  1663 V RobotCore: EventLoopManager state is INIT
10-06 14:42:24.459  1018  1663 V RobotCore: Robot Status: initializing, starting robot
10-06 14:42:24.460  1018  1663 I FtcEventLoop: ======= INIT START =======
10-06 14:42:24.460  1018  1663 V OpmodeRegistration: registered {DefaultOpMode} as {$Stop$Robot$}
10-06 14:42:24.464  1018  1663 V OpmodeRegistration: registered {UltimateV1Auto} as {UltimateV1Auto}
10-06 14:42:24.465  1018  1663 V OpmodeRegistration: registered {TankDrive} as {Tank Drive}
10-06 14:42:24.465  1018  1663 V OpmodeRegistration: registered {RecordJSONTest} as {Record Test}
10-06 14:42:24.466  1018  1663 V OpmodeRegistration: registered {PlayJSONTest} as {Play JSON Test}
10-06 14:42:24.475  1018  1289 V Robocol : sending CMD_NOTIFY_USER_DEVICE_LIST(13671), attempt: 0
10-06 14:42:24.476  1018  1289 V Robocol : sending CMD_ROBOT_CONTROLLER_PREFERENCE(13672), attempt: 0
10-06 14:42:24.477  1018  1289 V Robocol : sending CMD_ROBOT_CONTROLLER_PREFERENCE(13673), attempt: 0
10-06 14:42:24.477  1018  1289 V Robocol : sending CMD_ROBOT_CONTROLLER_PREFERENCE(13674), attempt: 0
10-06 14:42:24.478  1018  1289 V Robocol : sending CMD_ROBOT_CONTROLLER_PREFERENCE(13675), attempt: 0
10-06 14:42:24.478  1018  1289 V Robocol : sending CMD_ROBOT_CONTROLLER_PREFERENCE(13676), attempt: 0
10-06 14:42:24.480  1018  1663 V FtcEventLoop: Ensuring that the Control Hub address is set correctly
10-06 14:42:24.480  1018  1289 V Robocol : sending CMD_ROBOT_CONTROLLER_PREFERENCE(13677), attempt: 0
10-06 14:42:24.481  1018  1663 V RobotCore: Creating REV Robotics USB Expansion Hub Portal [(embedded)]
10-06 14:42:24.481  1018  1289 V Robocol : sending CMD_ROBOT_CONTROLLER_PREFERENCE(13678), attempt: 0
10-06 14:42:24.481  1018  1663 V LynxUsb : creating new [(embedded)]: 0x09498e49
10-06 14:42:24.481  1018  1289 V Robocol : sending CMD_ROBOT_CONTROLLER_PREFERENCE(13679), attempt: 0
10-06 14:42:24.482  1018  1289 V Robocol : sending CMD_ROBOT_CONTROLLER_PREFERENCE(13680), attempt: 0
10-06 14:42:24.483  1018  1289 V Robocol : sending CMD_NOTIFY_ROBOT_STATE(13681), attempt: 0
10-06 14:42:24.483  1018  1289 V Robocol : sending CMD_NOTIFY_ROBOT_STATE(13682), attempt: 0
10-06 14:42:24.485  1018  1289 V Robocol : sending CMD_NOTIFY_ACTIVE_CONFIGURATION(13683), attempt: 0
10-06 14:42:24.485  1018  1663 V FtDeviceManager: createDeviceInfoList(): 0 USB devices
10-06 14:42:24.486  1018  1663 V SerialPortNative: [SerialPort.cpp:150] opened(/dev/ttyS1): fd=113
10-06 14:42:24.486  1018  1663 V RobotUsbDeviceTTY: opening serial=(embedded) file=/dev/ttyS1
10-06 14:42:24.487  1018  1663 V LynxUsb : armDevice() serial=(embedded)...
10-06 14:42:24.487  1018  1663 V LynxModule: resetDevice() serial=(embedded)
10-06 14:42:24.488  1018  1663 V LynxModule: resetting embedded usb device: isPresent: was=true
10-06 14:42:24.489  1018  1663 V LynxModuleResetPin: writing aspect=/sys/class/gpio/gpio87/value value=0
10-06 14:42:24.515  1018  1289 V Robocol : sending CMD_NOTIFY_USER_DEVICE_LIST(13684), attempt: 0
10-06 14:42:24.517  1018  1289 V Robocol : sending CMD_NOTIFY_OP_MODE_LIST(13685), attempt: 0
10-06 14:42:24.566  1018  1663 V LynxModuleResetPin: writing aspect=/sys/class/gpio/gpio87/value value=1
10-06 14:42:24.844  1018  1663 V LynxUsb : ...done armDevice()
10-06 14:42:24.844  1018  1663 V LynxUsb : 0x0593c605 on 0x09498e49: new delegate to [(embedded)]
10-06 14:42:24.844  1018  1680 V RobotCore: thread: 'lynx incoming datagrams' starting...
10-06 14:42:24.847  1018  1680 V LynxUsb : synchronization gained: serial=(embedded)
10-06 14:42:24.848  1018  1663 V LynxUsb : Verified that the embedded Control Hub module has the correct address
10-06 14:42:24.848  1018  1663 V LynxModule: close(#173)
10-06 14:42:24.850  1018  1663 V HardwareFactory: createHardwareMap()
10-06 14:42:24.850  1018  1663 V EmbeddedControlHubModule: clearing module
10-06 14:42:24.860  1018  1663 V ReadXMLFileHandler: embedded lynx USB device is already present
10-06 14:42:24.861  1018  1663 V RobotCore: Creating REV Robotics USB Expansion Hub Portal [(embedded)]
10-06 14:42:24.861  1018  1663 V LynxUsb : using existing [(embedded)]: 0x09498e49
10-06 14:42:24.861  1018  1663 V LynxUsb : 0x0e8fbd81 on 0x09498e49: new delegate to [(embedded)]
10-06 14:42:24.861  1018  1663 V RobotCore: Creating Lynx Module - mod=173 parent=true
10-06 14:42:24.863  1018  1663 V LynxUsb : addConfiguredModule() module#=173
10-06 14:42:24.864  1018  1663 V LynxModule: pingAndQueryKnownInterfaces mod=173
10-06 14:42:24.868  1018  1663 V LynxModule: mod#=173 queryInterface(DEKA)=54 commands starting at 4096
10-06 14:42:24.878  1018  1663 V LynxModule: sending LynxFtdiResetControlCommand(true) wasInterrupted=false
10-06 14:42:24.881  1018  1663 V LynxModule: sendLEDPatternSteps(): #steps=1
10-06 14:42:24.882  1018  1682 V LynxModule: received status: LynxGetModuleStatusResponse(status=0x02 alerts=0x00: Reset)
10-06 14:42:24.883  1018  1682 W HubPowerCycle: Expansion Hub 173 regained power after a complete power loss. No user Op Mode was running.
10-06 14:42:24.883  1018  1682 V LynxModule: resendCurrentPattern()
10-06 14:42:24.883  1018  1682 V LynxModule: sendLEDPatternSteps(): #steps=1
10-06 14:42:24.885  1018  1663 V LynxModule: setAsControlHubEmbeddedModule(mod=173)
10-06 14:42:24.886  1018  1663 V LynxMotor: initializeHardware() mod#=173
10-06 14:42:24.915  1018  1663 V RobotCore: DcMotorImpl(type=RevRobotics20HDHexMotor)
10-06 14:42:24.922  1018  1663 V RobotCore: DcMotorImpl(type=RevRobotics20HDHexMotor)
10-06 14:42:24.931  1018  1663 V LynxServoController: initializeHardware() mod#=173
10-06 14:42:24.947  1018  1663 V LynxVoltageSensor: initializeHardware() mod#=173
10-06 14:42:24.948  1018  1663 V LynxAnalogInputController: initializeHardware() mod#=173
10-06 14:42:24.948  1018  1663 V LynxDigitalChannelController: initializeHardware() mod#=173
10-06 14:42:24.959  1018  1663 V RobotCore: Creating user sensor REV Expansion Hub IMU - on Lynx module=173 bus=0
10-06 14:42:24.959  1018  1663 V RobotCore: Creating I2cDeviceSynch (Lynx) - mod=173 bus=0
10-06 14:42:24.959  1018  1663 I RobotCore: LynxFirmwareVersionManager: LynxI2cDeviceSynchV2
10-06 14:42:24.960  1018  1663 V LynxI2cDeviceSynch: initializeHardware() mod#=173
10-06 14:42:24.961  1018  1663 V RobotCore: Creating Webcam [B94FADE0]
10-06 14:42:24.965  1018  1663 I RobotCore: ========= Device Information ===================================================
10-06 14:42:24.965  1018  1663 I RobotCore: Type                                               Name                           Connection
10-06 14:42:24.966  1018  1663 I RobotCore: Expansion Hub DC Motor Controller                  Expansion Hub 2                USB (embedded); module 173
10-06 14:42:24.967  1018  1663 I RobotCore: Expansion Hub Servo Controller                     Expansion Hub 2                USB (embedded); module 173
10-06 14:42:24.967  1018  1663 I RobotCore: Expansion Hub Voltage Sensor                       Expansion Hub 2                USB (embedded); module 173
10-06 14:42:24.968  1018  1663 I RobotCore: Expansion Hub Analog Input Controller              Expansion Hub 2                USB (embedded); module 173
10-06 14:42:24.969  1018  1663 I RobotCore: Expansion Hub Digital Channel Controller           Expansion Hub 2                USB (embedded); module 173
10-06 14:42:24.972  1018  1663 I RobotCore: Expansion Hub (HW: 20, Maj: 1, Min: 8, Eng: 2)     Expansion Hub 2                USB (embedded); module 173
10-06 14:42:24.973  1018  1663 I RobotCore: REV Expansion Hub IMU                              imu                            USB (embedded); module 173; bus 0; addr7=0x00
10-06 14:42:24.974  1018  1663 I RobotCore: Motor                                              leftMotor                      USB (embedded); module 173; port 0
10-06 14:42:24.980  1018  1663 I RobotCore: Logitech HD Pro Webcam C310                        Webcam 1                       USB (B94FADE0)
10-06 14:42:24.981  1018  1663 I RobotCore: Motor                                              rightMotor                     USB (embedded); module 173; port 1
10-06 14:42:24.981  1018  1663 I RobotCore: REV Robotics USB Expansion Hub Portal              Control Hub Portal             USB (embedded)
10-06 14:42:24.988  1018  1663 V LynxUsb : 0x0593c605 on 0x09498e49: releasing delegate to [(embedded)]
10-06 14:42:24.988  1018  1663 I FtcEventLoop: ======= INIT FINISH =======
10-06 14:42:24.988  1018  1663 V RobotCore: EventLoopManager state is RUNNING
10-06 14:42:24.989  1018  1663 V RobotCore: Robot Status: running, starting robot
10-06 14:42:24.990  1018  1663 V RobotCore: Robot Status: running
10-06 14:42:24.992  1018  1663 V RobotCore: thread: ...terminating 'RobotSetupRunnable.run()'
10-06 14:42:24.992  1018  1683 V RobotCore: thread: 'opmode loop()' starting...
10-06 14:42:24.995  1018  1289 V Robocol : sending CMD_NOTIFY_ROBOT_STATE(13708), attempt: 0
10-06 14:42:24.996  1018  1289 V Robocol : sending CMD_SHOW_TOAST(13709), attempt: 0
10-06 14:42:24.998  1018  1155 D SoundPlayer: playing volume=0.000000 samp=1|ms=4506
10-06 14:42:25.001  1018  1683 I RobotCore: Attempting to switch to op mode $Stop$Robot$
10-06 14:42:25.035  1018  1289 V Robocol : sending CMD_PLAY_SOUND(13713), attempt: 0
10-06 14:42:25.035  1018  1289 V Robocol : sending CMD_NOTIFY_INIT_OP_MODE(13714), attempt: 0
10-06 14:42:25.077  1018  1148 V Robocol : received command: CMD_RUN_OP_MODE(20244) $Stop$Robot$
10-06 14:42:25.115  1018  1289 V Robocol : sending CMD_NOTIFY_RUN_OP_MODE(13722), attempt: 0
10-06 14:43:10.359  1018  1148 V Robocol : received command: CMD_SET_MATCH_NUMBER(20903) 0
10-06 14:43:10.360  1018  1148 V Robocol : received command: CMD_INIT_OP_MODE(20904) Record Test
10-06 14:43:10.372  1018  1147 I RobotCore: ******************** START - OPMODE Record Test ********************
10-06 14:43:10.374  1018  1683 I RobotCore: Attempting to switch to op mode Record Test
10-06 14:43:10.454  1018  1686 V RobotCore: thread: 'LinearOpMode main' starting...
10-06 14:43:10.475  1018  1289 V Robocol : sending CMD_NOTIFY_INIT_OP_MODE(14388), attempt: 0
10-06 14:43:18.615  1018  1649 V ProgrammingModeManager: serve uri=/java/file/save
10-06 14:43:21.668  1018  1649 V ProgrammingModeManager: serve uri=/java/file/save
10-06 14:43:21.731  1018  1061 V OnBotJava: build request file changed: 0x00000002 /storage/emulated/0/FIRST/java/control/buildRequest.txt
10-06 14:43:21.731  1018  1139 I ONBOTJAVA_BUILD_MONITOR: Build 1602009801728 is pending
10-06 14:43:21.733  1018  1061 V OnBotJava: build request file changed: 0x00000002 /storage/emulated/0/FIRST/java/control/buildRequest.txt
10-06 14:43:21.733  1018  1687 V OnBotJava: build()...
10-06 14:43:21.734  1018  1649 V ProgrammingModeManager: serve uri=/java/file/save
10-06 14:43:21.744  1018  1687 V OnBotJava: clean()...
10-06 14:43:21.747  1018  1061 I ONBOTJAVA_BUILD_MONITOR: Build 1602009801728 has successfully started
10-06 14:43:21.779  1018  1687 V OnBotJava: ...clean()
10-06 14:43:21.779  1018  1687 V OnBotJava: ensureBuildDirs()...
10-06 14:43:21.795  1018  1687 V OnBotJava: ...ensureBuildDirs()
10-06 14:43:21.795  1018  1687 V OnBotJava: compileJavaFiles()...
10-06 14:43:22.844  1018  1687 V OnBotJava: ...compileJavaFiles()
10-06 14:43:22.847  1018  1687 V OnBotJava: consolidateClassFilesInJar()...
10-06 14:43:22.849  1018  1687 V OnBotJava: consolidating to /storage/emulated/0/FIRST/java/build/jars/onBotJavaJar-2020-10-06+14.43.22-114407160/OnBotJava.jar
10-06 14:43:22.927  1018  1687 V OnBotJava: ...consolidateClassFilesInJar()
10-06 14:43:22.927  1018  1687 V OnBotJava: copyInputJarFiles()...
10-06 14:43:22.931  1018  1687 V OnBotJava: ...copyInputJarFiles()
10-06 14:43:22.932  1018  1687 V OnBotJava: dexifyJarFiles()...
10-06 14:43:22.935  1018  1687 V OnBotJava: dexifying /storage/emulated/0/FIRST/java/build/jars/onBotJavaJar-2020-10-06+14.43.22-114407160/OnBotJava.jar...
10-06 14:43:22.937  1018  1687 I System.out: ignoring input files
10-06 14:43:23.548  1018  1687 V OnBotJava: ...dexifying /storage/emulated/0/FIRST/java/build/jars/onBotJavaJar-2020-10-06+14.43.22-114407160/OnBotJava.jar
10-06 14:43:23.550  1018  1687 V OnBotJava: ...dexifyJarFiles()
10-06 14:43:23.552  1018  1061 V RegisteredOpModes: noting that OnBotJava changed
10-06 14:43:23.552  1018  1061 V RegisteredOpModes: noting that OnBotJava changed
10-06 14:43:23.552  1018  1687 V OnBotJava: onBotJava build finished successfully
10-06 14:43:23.556  1018  1061 I ONBOTJAVA_BUILD_MONITOR: Build 1602009801728 completed with status SUCCESSFUL
10-06 14:43:23.556  1018  1061 V ONBOTJAVA_BUILD_MONITOR: Rejecting the build state transition to SUCCESSFUL, as current build state is SUCCESSFUL
10-06 14:43:23.557  1018  1687 V OnBotJava: ...build()
10-06 14:43:23.558  1018  1683 V OnBotJavaDeterminer: isOnBotJava: class=DefaultOpMode loader=PathClassLoader: false
10-06 14:43:23.558  1018  1683 V OnBotJavaDeterminer: isOnBotJava: class=UltimateV1Auto loader=OnBotJavaClassLoader: true
10-06 14:43:23.558  1018  1683 V OpmodeRegistration: unregistered {UltimateV1Auto}
10-06 14:43:23.558  1018  1683 V OnBotJavaDeterminer: isOnBotJava: class=TankDrive loader=OnBotJavaClassLoader: true
10-06 14:43:23.558  1018  1683 V OpmodeRegistration: unregistered {Tank Drive}
10-06 14:43:23.558  1018  1683 V OnBotJavaDeterminer: isOnBotJava: class=RecordJSONTest loader=OnBotJavaClassLoader: true
10-06 14:43:23.559  1018  1683 V OpmodeRegistration: unregistered {Record Test}
10-06 14:43:23.559  1018  1683 V OnBotJavaDeterminer: isOnBotJava: class=PlayJSONTest loader=OnBotJavaClassLoader: true
10-06 14:43:23.559  1018  1683 V OpmodeRegistration: unregistered {Play JSON Test}
10-06 14:43:23.561  1018  1683 V OnBotJava:ClassLoader: opening DexFile /storage/emulated/0/FIRST/java/build/jars/onBotJavaJar-2020-10-06+14.43.22-114407160/OnBotJava.jar
10-06 14:43:23.593  1018  1649 V ProgrammingModeManager: serve uri=/java/build/wait
10-06 14:43:23.601  1018  1649 V ProgrammingModeManager: serve uri=/java/build/wait
10-06 14:43:23.622  1691  1691 I dex2oat : /system/bin/dex2oat --dex-file=/storage/emulated/0/FIRST/java/build/jars/onBotJavaJar-2020-10-06+14.43.22-114407160/OnBotJava.jar --oat-fd=118 --oat-location=/data/user/0/com.qualcomm.ftcrobotcontroller/code_cache/@storage@emulated@0@FIRST@java@build@jars@onBotJavaJar-2020-10-06+14.43.22-114407160@OnBotJava.jar@classes.dex --compiler-filter=speed
10-06 14:43:23.714  1691  1691 I dex2oat : dex2oat took 93.676ms (threads: 4) arena alloc=1095KB (1121864B) java alloc=71KB (73208B) native alloc=493KB (505760B) free=2MB (2115680B)
10-06 14:43:23.721  1018  1683 I OnBotJavaHelperImpl: /storage/emulated/0/FIRST/java/build/jars/onBotJavaJar-2020-10-06+14.43.22-114407160/OnBotJava.jar: Autonomous.Location
10-06 14:43:23.721  1018  1683 I OnBotJavaHelperImpl: /storage/emulated/0/FIRST/java/build/jars/onBotJavaJar-2020-10-06+14.43.22-114407160/OnBotJava.jar: Autonomous.OpModes.PlayJSONTest
10-06 14:43:23.721  1018  1683 I OnBotJavaHelperImpl: /storage/emulated/0/FIRST/java/build/jars/onBotJavaJar-2020-10-06+14.43.22-114407160/OnBotJava.jar: Autonomous.OpModes.RecordJSONTest
10-06 14:43:23.721  1018  1683 I OnBotJavaHelperImpl: /storage/emulated/0/FIRST/java/build/jars/onBotJavaJar-2020-10-06+14.43.22-114407160/OnBotJava.jar: Autonomous.OpModes.UltimateV1Auto
10-06 14:43:23.721  1018  1683 I OnBotJavaHelperImpl: /storage/emulated/0/FIRST/java/build/jars/onBotJavaJar-2020-10-06+14.43.22-114407160/OnBotJava.jar: Autonomous.Rectangle
10-06 14:43:23.721  1018  1683 I OnBotJavaHelperImpl: /storage/emulated/0/FIRST/java/build/jars/onBotJavaJar-2020-10-06+14.43.22-114407160/OnBotJava.jar: Autonomous.Shape
10-06 14:43:23.721  1018  1683 I OnBotJavaHelperImpl: /storage/emulated/0/FIRST/java/build/jars/onBotJavaJar-2020-10-06+14.43.22-114407160/OnBotJava.jar: Autonomous.VisionHelperSkyStone$1
10-06 14:43:23.721  1018  1683 I OnBotJavaHelperImpl: /storage/emulated/0/FIRST/java/build/jars/onBotJavaJar-2020-10-06+14.43.22-114407160/OnBotJava.jar: Autonomous.VisionHelperSkyStone
10-06 14:43:23.721  1018  1683 I OnBotJavaHelperImpl: /storage/emulated/0/FIRST/java/build/jars/onBotJavaJar-2020-10-06+14.43.22-114407160/OnBotJava.jar: Autonomous.VuforiaHelper
10-06 14:43:23.721  1018  1683 I OnBotJavaHelperImpl: /storage/emulated/0/FIRST/java/build/jars/onBotJavaJar-2020-10-06+14.43.22-114407160/OnBotJava.jar: UserControlled.JoystickHandler
10-06 14:43:23.721  1018  1683 I OnBotJavaHelperImpl: /storage/emulated/0/FIRST/java/build/jars/onBotJavaJar-2020-10-06+14.43.22-114407160/OnBotJava.jar: UserControlled.TankDrive
10-06 14:43:23.724  1018  1683 V OnBotJava:ClassLoader: opening DexFile /storage/emulated/0/FIRST/java/build/jars/onBotJavaJar-2020-10-06+14.43.22-114407160/OnBotJava.jar
10-06 14:43:23.729  1018  1683 V OnBotJava:ClassLoader: From /storage/emulated/0/FIRST/java/build/jars/onBotJavaJar-2020-10-06+14.43.22-114407160/OnBotJava.jar loaded: UserControlled.JoystickHandler
10-06 14:43:23.729  1018  1683 V OnBotJava:ClassLoader: From /storage/emulated/0/FIRST/java/build/jars/onBotJavaJar-2020-10-06+14.43.22-114407160/OnBotJava.jar loaded: Autonomous.VisionHelperSkyStone
10-06 14:43:23.730  1018  1683 V OnBotJava:ClassLoader: From /storage/emulated/0/FIRST/java/build/jars/onBotJavaJar-2020-10-06+14.43.22-114407160/OnBotJava.jar loaded: Autonomous.OpModes.PlayJSONTest
10-06 14:43:23.730  1018  1683 V OnBotJava:ClassLoader: From /storage/emulated/0/FIRST/java/build/jars/onBotJavaJar-2020-10-06+14.43.22-114407160/OnBotJava.jar loaded: Autonomous.Location
10-06 14:43:23.730  1018  1683 V OnBotJava:ClassLoader: From /storage/emulated/0/FIRST/java/build/jars/onBotJavaJar-2020-10-06+14.43.22-114407160/OnBotJava.jar loaded: Autonomous.Shape
10-06 14:43:23.730  1018  1683 V OnBotJava:ClassLoader: From /storage/emulated/0/FIRST/java/build/jars/onBotJavaJar-2020-10-06+14.43.22-114407160/OnBotJava.jar loaded: Autonomous.OpModes.RecordJSONTest
10-06 14:43:23.731  1018  1683 V OnBotJava:ClassLoader: From /storage/emulated/0/FIRST/java/build/jars/onBotJavaJar-2020-10-06+14.43.22-114407160/OnBotJava.jar loaded: Autonomous.VisionHelperSkyStone$1
10-06 14:43:23.731  1018  1683 V OnBotJava:ClassLoader: From /storage/emulated/0/FIRST/java/build/jars/onBotJavaJar-2020-10-06+14.43.22-114407160/OnBotJava.jar loaded: Autonomous.VuforiaHelper
10-06 14:43:23.731  1018  1683 V OnBotJava:ClassLoader: From /storage/emulated/0/FIRST/java/build/jars/onBotJavaJar-2020-10-06+14.43.22-114407160/OnBotJava.jar loaded: Autonomous.OpModes.UltimateV1Auto
